[1.878s] Invoking command in '/home/orsted-793/Documents/AGV_EEPIS/build/bringup': DEBUGINFOD_URLS=https://debuginfod.ubuntu.com PYTHONPATH=/home/orsted-793/Documents/AGV_EEPIS/build/bringup/prefix_override:/usr/lib/python3/dist-packages/colcon_core/task/python/colcon_distutils_commands:/home/orsted-793/Documents/AGV_EEPIS/install/bringup/lib/python3.12/site-packages:${PYTHONPATH} /usr/bin/python3 -W ignore:setup.py install is deprecated -W ignore:easy_install command is deprecated setup.py develop --editable --build-directory /home/orsted-793/Documents/AGV_EEPIS/build/bringup/build --no-deps symlink_data
[2.394s] running develop
[2.675s] running egg_info
[2.675s] creating bringup.egg-info
[2.703s] writing bringup.egg-info/PKG-INFO
[2.703s] writing dependency_links to bringup.egg-info/dependency_links.txt
[2.704s] writing requirements to bringup.egg-info/requires.txt
[2.704s] writing top-level names to bringup.egg-info/top_level.txt
[2.704s] writing manifest file 'bringup.egg-info/SOURCES.txt'
[2.758s] reading manifest file 'bringup.egg-info/SOURCES.txt'
[2.759s] writing manifest file 'bringup.egg-info/SOURCES.txt'
[2.787s] running build_ext
[2.787s] Creating /home/orsted-793/Documents/AGV_EEPIS/install/bringup/lib/python3.12/site-packages/bringup.egg-link (link to .)
[2.788s] 
[2.790s] Installed /home/orsted-793/Documents/AGV_EEPIS/build/bringup
[2.790s] running symlink_data
[2.790s] creating /home/orsted-793/Documents/AGV_EEPIS/install/bringup/share/ament_index
[2.790s] creating /home/orsted-793/Documents/AGV_EEPIS/install/bringup/share/ament_index/resource_index
[2.791s] creating /home/orsted-793/Documents/AGV_EEPIS/install/bringup/share/ament_index/resource_index/packages
[2.791s] symbolically linking /home/orsted-793/Documents/AGV_EEPIS/build/bringup/resource/bringup -> /home/orsted-793/Documents/AGV_EEPIS/install/bringup/share/ament_index/resource_index/packages
[2.791s] symbolically linking /home/orsted-793/Documents/AGV_EEPIS/build/bringup/package.xml -> /home/orsted-793/Documents/AGV_EEPIS/install/bringup/share/bringup
[2.850s] Invoked command in '/home/orsted-793/Documents/AGV_EEPIS/build/bringup' returned '0': DEBUGINFOD_URLS=https://debuginfod.ubuntu.com PYTHONPATH=/home/orsted-793/Documents/AGV_EEPIS/build/bringup/prefix_override:/usr/lib/python3/dist-packages/colcon_core/task/python/colcon_distutils_commands:/home/orsted-793/Documents/AGV_EEPIS/install/bringup/lib/python3.12/site-packages:${PYTHONPATH} /usr/bin/python3 -W ignore:setup.py install is deprecated -W ignore:easy_install command is deprecated setup.py develop --editable --build-directory /home/orsted-793/Documents/AGV_EEPIS/build/bringup/build --no-deps symlink_data
