[6.548s] Invoking command in '/home/orsted/AGV_EEPIS/build/drive_controller': DEBUGINFOD_URLS=https://debuginfod.ubuntu.com PYTHONPATH=/home/orsted/AGV_EEPIS/build/drive_controller/prefix_override:/usr/lib/python3/dist-packages/colcon_core/task/python/colcon_distutils_commands:/home/orsted/AGV_EEPIS/install/drive_controller/lib/python3.12/site-packages:${PYTHONPATH} /usr/bin/python3 -W ignore:setup.py install is deprecated -W ignore:easy_install command is deprecated setup.py develop --editable --build-directory /home/orsted/AGV_EEPIS/build/drive_controller/build --no-deps symlink_data
[7.586s] running develop
[8.163s] running egg_info
[8.164s] creating drive_controller.egg-info
[8.232s] writing drive_controller.egg-info/PKG-INFO
[8.233s] writing dependency_links to drive_controller.egg-info/dependency_links.txt
[8.233s] writing entry points to drive_controller.egg-info/entry_points.txt
[8.236s] writing requirements to drive_controller.egg-info/requires.txt
[8.236s] writing top-level names to drive_controller.egg-info/top_level.txt
[8.236s] writing manifest file 'drive_controller.egg-info/SOURCES.txt'
[8.356s] reading manifest file 'drive_controller.egg-info/SOURCES.txt'
[8.361s] writing manifest file 'drive_controller.egg-info/SOURCES.txt'
[8.427s] running build_ext
[8.427s] Creating /home/orsted/AGV_EEPIS/install/drive_controller/lib/python3.12/site-packages/drive-controller.egg-link (link to .)
[8.427s] Installing kinematics_node script to /home/orsted/AGV_EEPIS/install/drive_controller/lib/drive_controller
[8.427s] 
[8.428s] Installed /home/orsted/AGV_EEPIS/build/drive_controller
[8.428s] running symlink_data
[8.432s] creating /home/orsted/AGV_EEPIS/install/drive_controller/share/ament_index
[8.432s] creating /home/orsted/AGV_EEPIS/install/drive_controller/share/ament_index/resource_index
[8.433s] creating /home/orsted/AGV_EEPIS/install/drive_controller/share/ament_index/resource_index/packages
[8.433s] symbolically linking /home/orsted/AGV_EEPIS/build/drive_controller/resource/drive_controller -> /home/orsted/AGV_EEPIS/install/drive_controller/share/ament_index/resource_index/packages
[8.433s] symbolically linking /home/orsted/AGV_EEPIS/build/drive_controller/package.xml -> /home/orsted/AGV_EEPIS/install/drive_controller/share/drive_controller
[8.433s] creating /home/orsted/AGV_EEPIS/install/drive_controller/share/drive_controller/launch
[8.433s] symbolically linking /home/orsted/AGV_EEPIS/build/drive_controller/launch/bringup.launch.py -> /home/orsted/AGV_EEPIS/install/drive_controller/share/drive_controller/launch
[8.433s] creating /home/orsted/AGV_EEPIS/install/drive_controller/share/drive_controller/config
[9.347s] Invoked command in '/home/orsted/AGV_EEPIS/build/drive_controller' returned '0': DEBUGINFOD_URLS=https://debuginfod.ubuntu.com PYTHONPATH=/home/orsted/AGV_EEPIS/build/drive_controller/prefix_override:/usr/lib/python3/dist-packages/colcon_core/task/python/colcon_distutils_commands:/home/orsted/AGV_EEPIS/install/drive_controller/lib/python3.12/site-packages:${PYTHONPATH} /usr/bin/python3 -W ignore:setup.py install is deprecated -W ignore:easy_install command is deprecated setup.py develop --editable --build-directory /home/orsted/AGV_EEPIS/build/drive_controller/build --no-deps symlink_data
