[7.565s] Invoking command in '/home/orsted/AGV_EEPIS/build/ddmr_description': DEBUGINFOD_URLS=https://debuginfod.ubuntu.com PYTHONPATH=/home/orsted/AGV_EEPIS/build/ddmr_description/prefix_override:/usr/lib/python3/dist-packages/colcon_core/task/python/colcon_distutils_commands:/home/orsted/AGV_EEPIS/install/ddmr_description/lib/python3.12/site-packages:${PYTHONPATH} /usr/bin/python3 -W ignore:setup.py install is deprecated -W ignore:easy_install command is deprecated setup.py develop --editable --build-directory /home/orsted/AGV_EEPIS/build/ddmr_description/build --no-deps symlink_data
[9.340s] running develop
[9.340s] running egg_info
[9.341s] creating ddmr_description.egg-info
[9.341s] writing ddmr_description.egg-info/PKG-INFO
[9.341s] writing dependency_links to ddmr_description.egg-info/dependency_links.txt
[9.341s] writing requirements to ddmr_description.egg-info/requires.txt
[9.341s] writing top-level names to ddmr_description.egg-info/top_level.txt
[9.341s] writing manifest file 'ddmr_description.egg-info/SOURCES.txt'
[9.388s] reading manifest file 'ddmr_description.egg-info/SOURCES.txt'
[9.388s] writing manifest file 'ddmr_description.egg-info/SOURCES.txt'
[9.468s] running build_ext
[9.472s] Creating /home/orsted/AGV_EEPIS/install/ddmr_description/lib/python3.12/site-packages/ddmr-description.egg-link (link to .)
[9.472s] 
[9.473s] Installed /home/orsted/AGV_EEPIS/build/ddmr_description
[9.473s] running symlink_data
[9.473s] creating /home/orsted/AGV_EEPIS/install/ddmr_description/share/ament_index
[9.473s] creating /home/orsted/AGV_EEPIS/install/ddmr_description/share/ament_index/resource_index
[9.473s] creating /home/orsted/AGV_EEPIS/install/ddmr_description/share/ament_index/resource_index/packages
[9.473s] symbolically linking /home/orsted/AGV_EEPIS/build/ddmr_description/resource/ddmr_description -> /home/orsted/AGV_EEPIS/install/ddmr_description/share/ament_index/resource_index/packages
[9.474s] symbolically linking /home/orsted/AGV_EEPIS/build/ddmr_description/package.xml -> /home/orsted/AGV_EEPIS/install/ddmr_description/share/ddmr_description
[9.474s] creating /home/orsted/AGV_EEPIS/install/ddmr_description/share/ddmr_description/launch
[9.474s] symbolically linking /home/orsted/AGV_EEPIS/build/ddmr_description/launch/display.launch.py -> /home/orsted/AGV_EEPIS/install/ddmr_description/share/ddmr_description/launch
[9.474s] symbolically linking /home/orsted/AGV_EEPIS/build/ddmr_description/launch/gazebo.launch.py -> /home/orsted/AGV_EEPIS/install/ddmr_description/share/ddmr_description/launch
[9.474s] creating /home/orsted/AGV_EEPIS/install/ddmr_description/share/ddmr_description/urdf
[9.474s] symbolically linking /home/orsted/AGV_EEPIS/build/ddmr_description/urdf/ddmr.gazebo -> /home/orsted/AGV_EEPIS/install/ddmr_description/share/ddmr_description/urdf
[9.474s] symbolically linking /home/orsted/AGV_EEPIS/build/ddmr_description/urdf/ddmr.xacro -> /home/orsted/AGV_EEPIS/install/ddmr_description/share/ddmr_description/urdf
[9.475s] symbolically linking /home/orsted/AGV_EEPIS/build/ddmr_description/urdf/materials.xacro -> /home/orsted/AGV_EEPIS/install/ddmr_description/share/ddmr_description/urdf
[9.475s] symbolically linking /home/orsted/AGV_EEPIS/build/ddmr_description/urdf/ddmr.ros2control -> /home/orsted/AGV_EEPIS/install/ddmr_description/share/ddmr_description/urdf
[9.475s] creating /home/orsted/AGV_EEPIS/install/ddmr_description/share/ddmr_description/meshes
[9.475s] symbolically linking /home/orsted/AGV_EEPIS/build/ddmr_description/meshes/camera_link.stl -> /home/orsted/AGV_EEPIS/install/ddmr_description/share/ddmr_description/meshes
[9.475s] symbolically linking /home/orsted/AGV_EEPIS/build/ddmr_description/meshes/rwheel.stl -> /home/orsted/AGV_EEPIS/install/ddmr_description/share/ddmr_description/meshes
[9.475s] symbolically linking /home/orsted/AGV_EEPIS/build/ddmr_description/meshes/base_link.stl -> /home/orsted/AGV_EEPIS/install/ddmr_description/share/ddmr_description/meshes
[9.475s] symbolically linking /home/orsted/AGV_EEPIS/build/ddmr_description/meshes/lwheel.stl -> /home/orsted/AGV_EEPIS/install/ddmr_description/share/ddmr_description/meshes
[9.476s] creating /home/orsted/AGV_EEPIS/install/ddmr_description/share/ddmr_description/config
[9.476s] symbolically linking /home/orsted/AGV_EEPIS/build/ddmr_description/config/ros_gz_bridge_gazebo.yaml -> /home/orsted/AGV_EEPIS/install/ddmr_description/share/ddmr_description/config
[9.487s] symbolically linking /home/orsted/AGV_EEPIS/build/ddmr_description/config/display.rviz -> /home/orsted/AGV_EEPIS/install/ddmr_description/share/ddmr_description/config
[9.488s] symbolically linking /home/orsted/AGV_EEPIS/build/ddmr_description/config/gazebo.rviz -> /home/orsted/AGV_EEPIS/install/ddmr_description/share/ddmr_description/config
[10.225s] Invoked command in '/home/orsted/AGV_EEPIS/build/ddmr_description' returned '0': DEBUGINFOD_URLS=https://debuginfod.ubuntu.com PYTHONPATH=/home/orsted/AGV_EEPIS/build/ddmr_description/prefix_override:/usr/lib/python3/dist-packages/colcon_core/task/python/colcon_distutils_commands:/home/orsted/AGV_EEPIS/install/ddmr_description/lib/python3.12/site-packages:${PYTHONPATH} /usr/bin/python3 -W ignore:setup.py install is deprecated -W ignore:easy_install command is deprecated setup.py develop --editable --build-directory /home/orsted/AGV_EEPIS/build/ddmr_description/build --no-deps symlink_data
