[4.558s] Invoking command in '/home/orsted/AGV_EEPIS/build/ultrasonic': DEBUGINFOD_URLS=https://debuginfod.ubuntu.com PYTHONPATH=/home/orsted/AGV_EEPIS/build/ultrasonic/prefix_override:/usr/lib/python3/dist-packages/colcon_core/task/python/colcon_distutils_commands:/home/orsted/AGV_EEPIS/install/ultrasonic/lib/python3.12/site-packages:${PYTHONPATH} /usr/bin/python3 -W ignore:setup.py install is deprecated -W ignore:easy_install command is deprecated setup.py develop --editable --build-directory /home/orsted/AGV_EEPIS/build/ultrasonic/build --no-deps symlink_data
[5.566s] running develop
[6.189s] running egg_info
[6.190s] creating ultrasonic.egg-info
[6.253s] writing ultrasonic.egg-info/PKG-INFO
[6.254s] writing dependency_links to ultrasonic.egg-info/dependency_links.txt
[6.254s] writing requirements to ultrasonic.egg-info/requires.txt
[6.255s] writing top-level names to ultrasonic.egg-info/top_level.txt
[6.255s] writing manifest file 'ultrasonic.egg-info/SOURCES.txt'
[6.377s] reading manifest file 'ultrasonic.egg-info/SOURCES.txt'
[6.379s] writing manifest file 'ultrasonic.egg-info/SOURCES.txt'
[6.445s] running build_ext
[6.445s] Creating /home/orsted/AGV_EEPIS/install/ultrasonic/lib/python3.12/site-packages/ultrasonic.egg-link (link to .)
[6.447s] 
[6.447s] Installed /home/orsted/AGV_EEPIS/build/ultrasonic
[6.447s] running symlink_data
[6.447s] creating /home/orsted/AGV_EEPIS/install/ultrasonic/share/ament_index
[6.448s] creating /home/orsted/AGV_EEPIS/install/ultrasonic/share/ament_index/resource_index
[6.448s] creating /home/orsted/AGV_EEPIS/install/ultrasonic/share/ament_index/resource_index/packages
[6.448s] symbolically linking /home/orsted/AGV_EEPIS/build/ultrasonic/resource/ultrasonic -> /home/orsted/AGV_EEPIS/install/ultrasonic/share/ament_index/resource_index/packages
[6.448s] symbolically linking /home/orsted/AGV_EEPIS/build/ultrasonic/package.xml -> /home/orsted/AGV_EEPIS/install/ultrasonic/share/ultrasonic
[6.628s] Invoked command in '/home/orsted/AGV_EEPIS/build/ultrasonic' returned '0': DEBUGINFOD_URLS=https://debuginfod.ubuntu.com PYTHONPATH=/home/orsted/AGV_EEPIS/build/ultrasonic/prefix_override:/usr/lib/python3/dist-packages/colcon_core/task/python/colcon_distutils_commands:/home/orsted/AGV_EEPIS/install/ultrasonic/lib/python3.12/site-packages:${PYTHONPATH} /usr/bin/python3 -W ignore:setup.py install is deprecated -W ignore:easy_install command is deprecated setup.py develop --editable --build-directory /home/orsted/AGV_EEPIS/build/ultrasonic/build --no-deps symlink_data
