[4.929s] Invoking command in '/home/orsted/AGV_EEPIS/build/model_description': DEBUGINFOD_URLS=https://debuginfod.ubuntu.com PYTHONPATH=/home/orsted/AGV_EEPIS/build/model_description/prefix_override:/usr/lib/python3/dist-packages/colcon_core/task/python/colcon_distutils_commands:/home/orsted/AGV_EEPIS/install/model_description/lib/python3.12/site-packages:${PYTHONPATH} VIRTUAL_ENV_PROMPT=(.venv) /usr/bin/python3 -W ignore:setup.py install is deprecated -W ignore:easy_install command is deprecated setup.py develop --editable --build-directory /home/orsted/AGV_EEPIS/build/model_description/build --no-deps symlink_data
[5.684s] running develop
[6.113s] running egg_info
[6.113s] creating model_description.egg-info
[6.154s] writing model_description.egg-info/PKG-INFO
[6.157s] writing dependency_links to model_description.egg-info/dependency_links.txt
[6.158s] writing requirements to model_description.egg-info/requires.txt
[6.158s] writing top-level names to model_description.egg-info/top_level.txt
[6.158s] writing manifest file 'model_description.egg-info/SOURCES.txt'
[6.246s] reading manifest file 'model_description.egg-info/SOURCES.txt'
[6.247s] writing manifest file 'model_description.egg-info/SOURCES.txt'
[6.293s] running build_ext
[6.301s] Creating /home/orsted/AGV_EEPIS/install/model_description/lib/python3.12/site-packages/model-description.egg-link (link to .)
[6.301s] 
[6.302s] Installed /home/orsted/AGV_EEPIS/build/model_description
[6.302s] running symlink_data
[6.302s] creating /home/orsted/AGV_EEPIS/install/model_description/share/ament_index
[6.302s] creating /home/orsted/AGV_EEPIS/install/model_description/share/ament_index/resource_index
[6.302s] creating /home/orsted/AGV_EEPIS/install/model_description/share/ament_index/resource_index/packages
[6.302s] symbolically linking /home/orsted/AGV_EEPIS/build/model_description/resource/model_description -> /home/orsted/AGV_EEPIS/install/model_description/share/ament_index/resource_index/packages
[6.305s] symbolically linking /home/orsted/AGV_EEPIS/build/model_description/package.xml -> /home/orsted/AGV_EEPIS/install/model_description/share/model_description
[6.306s] creating /home/orsted/AGV_EEPIS/install/model_description/share/model_description/launch
[6.306s] symbolically linking /home/orsted/AGV_EEPIS/build/model_description/launch/agv_spawn.launch.py -> /home/orsted/AGV_EEPIS/install/model_description/share/model_description/launch
[6.306s] symbolically linking /home/orsted/AGV_EEPIS/build/model_description/launch/agv_world.launch.py -> /home/orsted/AGV_EEPIS/install/model_description/share/model_description/launch
[6.306s] symbolically linking /home/orsted/AGV_EEPIS/build/model_description/launch/state_publisher.launch.py -> /home/orsted/AGV_EEPIS/install/model_description/share/model_description/launch
[6.306s] creating /home/orsted/AGV_EEPIS/install/model_description/share/model_description/urdf
[6.306s] symbolically linking /home/orsted/AGV_EEPIS/build/model_description/urdf/materials.xacro -> /home/orsted/AGV_EEPIS/install/model_description/share/model_description/urdf
[6.307s] symbolically linking /home/orsted/AGV_EEPIS/build/model_description/urdf/model.gazebo -> /home/orsted/AGV_EEPIS/install/model_description/share/model_description/urdf
[6.307s] symbolically linking /home/orsted/AGV_EEPIS/build/model_description/urdf/model.xacro -> /home/orsted/AGV_EEPIS/install/model_description/share/model_description/urdf
[6.307s] symbolically linking /home/orsted/AGV_EEPIS/build/model_description/urdf/camera.xacro -> /home/orsted/AGV_EEPIS/install/model_description/share/model_description/urdf
[6.307s] symbolically linking /home/orsted/AGV_EEPIS/build/model_description/urdf/model.ros2control -> /home/orsted/AGV_EEPIS/install/model_description/share/model_description/urdf
[6.307s] creating /home/orsted/AGV_EEPIS/install/model_description/share/model_description/meshes
[6.307s] symbolically linking /home/orsted/AGV_EEPIS/build/model_description/meshes/stacker_fork_1.stl -> /home/orsted/AGV_EEPIS/install/model_description/share/model_description/meshes
[6.313s] symbolically linking /home/orsted/AGV_EEPIS/build/model_description/meshes/l_caster_wheel_1.stl -> /home/orsted/AGV_EEPIS/install/model_description/share/model_description/meshes
[6.313s] symbolically linking /home/orsted/AGV_EEPIS/build/model_description/meshes/r_caster_1.stl -> /home/orsted/AGV_EEPIS/install/model_description/share/model_description/meshes
[6.314s] symbolically linking /home/orsted/AGV_EEPIS/build/model_description/meshes/l_wheel_1.stl -> /home/orsted/AGV_EEPIS/install/model_description/share/model_description/meshes
[6.314s] symbolically linking /home/orsted/AGV_EEPIS/build/model_description/meshes/base_link.stl -> /home/orsted/AGV_EEPIS/install/model_description/share/model_description/meshes
[6.314s] symbolically linking /home/orsted/AGV_EEPIS/build/model_description/meshes/steering_1.stl -> /home/orsted/AGV_EEPIS/install/model_description/share/model_description/meshes
[6.314s] symbolically linking /home/orsted/AGV_EEPIS/build/model_description/meshes/l_static_wheel_1.stl -> /home/orsted/AGV_EEPIS/install/model_description/share/model_description/meshes
[6.314s] symbolically linking /home/orsted/AGV_EEPIS/build/model_description/meshes/l_caster_1.stl -> /home/orsted/AGV_EEPIS/install/model_description/share/model_description/meshes
[6.314s] symbolically linking /home/orsted/AGV_EEPIS/build/model_description/meshes/r_wheel_1.stl -> /home/orsted/AGV_EEPIS/install/model_description/share/model_description/meshes
[6.314s] symbolically linking /home/orsted/AGV_EEPIS/build/model_description/meshes/steer_head_1.stl -> /home/orsted/AGV_EEPIS/install/model_description/share/model_description/meshes
[6.314s] symbolically linking /home/orsted/AGV_EEPIS/build/model_description/meshes/r_static_wheel_1.stl -> /home/orsted/AGV_EEPIS/install/model_description/share/model_description/meshes
[6.315s] symbolically linking /home/orsted/AGV_EEPIS/build/model_description/meshes/r_caster_wheel_1.stl -> /home/orsted/AGV_EEPIS/install/model_description/share/model_description/meshes
[6.315s] symbolically linking /home/orsted/AGV_EEPIS/build/model_description/meshes/stacker_slider_1.stl -> /home/orsted/AGV_EEPIS/install/model_description/share/model_description/meshes
[6.315s] creating /home/orsted/AGV_EEPIS/install/model_description/share/model_description/config
[6.315s] symbolically linking /home/orsted/AGV_EEPIS/build/model_description/config/ros_gz_bridge_gazebo.yaml -> /home/orsted/AGV_EEPIS/install/model_description/share/model_description/config
[6.315s] symbolically linking /home/orsted/AGV_EEPIS/build/model_description/config/display.rviz -> /home/orsted/AGV_EEPIS/install/model_description/share/model_description/config
[6.315s] symbolically linking /home/orsted/AGV_EEPIS/build/model_description/config/gazebo.rviz -> /home/orsted/AGV_EEPIS/install/model_description/share/model_description/config
[6.315s] creating /home/orsted/AGV_EEPIS/install/model_description/share/model_description/params
[6.315s] symbolically linking /home/orsted/AGV_EEPIS/build/model_description/params/agv_bridge.yaml -> /home/orsted/AGV_EEPIS/install/model_description/share/model_description/params
[6.315s] creating /home/orsted/AGV_EEPIS/install/model_description/share/model_description/turtlebot3_world
[6.315s] symbolically linking /home/orsted/AGV_EEPIS/build/model_description/turtlebot3_world/model-1_4.sdf -> /home/orsted/AGV_EEPIS/install/model_description/share/model_description/turtlebot3_world
[6.316s] symbolically linking /home/orsted/AGV_EEPIS/build/model_description/turtlebot3_world/model.config -> /home/orsted/AGV_EEPIS/install/model_description/share/model_description/turtlebot3_world
[6.316s] symbolically linking /home/orsted/AGV_EEPIS/build/model_description/turtlebot3_world/model.sdf -> /home/orsted/AGV_EEPIS/install/model_description/share/model_description/turtlebot3_world
[6.316s] symbolically linking /home/orsted/AGV_EEPIS/build/model_description/turtlebot3_world/turtlebot3_world.world -> /home/orsted/AGV_EEPIS/install/model_description/share/model_description/turtlebot3_world
[6.316s] creating /home/orsted/AGV_EEPIS/install/model_description/share/model_description/turtlebot3_world/meshes
[6.316s] symbolically linking /home/orsted/AGV_EEPIS/build/model_description/turtlebot3_world/meshes/wall.dae -> /home/orsted/AGV_EEPIS/install/model_description/share/model_description/turtlebot3_world/meshes
[6.316s] symbolically linking /home/orsted/AGV_EEPIS/build/model_description/turtlebot3_world/meshes/hexagon.dae -> /home/orsted/AGV_EEPIS/install/model_description/share/model_description/turtlebot3_world/meshes
[6.453s] Invoked command in '/home/orsted/AGV_EEPIS/build/model_description' returned '0': DEBUGINFOD_URLS=https://debuginfod.ubuntu.com PYTHONPATH=/home/orsted/AGV_EEPIS/build/model_description/prefix_override:/usr/lib/python3/dist-packages/colcon_core/task/python/colcon_distutils_commands:/home/orsted/AGV_EEPIS/install/model_description/lib/python3.12/site-packages:${PYTHONPATH} VIRTUAL_ENV_PROMPT=(.venv) /usr/bin/python3 -W ignore:setup.py install is deprecated -W ignore:easy_install command is deprecated setup.py develop --editable --build-directory /home/orsted/AGV_EEPIS/build/model_description/build --no-deps symlink_data
