[5.009s] Invoking command in '/home/orsted/AGV_EEPIS/build/drive_controller': DEBUGINFOD_URLS=https://debuginfod.ubuntu.com PYTHONPATH=/home/orsted/AGV_EEPIS/build/drive_controller/prefix_override:/usr/lib/python3/dist-packages/colcon_core/task/python/colcon_distutils_commands:/home/orsted/AGV_EEPIS/install/drive_controller/lib/python3.12/site-packages:${PYTHONPATH} VIRTUAL_ENV_PROMPT=(.venv) /usr/bin/python3 -W ignore:setup.py install is deprecated -W ignore:easy_install command is deprecated setup.py develop --editable --build-directory /home/orsted/AGV_EEPIS/build/drive_controller/build --no-deps symlink_data
[5.740s] running develop
[6.165s] running egg_info
[6.166s] creating drive_controller.egg-info
[6.206s] writing drive_controller.egg-info/PKG-INFO
[6.208s] writing dependency_links to drive_controller.egg-info/dependency_links.txt
[6.208s] writing entry points to drive_controller.egg-info/entry_points.txt
[6.209s] writing requirements to drive_controller.egg-info/requires.txt
[6.209s] writing top-level names to drive_controller.egg-info/top_level.txt
[6.210s] writing manifest file 'drive_controller.egg-info/SOURCES.txt'
[6.302s] reading manifest file 'drive_controller.egg-info/SOURCES.txt'
[6.313s] writing manifest file 'drive_controller.egg-info/SOURCES.txt'
[6.355s] running build_ext
[6.355s] Creating /home/orsted/AGV_EEPIS/install/drive_controller/lib/python3.12/site-packages/drive-controller.egg-link (link to .)
[6.357s] Installing kinematics_node script to /home/orsted/AGV_EEPIS/install/drive_controller/lib/drive_controller
[6.362s] 
[6.362s] Installed /home/orsted/AGV_EEPIS/build/drive_controller
[6.362s] running symlink_data
[6.362s] creating /home/orsted/AGV_EEPIS/install/drive_controller/share/ament_index
[6.363s] creating /home/orsted/AGV_EEPIS/install/drive_controller/share/ament_index/resource_index
[6.363s] creating /home/orsted/AGV_EEPIS/install/drive_controller/share/ament_index/resource_index/packages
[6.363s] symbolically linking /home/orsted/AGV_EEPIS/build/drive_controller/resource/drive_controller -> /home/orsted/AGV_EEPIS/install/drive_controller/share/ament_index/resource_index/packages
[6.363s] symbolically linking /home/orsted/AGV_EEPIS/build/drive_controller/package.xml -> /home/orsted/AGV_EEPIS/install/drive_controller/share/drive_controller
[6.363s] creating /home/orsted/AGV_EEPIS/install/drive_controller/share/drive_controller/launch
[6.363s] symbolically linking /home/orsted/AGV_EEPIS/build/drive_controller/launch/bringup.launch.py -> /home/orsted/AGV_EEPIS/install/drive_controller/share/drive_controller/launch
[6.363s] creating /home/orsted/AGV_EEPIS/install/drive_controller/share/drive_controller/config
[6.523s] Invoked command in '/home/orsted/AGV_EEPIS/build/drive_controller' returned '0': DEBUGINFOD_URLS=https://debuginfod.ubuntu.com PYTHONPATH=/home/orsted/AGV_EEPIS/build/drive_controller/prefix_override:/usr/lib/python3/dist-packages/colcon_core/task/python/colcon_distutils_commands:/home/orsted/AGV_EEPIS/install/drive_controller/lib/python3.12/site-packages:${PYTHONPATH} VIRTUAL_ENV_PROMPT=(.venv) /usr/bin/python3 -W ignore:setup.py install is deprecated -W ignore:easy_install command is deprecated setup.py develop --editable --build-directory /home/orsted/AGV_EEPIS/build/drive_controller/build --no-deps symlink_data
