[6.356s] Invoking command in '/home/orsted/AGV_EEPIS/build/drive_controller': PYTHONPATH=/home/orsted/AGV_EEPIS/build/drive_controller/prefix_override:/usr/lib/python3/dist-packages/colcon_core/task/python/colcon_distutils_commands:/home/orsted/AGV_EEPIS/install/drive_controller/lib/python3.12/site-packages:${PYTHONPATH} /usr/bin/python3 -W ignore:setup.py install is deprecated -W ignore:easy_install command is deprecated setup.py develop --editable --build-directory /home/orsted/AGV_EEPIS/build/drive_controller/build --no-deps symlink_data
[7.376s] running develop
[7.961s] running egg_info
[7.962s] creating drive_controller.egg-info
[8.020s] writing drive_controller.egg-info/PKG-INFO
[8.021s] writing dependency_links to drive_controller.egg-info/dependency_links.txt
[8.022s] writing entry points to drive_controller.egg-info/entry_points.txt
[8.025s] writing requirements to drive_controller.egg-info/requires.txt
[8.025s] writing top-level names to drive_controller.egg-info/top_level.txt
[8.025s] writing manifest file 'drive_controller.egg-info/SOURCES.txt'
[8.151s] reading manifest file 'drive_controller.egg-info/SOURCES.txt'
[8.153s] writing manifest file 'drive_controller.egg-info/SOURCES.txt'
[8.222s] running build_ext
[8.222s] Creating /home/orsted/AGV_EEPIS/install/drive_controller/lib/python3.12/site-packages/drive-controller.egg-link (link to .)
[8.227s] Installing kinematics_node script to /home/orsted/AGV_EEPIS/install/drive_controller/lib/drive_controller
[8.227s] 
[8.228s] Installed /home/orsted/AGV_EEPIS/build/drive_controller
[8.228s] running symlink_data
[8.229s] creating /home/orsted/AGV_EEPIS/install/drive_controller/share/ament_index
[8.230s] creating /home/orsted/AGV_EEPIS/install/drive_controller/share/ament_index/resource_index
[8.230s] creating /home/orsted/AGV_EEPIS/install/drive_controller/share/ament_index/resource_index/packages
[8.231s] symbolically linking /home/orsted/AGV_EEPIS/build/drive_controller/resource/drive_controller -> /home/orsted/AGV_EEPIS/install/drive_controller/share/ament_index/resource_index/packages
[8.232s] symbolically linking /home/orsted/AGV_EEPIS/build/drive_controller/package.xml -> /home/orsted/AGV_EEPIS/install/drive_controller/share/drive_controller
[8.233s] creating /home/orsted/AGV_EEPIS/install/drive_controller/share/drive_controller/launch
[8.233s] symbolically linking /home/orsted/AGV_EEPIS/build/drive_controller/launch/bringup.launch.py -> /home/orsted/AGV_EEPIS/install/drive_controller/share/drive_controller/launch
[8.234s] creating /home/orsted/AGV_EEPIS/install/drive_controller/share/drive_controller/config
[8.471s] Invoked command in '/home/orsted/AGV_EEPIS/build/drive_controller' returned '0': PYTHONPATH=/home/orsted/AGV_EEPIS/build/drive_controller/prefix_override:/usr/lib/python3/dist-packages/colcon_core/task/python/colcon_distutils_commands:/home/orsted/AGV_EEPIS/install/drive_controller/lib/python3.12/site-packages:${PYTHONPATH} /usr/bin/python3 -W ignore:setup.py install is deprecated -W ignore:easy_install command is deprecated setup.py develop --editable --build-directory /home/orsted/AGV_EEPIS/build/drive_controller/build --no-deps symlink_data
