[7.581s] Invoking command in '/home/orsted/AGV_EEPIS/build/agv_description': DEBUGINFOD_URLS=https://debuginfod.ubuntu.com PYTHONPATH=/home/orsted/AGV_EEPIS/build/agv_description/prefix_override:/usr/lib/python3/dist-packages/colcon_core/task/python/colcon_distutils_commands:/home/orsted/AGV_EEPIS/install/agv_description/lib/python3.12/site-packages:${PYTHONPATH} /usr/bin/python3 -W ignore:setup.py install is deprecated -W ignore:easy_install command is deprecated setup.py develop --editable --build-directory /home/orsted/AGV_EEPIS/build/agv_description/build --no-deps symlink_data
[8.730s] running develop
[9.353s] running egg_info
[9.353s] creating agv_description.egg-info
[9.416s] writing agv_description.egg-info/PKG-INFO
[9.417s] writing dependency_links to agv_description.egg-info/dependency_links.txt
[9.417s] writing requirements to agv_description.egg-info/requires.txt
[9.418s] writing top-level names to agv_description.egg-info/top_level.txt
[9.418s] writing manifest file 'agv_description.egg-info/SOURCES.txt'
[9.546s] reading manifest file 'agv_description.egg-info/SOURCES.txt'
[9.548s] writing manifest file 'agv_description.egg-info/SOURCES.txt'
[9.618s] running build_ext
[9.619s] Creating /home/orsted/AGV_EEPIS/install/agv_description/lib/python3.12/site-packages/agv-description.egg-link (link to .)
[9.619s] 
[9.619s] Installed /home/orsted/AGV_EEPIS/build/agv_description
[9.619s] running symlink_data
[9.619s] creating /home/orsted/AGV_EEPIS/install/agv_description/share/ament_index
[9.619s] creating /home/orsted/AGV_EEPIS/install/agv_description/share/ament_index/resource_index
[9.620s] creating /home/orsted/AGV_EEPIS/install/agv_description/share/ament_index/resource_index/packages
[9.620s] symbolically linking /home/orsted/AGV_EEPIS/build/agv_description/resource/agv_description -> /home/orsted/AGV_EEPIS/install/agv_description/share/ament_index/resource_index/packages
[9.621s] symbolically linking /home/orsted/AGV_EEPIS/build/agv_description/package.xml -> /home/orsted/AGV_EEPIS/install/agv_description/share/agv_description
[9.627s] creating /home/orsted/AGV_EEPIS/install/agv_description/share/agv_description/launch
[9.627s] symbolically linking /home/orsted/AGV_EEPIS/build/agv_description/launch/agv_spawn.launch.py -> /home/orsted/AGV_EEPIS/install/agv_description/share/agv_description/launch
[9.627s] symbolically linking /home/orsted/AGV_EEPIS/build/agv_description/launch/agv_world.launch.py -> /home/orsted/AGV_EEPIS/install/agv_description/share/agv_description/launch
[9.628s] symbolically linking /home/orsted/AGV_EEPIS/build/agv_description/launch/state_publisher.launch.py -> /home/orsted/AGV_EEPIS/install/agv_description/share/agv_description/launch
[9.628s] creating /home/orsted/AGV_EEPIS/install/agv_description/share/agv_description/urdf
[9.628s] symbolically linking /home/orsted/AGV_EEPIS/build/agv_description/urdf/materials.xacro -> /home/orsted/AGV_EEPIS/install/agv_description/share/agv_description/urdf
[9.628s] symbolically linking /home/orsted/AGV_EEPIS/build/agv_description/urdf/model.gazebo -> /home/orsted/AGV_EEPIS/install/agv_description/share/agv_description/urdf
[9.628s] symbolically linking /home/orsted/AGV_EEPIS/build/agv_description/urdf/model.xacro -> /home/orsted/AGV_EEPIS/install/agv_description/share/agv_description/urdf
[9.628s] symbolically linking /home/orsted/AGV_EEPIS/build/agv_description/urdf/camera.xacro -> /home/orsted/AGV_EEPIS/install/agv_description/share/agv_description/urdf
[9.628s] symbolically linking /home/orsted/AGV_EEPIS/build/agv_description/urdf/model.ros2control -> /home/orsted/AGV_EEPIS/install/agv_description/share/agv_description/urdf
[9.629s] creating /home/orsted/AGV_EEPIS/install/agv_description/share/agv_description/meshes
[9.629s] symbolically linking /home/orsted/AGV_EEPIS/build/agv_description/meshes/stacker_fork_1.stl -> /home/orsted/AGV_EEPIS/install/agv_description/share/agv_description/meshes
[9.629s] symbolically linking /home/orsted/AGV_EEPIS/build/agv_description/meshes/l_caster_wheel_1.stl -> /home/orsted/AGV_EEPIS/install/agv_description/share/agv_description/meshes
[9.634s] symbolically linking /home/orsted/AGV_EEPIS/build/agv_description/meshes/r_caster_1.stl -> /home/orsted/AGV_EEPIS/install/agv_description/share/agv_description/meshes
[9.635s] symbolically linking /home/orsted/AGV_EEPIS/build/agv_description/meshes/l_wheel_1.stl -> /home/orsted/AGV_EEPIS/install/agv_description/share/agv_description/meshes
[9.635s] symbolically linking /home/orsted/AGV_EEPIS/build/agv_description/meshes/base_link.stl -> /home/orsted/AGV_EEPIS/install/agv_description/share/agv_description/meshes
[9.635s] symbolically linking /home/orsted/AGV_EEPIS/build/agv_description/meshes/steering_1.stl -> /home/orsted/AGV_EEPIS/install/agv_description/share/agv_description/meshes
[9.635s] symbolically linking /home/orsted/AGV_EEPIS/build/agv_description/meshes/l_static_wheel_1.stl -> /home/orsted/AGV_EEPIS/install/agv_description/share/agv_description/meshes
[9.636s] symbolically linking /home/orsted/AGV_EEPIS/build/agv_description/meshes/l_caster_1.stl -> /home/orsted/AGV_EEPIS/install/agv_description/share/agv_description/meshes
[9.636s] symbolically linking /home/orsted/AGV_EEPIS/build/agv_description/meshes/r_wheel_1.stl -> /home/orsted/AGV_EEPIS/install/agv_description/share/agv_description/meshes
[9.636s] symbolically linking /home/orsted/AGV_EEPIS/build/agv_description/meshes/steer_head_1.stl -> /home/orsted/AGV_EEPIS/install/agv_description/share/agv_description/meshes
[9.636s] symbolically linking /home/orsted/AGV_EEPIS/build/agv_description/meshes/r_static_wheel_1.stl -> /home/orsted/AGV_EEPIS/install/agv_description/share/agv_description/meshes
[9.636s] symbolically linking /home/orsted/AGV_EEPIS/build/agv_description/meshes/r_caster_wheel_1.stl -> /home/orsted/AGV_EEPIS/install/agv_description/share/agv_description/meshes
[9.636s] symbolically linking /home/orsted/AGV_EEPIS/build/agv_description/meshes/stacker_slider_1.stl -> /home/orsted/AGV_EEPIS/install/agv_description/share/agv_description/meshes
[9.636s] creating /home/orsted/AGV_EEPIS/install/agv_description/share/agv_description/config
[9.637s] symbolically linking /home/orsted/AGV_EEPIS/build/agv_description/config/ros_gz_bridge_gazebo.yaml -> /home/orsted/AGV_EEPIS/install/agv_description/share/agv_description/config
[9.637s] symbolically linking /home/orsted/AGV_EEPIS/build/agv_description/config/display.rviz -> /home/orsted/AGV_EEPIS/install/agv_description/share/agv_description/config
[9.637s] symbolically linking /home/orsted/AGV_EEPIS/build/agv_description/config/gazebo.rviz -> /home/orsted/AGV_EEPIS/install/agv_description/share/agv_description/config
[9.637s] creating /home/orsted/AGV_EEPIS/install/agv_description/share/agv_description/params
[9.637s] symbolically linking /home/orsted/AGV_EEPIS/build/agv_description/params/agv_bridge.yaml -> /home/orsted/AGV_EEPIS/install/agv_description/share/agv_description/params
[9.637s] creating /home/orsted/AGV_EEPIS/install/agv_description/share/agv_description/turtlebot3_world
[9.638s] symbolically linking /home/orsted/AGV_EEPIS/build/agv_description/turtlebot3_world/model-1_4.sdf -> /home/orsted/AGV_EEPIS/install/agv_description/share/agv_description/turtlebot3_world
[9.638s] symbolically linking /home/orsted/AGV_EEPIS/build/agv_description/turtlebot3_world/model.config -> /home/orsted/AGV_EEPIS/install/agv_description/share/agv_description/turtlebot3_world
[9.638s] symbolically linking /home/orsted/AGV_EEPIS/build/agv_description/turtlebot3_world/model.sdf -> /home/orsted/AGV_EEPIS/install/agv_description/share/agv_description/turtlebot3_world
[9.638s] symbolically linking /home/orsted/AGV_EEPIS/build/agv_description/turtlebot3_world/turtlebot3_world.world -> /home/orsted/AGV_EEPIS/install/agv_description/share/agv_description/turtlebot3_world
[9.638s] creating /home/orsted/AGV_EEPIS/install/agv_description/share/agv_description/turtlebot3_world/meshes
[9.638s] symbolically linking /home/orsted/AGV_EEPIS/build/agv_description/turtlebot3_world/meshes/wall.dae -> /home/orsted/AGV_EEPIS/install/agv_description/share/agv_description/turtlebot3_world/meshes
[9.639s] symbolically linking /home/orsted/AGV_EEPIS/build/agv_description/turtlebot3_world/meshes/hexagon.dae -> /home/orsted/AGV_EEPIS/install/agv_description/share/agv_description/turtlebot3_world/meshes
[10.285s] Invoked command in '/home/orsted/AGV_EEPIS/build/agv_description' returned '0': DEBUGINFOD_URLS=https://debuginfod.ubuntu.com PYTHONPATH=/home/orsted/AGV_EEPIS/build/agv_description/prefix_override:/usr/lib/python3/dist-packages/colcon_core/task/python/colcon_distutils_commands:/home/orsted/AGV_EEPIS/install/agv_description/lib/python3.12/site-packages:${PYTHONPATH} /usr/bin/python3 -W ignore:setup.py install is deprecated -W ignore:easy_install command is deprecated setup.py develop --editable --build-directory /home/orsted/AGV_EEPIS/build/agv_description/build --no-deps symlink_data
