[0mdefault compiler:aarch64-linux-gnu-g++[0m
[33mCMake Warning (dev) at /usr/lib/aarch64-linux-gnu/cmake/pcl/Modules/FindFLANN.cmake:45 (find_package):
  Policy CMP0144 is not set: find_package uses upper-case <PACKAGENAME>_ROOT
  variables.  Run "cmake --help-policy CMP0144" for policy details.  Use the
  cmake_policy command to set the policy and suppress this warning.

  CMake variable FLANN_ROOT is set to:

    /usr

  For compatibility, find_package is ignoring the variable, but code in a
  .cmake module might still use it.
Call Stack (most recent call first):
  /usr/lib/aarch64-linux-gnu/cmake/pcl/PCLConfig.cmake:261 (find_package)
  /usr/lib/aarch64-linux-gnu/cmake/pcl/PCLConfig.cmake:306 (find_flann)
  /usr/lib/aarch64-linux-gnu/cmake/pcl/PCLConfig.cmake:570 (find_external_library)
  /opt/ros/jazzy/share/pcl_conversions/cmake/ament_cmake_export_dependencies-extras.cmake:21 (find_package)
  /opt/ros/jazzy/share/pcl_conversions/cmake/pcl_conversionsConfig.cmake:41 (include)
  CMakeLists.txt:39 (find_package)
This warning is for project developers.  Use -Wno-dev to suppress it.
[0m
[33mCMake Warning (dev) at CMakeLists.txt:40 (find_package):
  Policy CMP0074 is not set: find_package uses <PackageName>_ROOT variables.
  Run "cmake --help-policy CMP0074" for policy details.  Use the cmake_policy
  command to set the policy and suppress this warning.

  CMake variable PCL_ROOT is set to:

    /usr

  For compatibility, CMake is ignoring the variable.
This warning is for project developers.  Use -Wno-dev to suppress it.
[0m
gmake[2]: *** [CMakeFiles/ascamera_node.dir/build.make:90: CMakeFiles/ascamera_node.dir/src/CameraPublisher.cpp.o] Interrupt
gmake[2]: *** [CMakeFiles/ascamera_node.dir/build.make:104: CMakeFiles/ascamera_node.dir/src/CameraSrv.cpp.o] Interrupt
gmake[2]: *** [CMakeFiles/ascamera_node.dir/build.make:118: CMakeFiles/ascamera_node.dir/src/Camera.cpp.o] Interrupt
gmake[2]: *** [CMakeFiles/ascamera_node.dir/build.make:132: CMakeFiles/ascamera_node.dir/src/TfTreeFrameIdInfo.cpp.o] Interrupt
gmake[2]: *** wait: No child processes.  Stop.
gmake[2]: *** Waiting for unfinished jobs....
gmake[2]: *** wait: No child processes.  Stop.
gmake[1]: *** [CMakeFiles/Makefile2:137: CMakeFiles/ascamera_node.dir/all] Error 2
gmake: *** [Makefile:146: all] Interrupt
