[1.270s] Invoking command in '/home/orsted/AGV_EEPIS/build/ascamera': CMAKE_PREFIX_PATH=${CMAKE_PREFIX_PATH}:/opt/ros/jazzy DEBUGINFOD_URLS=https://debuginfod.ubuntu.com /usr/bin/cmake --build /home/orsted/AGV_EEPIS/build/ascamera -- -j6 -l6
[2.546s] -- Found ament_cmake: 2.5.6 (/opt/ros/jazzy/share/ament_cmake/cmake)
[2.548s] -- Override CMake install command with custom implementation using symlinks instead of copying resources
[2.549s] -- Found rclcpp: 28.1.21 (/opt/ros/jazzy/share/rclcpp/cmake)
[2.549s] -- Found rosidl_generator_c: 4.6.9 (/opt/ros/jazzy/share/rosidl_generator_c/cmake)
[2.550s] -- Found rosidl_generator_cpp: 4.6.9 (/opt/ros/jazzy/share/rosidl_generator_cpp/cmake)
[2.550s] -- Using all available rosidl_typesupport_c: rosidl_typesupport_fastrtps_c;rosidl_typesupport_introspection_c
[2.550s] -- Using all available rosidl_typesupport_cpp: rosidl_typesupport_fastrtps_cpp;rosidl_typesupport_introspection_cpp
[2.551s] -- Found rmw_implementation_cmake: 7.3.3 (/opt/ros/jazzy/share/rmw_implementation_cmake/cmake)
[2.551s] -- Found rmw_fastrtps_cpp: 8.4.4 (/opt/ros/jazzy/share/rmw_fastrtps_cpp/cmake)
[2.551s] -- Using RMW implementation 'rmw_fastrtps_cpp' as default
[2.552s] -- Found std_msgs: 5.3.8 (/opt/ros/jazzy/share/std_msgs/cmake)
[2.552s] [0mdefault compiler:aarch64-linux-gnu-g++[0m
[2.570s] -- Found sensor_msgs: 5.3.8 (/opt/ros/jazzy/share/sensor_msgs/cmake)
[2.649s] -- Found pcl_conversions: 2.6.4 (/opt/ros/jazzy/share/pcl_conversions/cmake)
[2.755s] [33mCMake Warning (dev) at /usr/lib/aarch64-linux-gnu/cmake/pcl/Modules/FindFLANN.cmake:45 (find_package):
[2.756s]   Policy CMP0144 is not set: find_package uses upper-case <PACKAGENAME>_ROOT
[2.756s]   variables.  Run "cmake --help-policy CMP0144" for policy details.  Use the
[2.757s]   cmake_policy command to set the policy and suppress this warning.
[2.757s] 
[2.757s]   CMake variable FLANN_ROOT is set to:
[2.758s] 
[2.758s]     /usr
[2.758s] 
[2.758s]   For compatibility, find_package is ignoring the variable, but code in a
[2.759s]   .cmake module might still use it.
[2.759s] Call Stack (most recent call first):
[2.759s]   /usr/lib/aarch64-linux-gnu/cmake/pcl/PCLConfig.cmake:261 (find_package)
[2.760s]   /usr/lib/aarch64-linux-gnu/cmake/pcl/PCLConfig.cmake:306 (find_flann)
[2.760s]   /usr/lib/aarch64-linux-gnu/cmake/pcl/PCLConfig.cmake:570 (find_external_library)
[2.760s]   /opt/ros/jazzy/share/pcl_conversions/cmake/ament_cmake_export_dependencies-extras.cmake:21 (find_package)
[2.760s]   /opt/ros/jazzy/share/pcl_conversions/cmake/pcl_conversionsConfig.cmake:41 (include)
[2.761s]   CMakeLists.txt:39 (find_package)
[2.761s] This warning is for project developers.  Use -Wno-dev to suppress it.
[2.761s] [0m
[2.761s] -- Found flann version 1.9.2
[4.052s] -- OpenNI found (version: 1.5.4.0, include: /usr/include/ni, lib: /usr/lib/libOpenNI.so;libusb::libusb)
[4.072s] -- OpenNI2 found (version: 2.2.0.33, include: /usr/include/openni2, lib: /usr/lib/aarch64-linux-gnu/libOpenNI2.so;libusb::libusb)
[5.683s] -- OpenNI found (version: 1.5.4.0, include: /usr/include/ni, lib: /usr/lib/libOpenNI.so;libusb::libusb)
[5.702s] -- OpenNI2 found (version: 2.2.0.33, include: /usr/include/openni2, lib: /usr/lib/aarch64-linux-gnu/libOpenNI2.so;libusb::libusb)
[6.849s] -- Found Qhull version 8.0.2
[8.180s] -- OpenNI found (version: 1.5.4.0, include: /usr/include/ni, lib: /usr/lib/libOpenNI.so;libusb::libusb)
[9.307s] [33mCMake Warning (dev) at CMakeLists.txt:40 (find_package):
[9.308s]   Policy CMP0074 is not set: find_package uses <PackageName>_ROOT variables.
[9.308s]   Run "cmake --help-policy CMP0074" for policy details.  Use the cmake_policy
[9.308s]   command to set the policy and suppress this warning.
[9.309s] 
[9.309s]   CMake variable PCL_ROOT is set to:
[9.309s] 
[9.310s]     /usr
[9.310s] 
[9.310s]   For compatibility, CMake is ignoring the variable.
[9.311s] This warning is for project developers.  Use -Wno-dev to suppress it.
[9.311s] [0m
[9.324s] -- Found tf2: 0.36.21 (/opt/ros/jazzy/share/tf2/cmake)
[9.333s] -- Found tf2_ros: 0.36.21 (/opt/ros/jazzy/share/tf2_ros/cmake)
[9.560s] -- Found ament_lint_auto: 0.17.5 (/opt/ros/jazzy/share/ament_lint_auto/cmake)
[9.834s] -- Added test 'copyright' to check source files copyright and LICENSE
[9.840s] -- Added test 'cppcheck' to perform static code analysis on C / C++ code
[9.841s] -- Configured cppcheck include dirs: /home/orsted/AGV_EEPIS/src/ascamera/include;/home/orsted/AGV_EEPIS/src/ascamera/libs/include;$<BUILD_INTERFACE:/home/orsted/AGV_EEPIS/src/ascamera/include>
[9.841s] -- Configured cppcheck exclude dirs and/or files: 
[9.846s] -- Added test 'cpplint' to check C / C++ code against the Google style
[9.846s] -- Configured cpplint exclude dirs and/or files: 
[9.847s] -- Added test 'flake8' to check Python code syntax and style conventions
[9.847s] -- Configured 'flake8' exclude dirs and/or files: 
[9.849s] -- Added test 'lint_cmake' to check CMake code style
[9.850s] -- Added test 'pep257' to check Python code against some of the docstring style conventions in PEP 257
[9.855s] -- Added test 'uncrustify' to check C / C++ code style
[9.855s] -- Configured uncrustify additional arguments: 
[9.856s] -- Added test 'xmllint' to check XML markup files
[9.859s] -- Configuring done (8.5s)
[9.967s] -- Generating done (0.1s)
[9.988s] -- Build files have been written to: /home/orsted/AGV_EEPIS/build/ascamera
[10.236s] [ 50%] [32mBuilding CXX object CMakeFiles/ascamera_node.dir/src/CameraSrv.cpp.o[0m
[10.237s] [ 50%] [32mBuilding CXX object CMakeFiles/ascamera_node.dir/src/ascamera_node.cpp.o[0m
[10.237s] [ 50%] [32mBuilding CXX object CMakeFiles/ascamera_node.dir/src/CameraPublisher.cpp.o[0m
[10.237s] [ 66%] [32mBuilding CXX object CMakeFiles/ascamera_node.dir/src/Camera.cpp.o[0m
[10.237s] [ 83%] [32mBuilding CXX object CMakeFiles/ascamera_node.dir/src/TfTreeFrameIdInfo.cpp.o[0m
[16.333s] gmake[2]: *** [CMakeFiles/ascamera_node.dir/build.make:90: CMakeFiles/ascamera_node.dir/src/CameraPublisher.cpp.o] Interrupt
[16.333s] gmake[2]: *** [CMakeFiles/ascamera_node.dir/build.make:104: CMakeFiles/ascamera_node.dir/src/CameraSrv.cpp.o] Interrupt
[16.334s] gmake[2]: *** [CMakeFiles/ascamera_node.dir/build.make:118: CMakeFiles/ascamera_node.dir/src/Camera.cpp.o] Interrupt
[16.334s] gmake[2]: *** [CMakeFiles/ascamera_node.dir/build.make:132: CMakeFiles/ascamera_node.dir/src/TfTreeFrameIdInfo.cpp.o] Interrupt
[16.343s] gmake[2]: *** wait: No child processes.  Stop.
[16.344s] gmake[2]: *** Waiting for unfinished jobs....
[16.345s] gmake[2]: *** wait: No child processes.  Stop.
[16.345s] gmake[1]: *** [CMakeFiles/Makefile2:137: CMakeFiles/ascamera_node.dir/all] Error 2
[16.345s] gmake: *** [Makefile:146: all] Interrupt
