[0.093s] Invoking command in '/home/orsted/AGV_EEPIS/build/ascamera': CMAKE_PREFIX_PATH=${CMAKE_PREFIX_PATH}:/home/orsted/AGV_EEPIS/install/ultrasonic:/home/orsted/AGV_EEPIS/install/slam:/home/orsted/AGV_EEPIS/install/remote:/home/orsted/AGV_EEPIS/install/model_description:/home/orsted/AGV_EEPIS/install/drive_controller:/home/orsted/AGV_EEPIS/install/canbus:/home/orsted/AGV_EEPIS/install/bringup:/opt/ros/jazzy DEBUGINFOD_URLS=https://debuginfod.ubuntu.com /usr/bin/cmake --build /home/orsted/AGV_EEPIS/build/ascamera -- -j6 -l6
[2.637s] [100%] Built target ascamera_node
[3.273s] Invoked command in '/home/orsted/AGV_EEPIS/build/ascamera' returned '0': CMAKE_PREFIX_PATH=${CMAKE_PREFIX_PATH}:/home/orsted/AGV_EEPIS/install/ultrasonic:/home/orsted/AGV_EEPIS/install/slam:/home/orsted/AGV_EEPIS/install/remote:/home/orsted/AGV_EEPIS/install/model_description:/home/orsted/AGV_EEPIS/install/drive_controller:/home/orsted/AGV_EEPIS/install/canbus:/home/orsted/AGV_EEPIS/install/bringup:/opt/ros/jazzy DEBUGINFOD_URLS=https://debuginfod.ubuntu.com /usr/bin/cmake --build /home/orsted/AGV_EEPIS/build/ascamera -- -j6 -l6
[3.304s] Invoking command in '/home/orsted/AGV_EEPIS/build/ascamera': CMAKE_PREFIX_PATH=${CMAKE_PREFIX_PATH}:/home/orsted/AGV_EEPIS/install/ultrasonic:/home/orsted/AGV_EEPIS/install/slam:/home/orsted/AGV_EEPIS/install/remote:/home/orsted/AGV_EEPIS/install/model_description:/home/orsted/AGV_EEPIS/install/drive_controller:/home/orsted/AGV_EEPIS/install/canbus:/home/orsted/AGV_EEPIS/install/bringup:/opt/ros/jazzy DEBUGINFOD_URLS=https://debuginfod.ubuntu.com /usr/bin/cmake --install /home/orsted/AGV_EEPIS/build/ascamera
[3.333s] -- Install configuration: ""
[3.337s] -- Execute custom install script
[3.337s] -- Up-to-date symlink: /home/orsted/AGV_EEPIS/install/ascamera/lib/ascamera/ascamera_node
[3.338s] -- Up-to-date symlink: /home/orsted/AGV_EEPIS/install/ascamera/share/ascamera/launch/ascamera.launch.py
[3.338s] -- Up-to-date symlink: /home/orsted/AGV_EEPIS/install/ascamera/share/ascamera/launch/changA.launch.py
[3.338s] -- Up-to-date symlink: /home/orsted/AGV_EEPIS/install/ascamera/share/ascamera/launch/hp60c.launch.py
[3.341s] -- Up-to-date symlink: /home/orsted/AGV_EEPIS/install/ascamera/share/ascamera/launch/hp60cn.launch.py
[3.342s] -- Up-to-date symlink: /home/orsted/AGV_EEPIS/install/ascamera/share/ascamera/launch/kondyor.launch.py
[3.342s] -- Up-to-date symlink: /home/orsted/AGV_EEPIS/install/ascamera/share/ascamera/launch/kunlun_a.launch.py
[3.342s] -- Up-to-date symlink: /home/orsted/AGV_EEPIS/install/ascamera/share/ascamera/launch/kunlun_c.launch.py
[3.342s] -- Up-to-date symlink: /home/orsted/AGV_EEPIS/install/ascamera/share/ascamera/launch/nuwa.launch.py
[3.343s] -- Up-to-date symlink: /home/orsted/AGV_EEPIS/install/ascamera/share/ascamera/launch/runCamera.launch.py
[3.343s] -- Up-to-date symlink: /home/orsted/AGV_EEPIS/install/ascamera/share/ament_index/resource_index/package_run_dependencies/ascamera
[3.343s] -- Up-to-date symlink: /home/orsted/AGV_EEPIS/install/ascamera/share/ament_index/resource_index/parent_prefix_path/ascamera
[3.349s] -- Up-to-date symlink: /home/orsted/AGV_EEPIS/install/ascamera/share/ascamera/environment/ament_prefix_path.sh
[3.349s] -- Up-to-date symlink: /home/orsted/AGV_EEPIS/install/ascamera/share/ascamera/environment/ament_prefix_path.dsv
[3.350s] -- Up-to-date symlink: /home/orsted/AGV_EEPIS/install/ascamera/share/ascamera/environment/path.sh
[3.350s] -- Up-to-date symlink: /home/orsted/AGV_EEPIS/install/ascamera/share/ascamera/environment/path.dsv
[3.350s] -- Up-to-date symlink: /home/orsted/AGV_EEPIS/install/ascamera/share/ascamera/local_setup.bash
[3.350s] -- Up-to-date symlink: /home/orsted/AGV_EEPIS/install/ascamera/share/ascamera/local_setup.sh
[3.350s] -- Up-to-date symlink: /home/orsted/AGV_EEPIS/install/ascamera/share/ascamera/local_setup.zsh
[3.351s] -- Up-to-date symlink: /home/orsted/AGV_EEPIS/install/ascamera/share/ascamera/local_setup.dsv
[3.351s] -- Symlinking: /home/orsted/AGV_EEPIS/install/ascamera/share/ascamera/package.dsv
[3.383s] -- Up-to-date symlink: /home/orsted/AGV_EEPIS/install/ascamera/share/ament_index/resource_index/packages/ascamera
[3.383s] -- Up-to-date symlink: /home/orsted/AGV_EEPIS/install/ascamera/share/ascamera/cmake/ascameraConfig.cmake
[3.384s] -- Up-to-date symlink: /home/orsted/AGV_EEPIS/install/ascamera/share/ascamera/cmake/ascameraConfig-version.cmake
[3.384s] -- Up-to-date symlink: /home/orsted/AGV_EEPIS/install/ascamera/share/ascamera/package.xml
[3.399s] Invoked command in '/home/orsted/AGV_EEPIS/build/ascamera' returned '0': CMAKE_PREFIX_PATH=${CMAKE_PREFIX_PATH}:/home/orsted/AGV_EEPIS/install/ultrasonic:/home/orsted/AGV_EEPIS/install/slam:/home/orsted/AGV_EEPIS/install/remote:/home/orsted/AGV_EEPIS/install/model_description:/home/orsted/AGV_EEPIS/install/drive_controller:/home/orsted/AGV_EEPIS/install/canbus:/home/orsted/AGV_EEPIS/install/bringup:/opt/ros/jazzy DEBUGINFOD_URLS=https://debuginfod.ubuntu.com /usr/bin/cmake --install /home/orsted/AGV_EEPIS/build/ascamera
