[7.432s] Invoking command in '/home/orsted/AGV_EEPIS/build/canbus': DEBUGINFOD_URLS=https://debuginfod.ubuntu.com PYTHONPATH=/home/orsted/AGV_EEPIS/build/canbus/prefix_override:/usr/lib/python3/dist-packages/colcon_core/task/python/colcon_distutils_commands:/home/orsted/AGV_EEPIS/install/canbus/lib/python3.12/site-packages:${PYTHONPATH} /usr/bin/python3 -W ignore:setup.py install is deprecated -W ignore:easy_install command is deprecated setup.py develop --editable --build-directory /home/orsted/AGV_EEPIS/build/canbus/build --no-deps symlink_data
[8.433s] running develop
[9.056s] running egg_info
[9.057s] creating canbus.egg-info
[9.149s] writing canbus.egg-info/PKG-INFO
[9.149s] writing dependency_links to canbus.egg-info/dependency_links.txt
[9.149s] writing entry points to canbus.egg-info/entry_points.txt
[9.149s] writing requirements to canbus.egg-info/requires.txt
[9.150s] writing top-level names to canbus.egg-info/top_level.txt
[9.150s] writing manifest file 'canbus.egg-info/SOURCES.txt'
[9.301s] reading manifest file 'canbus.egg-info/SOURCES.txt'
[9.303s] writing manifest file 'canbus.egg-info/SOURCES.txt'
[9.375s] running build_ext
[9.376s] Creating /home/orsted/AGV_EEPIS/install/canbus/lib/python3.12/site-packages/canbus.egg-link (link to .)
[9.378s] Installing canbus_node script to /home/orsted/AGV_EEPIS/install/canbus/lib/canbus
[9.379s] 
[9.381s] Installed /home/orsted/AGV_EEPIS/build/canbus
[9.391s] running symlink_data
[9.391s] creating /home/orsted/AGV_EEPIS/install/canbus/share/ament_index
[9.391s] creating /home/orsted/AGV_EEPIS/install/canbus/share/ament_index/resource_index
[9.392s] creating /home/orsted/AGV_EEPIS/install/canbus/share/ament_index/resource_index/packages
[9.392s] symbolically linking /home/orsted/AGV_EEPIS/build/canbus/resource/canbus -> /home/orsted/AGV_EEPIS/install/canbus/share/ament_index/resource_index/packages
[9.392s] symbolically linking /home/orsted/AGV_EEPIS/build/canbus/package.xml -> /home/orsted/AGV_EEPIS/install/canbus/share/canbus
[9.392s] creating /home/orsted/AGV_EEPIS/install/canbus/share/canbus/launch
[9.393s] symbolically linking /home/orsted/AGV_EEPIS/build/canbus/launch/canbus.launch.py -> /home/orsted/AGV_EEPIS/install/canbus/share/canbus/launch
[9.846s] Invoked command in '/home/orsted/AGV_EEPIS/build/canbus' returned '0': DEBUGINFOD_URLS=https://debuginfod.ubuntu.com PYTHONPATH=/home/orsted/AGV_EEPIS/build/canbus/prefix_override:/usr/lib/python3/dist-packages/colcon_core/task/python/colcon_distutils_commands:/home/orsted/AGV_EEPIS/install/canbus/lib/python3.12/site-packages:${PYTHONPATH} /usr/bin/python3 -W ignore:setup.py install is deprecated -W ignore:easy_install command is deprecated setup.py develop --editable --build-directory /home/orsted/AGV_EEPIS/build/canbus/build --no-deps symlink_data
