[6.375s] Invoking command in '/home/orsted/AGV_EEPIS/build/AGV_description': PYTHONPATH=/home/orsted/AGV_EEPIS/build/AGV_description/prefix_override:/usr/lib/python3/dist-packages/colcon_core/task/python/colcon_distutils_commands:/home/orsted/AGV_EEPIS/install/AGV_description/lib/python3.12/site-packages:${PYTHONPATH} /usr/bin/python3 -W ignore:setup.py install is deprecated -W ignore:easy_install command is deprecated setup.py develop --editable --build-directory /home/orsted/AGV_EEPIS/build/AGV_description/build --no-deps symlink_data
[7.389s] running develop
[7.977s] running egg_info
[7.978s] creating AGV_description.egg-info
[8.034s] writing AGV_description.egg-info/PKG-INFO
[8.036s] writing dependency_links to AGV_description.egg-info/dependency_links.txt
[8.037s] writing requirements to AGV_description.egg-info/requires.txt
[8.038s] writing top-level names to AGV_description.egg-info/top_level.txt
[8.039s] writing manifest file 'AGV_description.egg-info/SOURCES.txt'
[8.165s] reading manifest file 'AGV_description.egg-info/SOURCES.txt'
[8.169s] writing manifest file 'AGV_description.egg-info/SOURCES.txt'
[8.238s] running build_ext
[8.241s] Creating /home/orsted/AGV_EEPIS/install/AGV_description/lib/python3.12/site-packages/AGV-description.egg-link (link to .)
[8.242s] 
[8.242s] Installed /home/orsted/AGV_EEPIS/build/AGV_description
[8.242s] running symlink_data
[8.242s] creating /home/orsted/AGV_EEPIS/install/AGV_description/share/ament_index
[8.243s] creating /home/orsted/AGV_EEPIS/install/AGV_description/share/ament_index/resource_index
[8.243s] creating /home/orsted/AGV_EEPIS/install/AGV_description/share/ament_index/resource_index/packages
[8.243s] error: can't copy '/home/orsted/AGV_EEPIS/build/AGV_description/resource/AGV_description': doesn't exist or not a regular file
[8.562s] Invoked command in '/home/orsted/AGV_EEPIS/build/AGV_description' returned '1': PYTHONPATH=/home/orsted/AGV_EEPIS/build/AGV_description/prefix_override:/usr/lib/python3/dist-packages/colcon_core/task/python/colcon_distutils_commands:/home/orsted/AGV_EEPIS/install/AGV_description/lib/python3.12/site-packages:${PYTHONPATH} /usr/bin/python3 -W ignore:setup.py install is deprecated -W ignore:easy_install command is deprecated setup.py develop --editable --build-directory /home/orsted/AGV_EEPIS/build/AGV_description/build --no-deps symlink_data
