[7.541s] Invoking command in '/home/orsted/AGV_EEPIS/build/agv_description': DEBUGINFOD_URLS=https://debuginfod.ubuntu.com PYTHONPATH=/home/orsted/AGV_EEPIS/build/agv_description/prefix_override:/usr/lib/python3/dist-packages/colcon_core/task/python/colcon_distutils_commands:/home/orsted/AGV_EEPIS/install/agv_description/lib/python3.12/site-packages:${PYTHONPATH} /usr/bin/python3 -W ignore:setup.py install is deprecated -W ignore:easy_install command is deprecated setup.py develop --editable --build-directory /home/orsted/AGV_EEPIS/build/agv_description/build --no-deps symlink_data
[8.759s] running develop
[9.487s] running egg_info
[9.487s] creating agv_description.egg-info
[9.556s] writing agv_description.egg-info/PKG-INFO
[9.557s] writing dependency_links to agv_description.egg-info/dependency_links.txt
[9.559s] writing requirements to agv_description.egg-info/requires.txt
[9.560s] writing top-level names to agv_description.egg-info/top_level.txt
[9.560s] writing manifest file 'agv_description.egg-info/SOURCES.txt'
[9.685s] reading manifest file 'agv_description.egg-info/SOURCES.txt'
[9.687s] writing manifest file 'agv_description.egg-info/SOURCES.txt'
[9.756s] running build_ext
[9.757s] Creating /home/orsted/AGV_EEPIS/install/agv_description/lib/python3.12/site-packages/agv-description.egg-link (link to .)
[9.845s] 
[9.845s] Installed /home/orsted/AGV_EEPIS/build/agv_description
[9.846s] running symlink_data
[9.846s] creating /home/orsted/AGV_EEPIS/install/agv_description/share/ament_index
[9.846s] creating /home/orsted/AGV_EEPIS/install/agv_description/share/ament_index/resource_index
[9.846s] creating /home/orsted/AGV_EEPIS/install/agv_description/share/ament_index/resource_index/packages
[9.847s] symbolically linking /home/orsted/AGV_EEPIS/build/agv_description/resource/agv_description -> /home/orsted/AGV_EEPIS/install/agv_description/share/ament_index/resource_index/packages
[9.847s] symbolically linking /home/orsted/AGV_EEPIS/build/agv_description/package.xml -> /home/orsted/AGV_EEPIS/install/agv_description/share/agv_description
[9.847s] creating /home/orsted/AGV_EEPIS/install/agv_description/share/agv_description/launch
[9.847s] symbolically linking /home/orsted/AGV_EEPIS/build/agv_description/launch/agv_spawn.launch.py -> /home/orsted/AGV_EEPIS/install/agv_description/share/agv_description/launch
[9.848s] symbolically linking /home/orsted/AGV_EEPIS/build/agv_description/launch/agv_world.launch.py -> /home/orsted/AGV_EEPIS/install/agv_description/share/agv_description/launch
[9.848s] symbolically linking /home/orsted/AGV_EEPIS/build/agv_description/launch/state_publisher.launch.py -> /home/orsted/AGV_EEPIS/install/agv_description/share/agv_description/launch
[9.848s] creating /home/orsted/AGV_EEPIS/install/agv_description/share/agv_description/urdf
[9.848s] symbolically linking /home/orsted/AGV_EEPIS/build/agv_description/urdf/materials.xacro -> /home/orsted/AGV_EEPIS/install/agv_description/share/agv_description/urdf
[9.848s] symbolically linking /home/orsted/AGV_EEPIS/build/agv_description/urdf/model.gazebo -> /home/orsted/AGV_EEPIS/install/agv_description/share/agv_description/urdf
[9.849s] symbolically linking /home/orsted/AGV_EEPIS/build/agv_description/urdf/model.xacro -> /home/orsted/AGV_EEPIS/install/agv_description/share/agv_description/urdf
[9.849s] symbolically linking /home/orsted/AGV_EEPIS/build/agv_description/urdf/camera.xacro -> /home/orsted/AGV_EEPIS/install/agv_description/share/agv_description/urdf
[9.849s] symbolically linking /home/orsted/AGV_EEPIS/build/agv_description/urdf/model.ros2control -> /home/orsted/AGV_EEPIS/install/agv_description/share/agv_description/urdf
[9.849s] creating /home/orsted/AGV_EEPIS/install/agv_description/share/agv_description/meshes
[9.849s] symbolically linking /home/orsted/AGV_EEPIS/build/agv_description/meshes/stacker_fork_1.stl -> /home/orsted/AGV_EEPIS/install/agv_description/share/agv_description/meshes
[9.850s] symbolically linking /home/orsted/AGV_EEPIS/build/agv_description/meshes/l_caster_wheel_1.stl -> /home/orsted/AGV_EEPIS/install/agv_description/share/agv_description/meshes
[9.851s] symbolically linking /home/orsted/AGV_EEPIS/build/agv_description/meshes/r_caster_1.stl -> /home/orsted/AGV_EEPIS/install/agv_description/share/agv_description/meshes
[9.851s] symbolically linking /home/orsted/AGV_EEPIS/build/agv_description/meshes/l_wheel_1.stl -> /home/orsted/AGV_EEPIS/install/agv_description/share/agv_description/meshes
[9.851s] symbolically linking /home/orsted/AGV_EEPIS/build/agv_description/meshes/base_link.stl -> /home/orsted/AGV_EEPIS/install/agv_description/share/agv_description/meshes
[9.851s] symbolically linking /home/orsted/AGV_EEPIS/build/agv_description/meshes/steering_1.stl -> /home/orsted/AGV_EEPIS/install/agv_description/share/agv_description/meshes
[9.851s] symbolically linking /home/orsted/AGV_EEPIS/build/agv_description/meshes/l_static_wheel_1.stl -> /home/orsted/AGV_EEPIS/install/agv_description/share/agv_description/meshes
[9.852s] symbolically linking /home/orsted/AGV_EEPIS/build/agv_description/meshes/l_caster_1.stl -> /home/orsted/AGV_EEPIS/install/agv_description/share/agv_description/meshes
[9.852s] symbolically linking /home/orsted/AGV_EEPIS/build/agv_description/meshes/r_wheel_1.stl -> /home/orsted/AGV_EEPIS/install/agv_description/share/agv_description/meshes
[9.852s] symbolically linking /home/orsted/AGV_EEPIS/build/agv_description/meshes/steer_head_1.stl -> /home/orsted/AGV_EEPIS/install/agv_description/share/agv_description/meshes
[9.852s] symbolically linking /home/orsted/AGV_EEPIS/build/agv_description/meshes/r_static_wheel_1.stl -> /home/orsted/AGV_EEPIS/install/agv_description/share/agv_description/meshes
[9.852s] symbolically linking /home/orsted/AGV_EEPIS/build/agv_description/meshes/r_caster_wheel_1.stl -> /home/orsted/AGV_EEPIS/install/agv_description/share/agv_description/meshes
[9.852s] symbolically linking /home/orsted/AGV_EEPIS/build/agv_description/meshes/stacker_slider_1.stl -> /home/orsted/AGV_EEPIS/install/agv_description/share/agv_description/meshes
[9.853s] creating /home/orsted/AGV_EEPIS/install/agv_description/share/agv_description/config
[9.853s] symbolically linking /home/orsted/AGV_EEPIS/build/agv_description/config/ros_gz_bridge_gazebo.yaml -> /home/orsted/AGV_EEPIS/install/agv_description/share/agv_description/config
[9.853s] symbolically linking /home/orsted/AGV_EEPIS/build/agv_description/config/display.rviz -> /home/orsted/AGV_EEPIS/install/agv_description/share/agv_description/config
[9.855s] symbolically linking /home/orsted/AGV_EEPIS/build/agv_description/config/gazebo.rviz -> /home/orsted/AGV_EEPIS/install/agv_description/share/agv_description/config
[9.855s] creating /home/orsted/AGV_EEPIS/install/agv_description/share/agv_description/params
[9.855s] symbolically linking /home/orsted/AGV_EEPIS/build/agv_description/params/agv_bridge.yaml -> /home/orsted/AGV_EEPIS/install/agv_description/share/agv_description/params
[9.855s] creating /home/orsted/AGV_EEPIS/install/agv_description/share/agv_description/turtlebot3_world
[9.856s] symbolically linking /home/orsted/AGV_EEPIS/build/agv_description/turtlebot3_world/model-1_4.sdf -> /home/orsted/AGV_EEPIS/install/agv_description/share/agv_description/turtlebot3_world
[9.856s] symbolically linking /home/orsted/AGV_EEPIS/build/agv_description/turtlebot3_world/model.config -> /home/orsted/AGV_EEPIS/install/agv_description/share/agv_description/turtlebot3_world
[9.856s] symbolically linking /home/orsted/AGV_EEPIS/build/agv_description/turtlebot3_world/model.sdf -> /home/orsted/AGV_EEPIS/install/agv_description/share/agv_description/turtlebot3_world
[9.856s] symbolically linking /home/orsted/AGV_EEPIS/build/agv_description/turtlebot3_world/turtlebot3_world.world -> /home/orsted/AGV_EEPIS/install/agv_description/share/agv_description/turtlebot3_world
[9.856s] creating /home/orsted/AGV_EEPIS/install/agv_description/share/agv_description/turtlebot3_world/meshes
[9.856s] symbolically linking /home/orsted/AGV_EEPIS/build/agv_description/turtlebot3_world/meshes/wall.dae -> /home/orsted/AGV_EEPIS/install/agv_description/share/agv_description/turtlebot3_world/meshes
[9.857s] symbolically linking /home/orsted/AGV_EEPIS/build/agv_description/turtlebot3_world/meshes/hexagon.dae -> /home/orsted/AGV_EEPIS/install/agv_description/share/agv_description/turtlebot3_world/meshes
[12.828s] Invoked command in '/home/orsted/AGV_EEPIS/build/agv_description' returned '0': DEBUGINFOD_URLS=https://debuginfod.ubuntu.com PYTHONPATH=/home/orsted/AGV_EEPIS/build/agv_description/prefix_override:/usr/lib/python3/dist-packages/colcon_core/task/python/colcon_distutils_commands:/home/orsted/AGV_EEPIS/install/agv_description/lib/python3.12/site-packages:${PYTHONPATH} /usr/bin/python3 -W ignore:setup.py install is deprecated -W ignore:easy_install command is deprecated setup.py develop --editable --build-directory /home/orsted/AGV_EEPIS/build/agv_description/build --no-deps symlink_data
