[4.199s] Invoking command in '/home/orsted/AGV_EEPIS/build/remote': DEBUGINFOD_URLS=https://debuginfod.ubuntu.com PYTHONPATH=/home/orsted/AGV_EEPIS/build/remote/prefix_override:/usr/lib/python3/dist-packages/colcon_core/task/python/colcon_distutils_commands:/home/orsted/AGV_EEPIS/install/remote/lib/python3.12/site-packages:${PYTHONPATH} /usr/bin/python3 -W ignore:setup.py install is deprecated -W ignore:easy_install command is deprecated setup.py develop --editable --build-directory /home/orsted/AGV_EEPIS/build/remote/build --no-deps symlink_data
[5.245s] running develop
[5.866s] running egg_info
[5.866s] creating remote.egg-info
[5.928s] writing remote.egg-info/PKG-INFO
[5.928s] writing dependency_links to remote.egg-info/dependency_links.txt
[5.929s] writing entry points to remote.egg-info/entry_points.txt
[5.929s] writing requirements to remote.egg-info/requires.txt
[5.929s] writing top-level names to remote.egg-info/top_level.txt
[5.929s] writing manifest file 'remote.egg-info/SOURCES.txt'
[6.066s] reading manifest file 'remote.egg-info/SOURCES.txt'
[6.067s] writing manifest file 'remote.egg-info/SOURCES.txt'
[6.128s] running build_ext
[6.129s] Creating /home/orsted/AGV_EEPIS/install/remote/lib/python3.12/site-packages/remote.egg-link (link to .)
[6.131s] Installing radio_node script to /home/orsted/AGV_EEPIS/install/remote/lib/remote
[6.132s] 
[6.132s] Installed /home/orsted/AGV_EEPIS/build/remote
[6.132s] running symlink_data
[6.133s] creating /home/orsted/AGV_EEPIS/install/remote/share/ament_index
[6.133s] creating /home/orsted/AGV_EEPIS/install/remote/share/ament_index/resource_index
[6.134s] creating /home/orsted/AGV_EEPIS/install/remote/share/ament_index/resource_index/packages
[6.134s] symbolically linking /home/orsted/AGV_EEPIS/build/remote/resource/remote -> /home/orsted/AGV_EEPIS/install/remote/share/ament_index/resource_index/packages
[6.134s] symbolically linking /home/orsted/AGV_EEPIS/build/remote/package.xml -> /home/orsted/AGV_EEPIS/install/remote/share/remote
[6.135s] creating /home/orsted/AGV_EEPIS/install/remote/share/remote/launch
[6.135s] symbolically linking /home/orsted/AGV_EEPIS/build/remote/launch/ps4_remote.launch.py -> /home/orsted/AGV_EEPIS/install/remote/share/remote/launch
[6.137s] symbolically linking /home/orsted/AGV_EEPIS/build/remote/launch/radiomaster_ER6.launch.py -> /home/orsted/AGV_EEPIS/install/remote/share/remote/launch
[6.137s] creating /home/orsted/AGV_EEPIS/install/remote/share/remote/params
[6.137s] symbolically linking /home/orsted/AGV_EEPIS/build/remote/params/ps4_teleop.yaml -> /home/orsted/AGV_EEPIS/install/remote/share/remote/params
[6.386s] Invoked command in '/home/orsted/AGV_EEPIS/build/remote' returned '0': DEBUGINFOD_URLS=https://debuginfod.ubuntu.com PYTHONPATH=/home/orsted/AGV_EEPIS/build/remote/prefix_override:/usr/lib/python3/dist-packages/colcon_core/task/python/colcon_distutils_commands:/home/orsted/AGV_EEPIS/install/remote/lib/python3.12/site-packages:${PYTHONPATH} /usr/bin/python3 -W ignore:setup.py install is deprecated -W ignore:easy_install command is deprecated setup.py develop --editable --build-directory /home/orsted/AGV_EEPIS/build/remote/build --no-deps symlink_data
