[0.090s] Invoking command in '/home/orsted/AGV_EEPIS/build/ascamera': CMAKE_PREFIX_PATH=${CMAKE_PREFIX_PATH}:/opt/ros/jazzy DEBUGINFOD_URLS=https://debuginfod.ubuntu.com /usr/bin/cmake --build /home/orsted/AGV_EEPIS/build/ascamera -- -j6 -l6
[2.562s] [100%] Built target ascamera_node
[3.172s] Invoked command in '/home/orsted/AGV_EEPIS/build/ascamera' returned '0': CMAKE_PREFIX_PATH=${CMAKE_PREFIX_PATH}:/opt/ros/jazzy DEBUGINFOD_URLS=https://debuginfod.ubuntu.com /usr/bin/cmake --build /home/orsted/AGV_EEPIS/build/ascamera -- -j6 -l6
[3.204s] Invoking command in '/home/orsted/AGV_EEPIS/build/ascamera': CMAKE_PREFIX_PATH=${CMAKE_PREFIX_PATH}:/opt/ros/jazzy DEBUGINFOD_URLS=https://debuginfod.ubuntu.com /usr/bin/cmake --install /home/orsted/AGV_EEPIS/build/ascamera
[3.239s] -- Install configuration: ""
[3.240s] -- Execute custom install script
[3.240s] -- Up-to-date symlink: /home/orsted/AGV_EEPIS/install/ascamera/lib/ascamera/ascamera_node
[3.240s] -- Up-to-date symlink: /home/orsted/AGV_EEPIS/install/ascamera/share/ascamera/launch/ascamera.launch.py
[3.240s] -- Up-to-date symlink: /home/orsted/AGV_EEPIS/install/ascamera/share/ascamera/launch/changA.launch.py
[3.240s] -- Up-to-date symlink: /home/orsted/AGV_EEPIS/install/ascamera/share/ascamera/launch/hp60c.launch.py
[3.240s] -- Up-to-date symlink: /home/orsted/AGV_EEPIS/install/ascamera/share/ascamera/launch/hp60cn.launch.py
[3.241s] -- Up-to-date symlink: /home/orsted/AGV_EEPIS/install/ascamera/share/ascamera/launch/kondyor.launch.py
[3.241s] -- Up-to-date symlink: /home/orsted/AGV_EEPIS/install/ascamera/share/ascamera/launch/kunlun_a.launch.py
[3.245s] -- Up-to-date symlink: /home/orsted/AGV_EEPIS/install/ascamera/share/ascamera/launch/kunlun_c.launch.py
[3.245s] -- Up-to-date symlink: /home/orsted/AGV_EEPIS/install/ascamera/share/ascamera/launch/nuwa.launch.py
[3.245s] -- Symlinking: /home/orsted/AGV_EEPIS/install/ascamera/share/ascamera/launch/runCamera.launch.py
[3.274s] -- Up-to-date symlink: /home/orsted/AGV_EEPIS/install/ascamera/share/ament_index/resource_index/package_run_dependencies/ascamera
[3.275s] -- Up-to-date symlink: /home/orsted/AGV_EEPIS/install/ascamera/share/ament_index/resource_index/parent_prefix_path/ascamera
[3.277s] -- Up-to-date symlink: /home/orsted/AGV_EEPIS/install/ascamera/share/ascamera/environment/ament_prefix_path.sh
[3.278s] -- Up-to-date symlink: /home/orsted/AGV_EEPIS/install/ascamera/share/ascamera/environment/ament_prefix_path.dsv
[3.278s] -- Up-to-date symlink: /home/orsted/AGV_EEPIS/install/ascamera/share/ascamera/environment/path.sh
[3.279s] -- Up-to-date symlink: /home/orsted/AGV_EEPIS/install/ascamera/share/ascamera/environment/path.dsv
[3.280s] -- Up-to-date symlink: /home/orsted/AGV_EEPIS/install/ascamera/share/ascamera/local_setup.bash
[3.281s] -- Up-to-date symlink: /home/orsted/AGV_EEPIS/install/ascamera/share/ascamera/local_setup.sh
[3.282s] -- Up-to-date symlink: /home/orsted/AGV_EEPIS/install/ascamera/share/ascamera/local_setup.zsh
[3.283s] -- Up-to-date symlink: /home/orsted/AGV_EEPIS/install/ascamera/share/ascamera/local_setup.dsv
[3.284s] -- Symlinking: /home/orsted/AGV_EEPIS/install/ascamera/share/ascamera/package.dsv
[3.323s] -- Up-to-date symlink: /home/orsted/AGV_EEPIS/install/ascamera/share/ament_index/resource_index/packages/ascamera
[3.324s] -- Up-to-date symlink: /home/orsted/AGV_EEPIS/install/ascamera/share/ascamera/cmake/ascameraConfig.cmake
[3.324s] -- Up-to-date symlink: /home/orsted/AGV_EEPIS/install/ascamera/share/ascamera/cmake/ascameraConfig-version.cmake
[3.329s] -- Up-to-date symlink: /home/orsted/AGV_EEPIS/install/ascamera/share/ascamera/package.xml
[3.336s] Invoked command in '/home/orsted/AGV_EEPIS/build/ascamera' returned '0': CMAKE_PREFIX_PATH=${CMAKE_PREFIX_PATH}:/opt/ros/jazzy DEBUGINFOD_URLS=https://debuginfod.ubuntu.com /usr/bin/cmake --install /home/orsted/AGV_EEPIS/build/ascamera
