[6.696s] Invoking command in '/home/orsted/AGV_EEPIS/build/drive_controller': DEBUGINFOD_URLS=https://debuginfod.ubuntu.com PYTHONPATH=/home/orsted/AGV_EEPIS/build/drive_controller/prefix_override:/usr/lib/python3/dist-packages/colcon_core/task/python/colcon_distutils_commands:/home/orsted/AGV_EEPIS/install/drive_controller/lib/python3.12/site-packages:${PYTHONPATH} /usr/bin/python3 -W ignore:setup.py install is deprecated -W ignore:easy_install command is deprecated setup.py develop --editable --build-directory /home/orsted/AGV_EEPIS/build/drive_controller/build --no-deps symlink_data
[7.791s] running develop
[8.432s] running egg_info
[8.432s] creating drive_controller.egg-info
[8.499s] writing drive_controller.egg-info/PKG-INFO
[8.499s] writing dependency_links to drive_controller.egg-info/dependency_links.txt
[8.499s] writing entry points to drive_controller.egg-info/entry_points.txt
[8.499s] writing requirements to drive_controller.egg-info/requires.txt
[8.499s] writing top-level names to drive_controller.egg-info/top_level.txt
[8.501s] writing manifest file 'drive_controller.egg-info/SOURCES.txt'
[8.635s] reading manifest file 'drive_controller.egg-info/SOURCES.txt'
[8.635s] writing manifest file 'drive_controller.egg-info/SOURCES.txt'
[8.708s] running build_ext
[8.709s] Creating /home/orsted/AGV_EEPIS/install/drive_controller/lib/python3.12/site-packages/drive-controller.egg-link (link to .)
[8.712s] Installing ddmr_kinec_node script to /home/orsted/AGV_EEPIS/install/drive_controller/lib/drive_controller
[8.714s] Installing kinematics_node script to /home/orsted/AGV_EEPIS/install/drive_controller/lib/drive_controller
[8.716s] 
[8.716s] Installed /home/orsted/AGV_EEPIS/build/drive_controller
[8.717s] running symlink_data
[8.718s] creating /home/orsted/AGV_EEPIS/install/drive_controller/share/ament_index
[8.718s] creating /home/orsted/AGV_EEPIS/install/drive_controller/share/ament_index/resource_index
[8.718s] creating /home/orsted/AGV_EEPIS/install/drive_controller/share/ament_index/resource_index/packages
[8.720s] symbolically linking /home/orsted/AGV_EEPIS/build/drive_controller/resource/drive_controller -> /home/orsted/AGV_EEPIS/install/drive_controller/share/ament_index/resource_index/packages
[8.720s] symbolically linking /home/orsted/AGV_EEPIS/build/drive_controller/package.xml -> /home/orsted/AGV_EEPIS/install/drive_controller/share/drive_controller
[8.720s] creating /home/orsted/AGV_EEPIS/install/drive_controller/share/drive_controller/launch
[8.720s] symbolically linking /home/orsted/AGV_EEPIS/build/drive_controller/launch/bringup.launch.py -> /home/orsted/AGV_EEPIS/install/drive_controller/share/drive_controller/launch
[8.723s] creating /home/orsted/AGV_EEPIS/install/drive_controller/share/drive_controller/config
[9.059s] Invoked command in '/home/orsted/AGV_EEPIS/build/drive_controller' returned '0': DEBUGINFOD_URLS=https://debuginfod.ubuntu.com PYTHONPATH=/home/orsted/AGV_EEPIS/build/drive_controller/prefix_override:/usr/lib/python3/dist-packages/colcon_core/task/python/colcon_distutils_commands:/home/orsted/AGV_EEPIS/install/drive_controller/lib/python3.12/site-packages:${PYTHONPATH} /usr/bin/python3 -W ignore:setup.py install is deprecated -W ignore:easy_install command is deprecated setup.py develop --editable --build-directory /home/orsted/AGV_EEPIS/build/drive_controller/build --no-deps symlink_data
