[4.967s] Invoking command in '/home/orsted/AGV_EEPIS/build/canbus': DEBUGINFOD_URLS=https://debuginfod.ubuntu.com PYTHONPATH=/home/orsted/AGV_EEPIS/build/canbus/prefix_override:/usr/lib/python3/dist-packages/colcon_core/task/python/colcon_distutils_commands:/home/orsted/AGV_EEPIS/install/canbus/lib/python3.12/site-packages:${PYTHONPATH} VIRTUAL_ENV_PROMPT=(.venv) /usr/bin/python3 -W ignore:setup.py install is deprecated -W ignore:easy_install command is deprecated setup.py develop --editable --build-directory /home/orsted/AGV_EEPIS/build/canbus/build --no-deps symlink_data
[5.733s] running develop
[6.162s] running egg_info
[6.162s] creating canbus.egg-info
[6.205s] writing canbus.egg-info/PKG-INFO
[6.205s] writing dependency_links to canbus.egg-info/dependency_links.txt
[6.206s] writing entry points to canbus.egg-info/entry_points.txt
[6.206s] writing requirements to canbus.egg-info/requires.txt
[6.206s] writing top-level names to canbus.egg-info/top_level.txt
[6.210s] writing manifest file 'canbus.egg-info/SOURCES.txt'
[6.296s] reading manifest file 'canbus.egg-info/SOURCES.txt'
[6.297s] writing manifest file 'canbus.egg-info/SOURCES.txt'
[6.346s] running build_ext
[6.346s] Creating /home/orsted/AGV_EEPIS/install/canbus/lib/python3.12/site-packages/canbus.egg-link (link to .)
[6.347s] Installing canbus_node script to /home/orsted/AGV_EEPIS/install/canbus/lib/canbus
[6.348s] 
[6.348s] Installed /home/orsted/AGV_EEPIS/build/canbus
[6.348s] running symlink_data
[6.348s] creating /home/orsted/AGV_EEPIS/install/canbus/share/ament_index
[6.349s] creating /home/orsted/AGV_EEPIS/install/canbus/share/ament_index/resource_index
[6.349s] creating /home/orsted/AGV_EEPIS/install/canbus/share/ament_index/resource_index/packages
[6.354s] symbolically linking /home/orsted/AGV_EEPIS/build/canbus/resource/canbus -> /home/orsted/AGV_EEPIS/install/canbus/share/ament_index/resource_index/packages
[6.354s] symbolically linking /home/orsted/AGV_EEPIS/build/canbus/package.xml -> /home/orsted/AGV_EEPIS/install/canbus/share/canbus
[6.515s] Invoked command in '/home/orsted/AGV_EEPIS/build/canbus' returned '0': DEBUGINFOD_URLS=https://debuginfod.ubuntu.com PYTHONPATH=/home/orsted/AGV_EEPIS/build/canbus/prefix_override:/usr/lib/python3/dist-packages/colcon_core/task/python/colcon_distutils_commands:/home/orsted/AGV_EEPIS/install/canbus/lib/python3.12/site-packages:${PYTHONPATH} VIRTUAL_ENV_PROMPT=(.venv) /usr/bin/python3 -W ignore:setup.py install is deprecated -W ignore:easy_install command is deprecated setup.py develop --editable --build-directory /home/orsted/AGV_EEPIS/build/canbus/build --no-deps symlink_data
