[5.357s] Invoking command in '/home/orsted/AGV_EEPIS/build/remote': DEBUGINFOD_URLS=https://debuginfod.ubuntu.com PYTHONPATH=/home/orsted/AGV_EEPIS/build/remote/prefix_override:/usr/lib/python3/dist-packages/colcon_core/task/python/colcon_distutils_commands:/home/orsted/AGV_EEPIS/install/remote/lib/python3.12/site-packages:${PYTHONPATH} /usr/bin/python3 -W ignore:setup.py install is deprecated -W ignore:easy_install command is deprecated setup.py develop --editable --build-directory /home/orsted/AGV_EEPIS/build/remote/build --no-deps symlink_data
[6.275s] running develop
[6.811s] running egg_info
[6.811s] creating remote.egg-info
[6.864s] writing remote.egg-info/PKG-INFO
[6.864s] writing dependency_links to remote.egg-info/dependency_links.txt
[6.865s] writing entry points to remote.egg-info/entry_points.txt
[6.865s] writing requirements to remote.egg-info/requires.txt
[6.865s] writing top-level names to remote.egg-info/top_level.txt
[6.866s] writing manifest file 'remote.egg-info/SOURCES.txt'
[6.977s] reading manifest file 'remote.egg-info/SOURCES.txt'
[6.979s] writing manifest file 'remote.egg-info/SOURCES.txt'
[7.040s] running build_ext
[7.040s] Creating /home/orsted/AGV_EEPIS/install/remote/lib/python3.12/site-packages/remote.egg-link (link to .)
[7.042s] Installing radio_node script to /home/orsted/AGV_EEPIS/install/remote/lib/remote
[7.042s] 
[7.043s] Installed /home/orsted/AGV_EEPIS/build/remote
[7.043s] running symlink_data
[7.043s] creating /home/orsted/AGV_EEPIS/install/remote/share/ament_index
[7.043s] creating /home/orsted/AGV_EEPIS/install/remote/share/ament_index/resource_index
[7.044s] creating /home/orsted/AGV_EEPIS/install/remote/share/ament_index/resource_index/packages
[7.044s] symbolically linking /home/orsted/AGV_EEPIS/build/remote/resource/remote -> /home/orsted/AGV_EEPIS/install/remote/share/ament_index/resource_index/packages
[7.044s] symbolically linking /home/orsted/AGV_EEPIS/build/remote/package.xml -> /home/orsted/AGV_EEPIS/install/remote/share/remote
[7.045s] creating /home/orsted/AGV_EEPIS/install/remote/share/remote/launch
[7.045s] symbolically linking /home/orsted/AGV_EEPIS/build/remote/launch/ps4_remote.launch.py -> /home/orsted/AGV_EEPIS/install/remote/share/remote/launch
[7.045s] symbolically linking /home/orsted/AGV_EEPIS/build/remote/launch/radiomaster_ER6.launch.py -> /home/orsted/AGV_EEPIS/install/remote/share/remote/launch
[7.045s] creating /home/orsted/AGV_EEPIS/install/remote/share/remote/params
[7.046s] symbolically linking /home/orsted/AGV_EEPIS/build/remote/params/ps4_teleop.yaml -> /home/orsted/AGV_EEPIS/install/remote/share/remote/params
[7.247s] Invoked command in '/home/orsted/AGV_EEPIS/build/remote' returned '0': DEBUGINFOD_URLS=https://debuginfod.ubuntu.com PYTHONPATH=/home/orsted/AGV_EEPIS/build/remote/prefix_override:/usr/lib/python3/dist-packages/colcon_core/task/python/colcon_distutils_commands:/home/orsted/AGV_EEPIS/install/remote/lib/python3.12/site-packages:${PYTHONPATH} /usr/bin/python3 -W ignore:setup.py install is deprecated -W ignore:easy_install command is deprecated setup.py develop --editable --build-directory /home/orsted/AGV_EEPIS/build/remote/build --no-deps symlink_data
