[6.576s] Invoking command in '/home/orsted/AGV_EEPIS/build/drive_controller': DEBUGINFOD_URLS=https://debuginfod.ubuntu.com PYTHONPATH=/home/orsted/AGV_EEPIS/build/drive_controller/prefix_override:/usr/lib/python3/dist-packages/colcon_core/task/python/colcon_distutils_commands:/home/orsted/AGV_EEPIS/install/drive_controller/lib/python3.12/site-packages:${PYTHONPATH} /usr/bin/python3 -W ignore:setup.py install is deprecated -W ignore:easy_install command is deprecated setup.py develop --editable --build-directory /home/orsted/AGV_EEPIS/build/drive_controller/build --no-deps symlink_data
[7.636s] running develop
[8.286s] running egg_info
[8.287s] creating drive_controller.egg-info
[8.365s] writing drive_controller.egg-info/PKG-INFO
[8.365s] writing dependency_links to drive_controller.egg-info/dependency_links.txt
[8.365s] writing entry points to drive_controller.egg-info/entry_points.txt
[8.366s] writing requirements to drive_controller.egg-info/requires.txt
[8.366s] writing top-level names to drive_controller.egg-info/top_level.txt
[8.366s] writing manifest file 'drive_controller.egg-info/SOURCES.txt'
[8.510s] reading manifest file 'drive_controller.egg-info/SOURCES.txt'
[8.514s] writing manifest file 'drive_controller.egg-info/SOURCES.txt'
[8.579s] running build_ext
[8.579s] Creating /home/orsted/AGV_EEPIS/install/drive_controller/lib/python3.12/site-packages/drive-controller.egg-link (link to .)
[8.579s] Installing kinematics_node script to /home/orsted/AGV_EEPIS/install/drive_controller/lib/drive_controller
[8.580s] 
[8.580s] Installed /home/orsted/AGV_EEPIS/build/drive_controller
[8.580s] running symlink_data
[8.580s] creating /home/orsted/AGV_EEPIS/install/drive_controller/share/ament_index
[8.580s] creating /home/orsted/AGV_EEPIS/install/drive_controller/share/ament_index/resource_index
[8.581s] creating /home/orsted/AGV_EEPIS/install/drive_controller/share/ament_index/resource_index/packages
[8.581s] symbolically linking /home/orsted/AGV_EEPIS/build/drive_controller/resource/drive_controller -> /home/orsted/AGV_EEPIS/install/drive_controller/share/ament_index/resource_index/packages
[8.581s] symbolically linking /home/orsted/AGV_EEPIS/build/drive_controller/package.xml -> /home/orsted/AGV_EEPIS/install/drive_controller/share/drive_controller
[8.582s] creating /home/orsted/AGV_EEPIS/install/drive_controller/share/drive_controller/launch
[8.582s] symbolically linking /home/orsted/AGV_EEPIS/build/drive_controller/launch/bringup.launch.py -> /home/orsted/AGV_EEPIS/install/drive_controller/share/drive_controller/launch
[8.582s] creating /home/orsted/AGV_EEPIS/install/drive_controller/share/drive_controller/config
[8.856s] Invoked command in '/home/orsted/AGV_EEPIS/build/drive_controller' returned '0': DEBUGINFOD_URLS=https://debuginfod.ubuntu.com PYTHONPATH=/home/orsted/AGV_EEPIS/build/drive_controller/prefix_override:/usr/lib/python3/dist-packages/colcon_core/task/python/colcon_distutils_commands:/home/orsted/AGV_EEPIS/install/drive_controller/lib/python3.12/site-packages:${PYTHONPATH} /usr/bin/python3 -W ignore:setup.py install is deprecated -W ignore:easy_install command is deprecated setup.py develop --editable --build-directory /home/orsted/AGV_EEPIS/build/drive_controller/build --no-deps symlink_data
