[0.782s] Invoking command in '/home/orsted/AGV_EEPIS/build/ascamera': CMAKE_PREFIX_PATH=${CMAKE_PREFIX_PATH}:/home/orsted/AGV_EEPIS/install/ultrasonic:/home/orsted/AGV_EEPIS/install/slam:/home/orsted/AGV_EEPIS/install/remote:/home/orsted/AGV_EEPIS/install/drive_controller:/home/orsted/AGV_EEPIS/install/ddmr_description:/home/orsted/AGV_EEPIS/install/canbus:/home/orsted/AGV_EEPIS/install/bringup:/home/orsted/AGV_EEPIS/install/agv_description:/home/orsted/AGV_EEPIS/install/DDRM_description:/opt/ros/jazzy DEBUGINFOD_URLS=https://debuginfod.ubuntu.com /usr/bin/cmake --build /home/orsted/AGV_EEPIS/build/ascamera -- -j6 -l6
[2.853s] [100%] Built target ascamera_node
[3.531s] Invoked command in '/home/orsted/AGV_EEPIS/build/ascamera' returned '0': CMAKE_PREFIX_PATH=${CMAKE_PREFIX_PATH}:/home/orsted/AGV_EEPIS/install/ultrasonic:/home/orsted/AGV_EEPIS/install/slam:/home/orsted/AGV_EEPIS/install/remote:/home/orsted/AGV_EEPIS/install/drive_controller:/home/orsted/AGV_EEPIS/install/ddmr_description:/home/orsted/AGV_EEPIS/install/canbus:/home/orsted/AGV_EEPIS/install/bringup:/home/orsted/AGV_EEPIS/install/agv_description:/home/orsted/AGV_EEPIS/install/DDRM_description:/opt/ros/jazzy DEBUGINFOD_URLS=https://debuginfod.ubuntu.com /usr/bin/cmake --build /home/orsted/AGV_EEPIS/build/ascamera -- -j6 -l6
[3.569s] Invoking command in '/home/orsted/AGV_EEPIS/build/ascamera': CMAKE_PREFIX_PATH=${CMAKE_PREFIX_PATH}:/home/orsted/AGV_EEPIS/install/ultrasonic:/home/orsted/AGV_EEPIS/install/slam:/home/orsted/AGV_EEPIS/install/remote:/home/orsted/AGV_EEPIS/install/drive_controller:/home/orsted/AGV_EEPIS/install/ddmr_description:/home/orsted/AGV_EEPIS/install/canbus:/home/orsted/AGV_EEPIS/install/bringup:/home/orsted/AGV_EEPIS/install/agv_description:/home/orsted/AGV_EEPIS/install/DDRM_description:/opt/ros/jazzy DEBUGINFOD_URLS=https://debuginfod.ubuntu.com /usr/bin/cmake --install /home/orsted/AGV_EEPIS/build/ascamera
[3.607s] -- Install configuration: ""
[3.611s] -- Execute custom install script
[3.614s] -- Up-to-date symlink: /home/orsted/AGV_EEPIS/install/ascamera/lib/ascamera/ascamera_node
[3.615s] -- Up-to-date symlink: /home/orsted/AGV_EEPIS/install/ascamera/share/ascamera/launch/ascamera.launch.py
[3.617s] -- Up-to-date symlink: /home/orsted/AGV_EEPIS/install/ascamera/share/ascamera/launch/changA.launch.py
[3.618s] -- Up-to-date symlink: /home/orsted/AGV_EEPIS/install/ascamera/share/ascamera/launch/hp60c.launch.py
[3.619s] -- Up-to-date symlink: /home/orsted/AGV_EEPIS/install/ascamera/share/ascamera/launch/hp60cn.launch.py
[3.621s] -- Up-to-date symlink: /home/orsted/AGV_EEPIS/install/ascamera/share/ascamera/launch/kondyor.launch.py
[3.622s] -- Up-to-date symlink: /home/orsted/AGV_EEPIS/install/ascamera/share/ascamera/launch/kunlun_a.launch.py
[3.623s] -- Up-to-date symlink: /home/orsted/AGV_EEPIS/install/ascamera/share/ascamera/launch/kunlun_c.launch.py
[3.625s] -- Up-to-date symlink: /home/orsted/AGV_EEPIS/install/ascamera/share/ascamera/launch/nuwa.launch.py
[3.626s] -- Up-to-date symlink: /home/orsted/AGV_EEPIS/install/ascamera/share/ascamera/launch/runCamera.launch.py
[3.628s] -- Up-to-date symlink: /home/orsted/AGV_EEPIS/install/ascamera/share/ament_index/resource_index/package_run_dependencies/ascamera
[3.629s] -- Up-to-date symlink: /home/orsted/AGV_EEPIS/install/ascamera/share/ament_index/resource_index/parent_prefix_path/ascamera
[3.631s] -- Up-to-date symlink: /home/orsted/AGV_EEPIS/install/ascamera/share/ascamera/environment/ament_prefix_path.sh
[3.632s] -- Up-to-date symlink: /home/orsted/AGV_EEPIS/install/ascamera/share/ascamera/environment/ament_prefix_path.dsv
[3.634s] -- Up-to-date symlink: /home/orsted/AGV_EEPIS/install/ascamera/share/ascamera/environment/path.sh
[3.635s] -- Up-to-date symlink: /home/orsted/AGV_EEPIS/install/ascamera/share/ascamera/environment/path.dsv
[3.637s] -- Up-to-date symlink: /home/orsted/AGV_EEPIS/install/ascamera/share/ascamera/local_setup.bash
[3.638s] -- Up-to-date symlink: /home/orsted/AGV_EEPIS/install/ascamera/share/ascamera/local_setup.sh
[3.640s] -- Up-to-date symlink: /home/orsted/AGV_EEPIS/install/ascamera/share/ascamera/local_setup.zsh
[3.641s] -- Up-to-date symlink: /home/orsted/AGV_EEPIS/install/ascamera/share/ascamera/local_setup.dsv
[3.643s] -- Symlinking: /home/orsted/AGV_EEPIS/install/ascamera/share/ascamera/package.dsv
[3.677s] -- Up-to-date symlink: /home/orsted/AGV_EEPIS/install/ascamera/share/ament_index/resource_index/packages/ascamera
[3.677s] -- Up-to-date symlink: /home/orsted/AGV_EEPIS/install/ascamera/share/ascamera/cmake/ascameraConfig.cmake
[3.677s] -- Up-to-date symlink: /home/orsted/AGV_EEPIS/install/ascamera/share/ascamera/cmake/ascameraConfig-version.cmake
[3.678s] -- Up-to-date symlink: /home/orsted/AGV_EEPIS/install/ascamera/share/ascamera/package.xml
[3.682s] Invoked command in '/home/orsted/AGV_EEPIS/build/ascamera' returned '0': CMAKE_PREFIX_PATH=${CMAKE_PREFIX_PATH}:/home/orsted/AGV_EEPIS/install/ultrasonic:/home/orsted/AGV_EEPIS/install/slam:/home/orsted/AGV_EEPIS/install/remote:/home/orsted/AGV_EEPIS/install/drive_controller:/home/orsted/AGV_EEPIS/install/ddmr_description:/home/orsted/AGV_EEPIS/install/canbus:/home/orsted/AGV_EEPIS/install/bringup:/home/orsted/AGV_EEPIS/install/agv_description:/home/orsted/AGV_EEPIS/install/DDRM_description:/opt/ros/jazzy DEBUGINFOD_URLS=https://debuginfod.ubuntu.com /usr/bin/cmake --install /home/orsted/AGV_EEPIS/build/ascamera
