[0.000000] (-) TimerEvent: {}
[0.003341] (bringup) JobQueued: {'identifier': 'bringup', 'dependencies': OrderedDict()}
[0.003846] (canbus) JobQueued: {'identifier': 'canbus', 'dependencies': OrderedDict()}
[0.004453] (drive_controller) JobQueued: {'identifier': 'drive_controller', 'dependencies': OrderedDict()}
[0.004693] (model_description) JobQueued: {'identifier': 'model_description', 'dependencies': OrderedDict()}
[0.005725] (remote) JobQueued: {'identifier': 'remote', 'dependencies': OrderedDict()}
[0.005788] (ultrasonic) JobQueued: {'identifier': 'ultrasonic', 'dependencies': OrderedDict()}
[0.005833] (bringup) JobStarted: {'identifier': 'bringup'}
[0.057710] (canbus) JobStarted: {'identifier': 'canbus'}
[0.074102] (drive_controller) JobStarted: {'identifier': 'drive_controller'}
[0.097444] (model_description) JobStarted: {'identifier': 'model_description'}
[0.099583] (-) TimerEvent: {}
[0.110619] (remote) JobStarted: {'identifier': 'remote'}
[0.124781] (ultrasonic) JobStarted: {'identifier': 'ultrasonic'}
[0.199869] (-) TimerEvent: {}
[0.300861] (-) TimerEvent: {}
[0.401802] (-) TimerEvent: {}
[0.502755] (-) TimerEvent: {}
[0.605748] (-) TimerEvent: {}
[0.706817] (-) TimerEvent: {}
[0.808528] (-) TimerEvent: {}
[0.909515] (-) TimerEvent: {}
[1.010471] (-) TimerEvent: {}
[1.111412] (-) TimerEvent: {}
[1.212313] (-) TimerEvent: {}
[1.313289] (-) TimerEvent: {}
[1.378543] (canbus) StderrLine: {'line': b'Traceback (most recent call last):\n  File "/usr/lib/python3/dist-packages/colcon_core/executor/__init__.py", line 91, in __call__\n    rc = await self.task(*args, **kwargs)\n         ^^^^^^^^^^^^^^^^^^^^^^^^^^^^^^^^\n  File "/usr/lib/python3/dist-packages/colcon_core/task/__init__.py", line 120, in __call__\n    return await task_method(*args, **kwargs)\n           ^^^^^^^^^^^^^^^^^^^^^^^^^^^^^^^^^^\n  File "/usr/lib/python3/dist-packages/colcon_ros/task/ament_python/build.py", line 51, in build\n    setup_py_data = get_setup_data(self.context.pkg, env)\n                    ^^^^^^^^^^^^^^^^^^^^^^^^^^^^^^^^^^^^^\n  File "/usr/lib/python3/dist-packages/colcon_core/task/python/__init__.py", line 20, in get_setup_data\n    return dict(pkg.metadata[key](env))\n                ^^^^^^^^^^^^^^^^^^^^^^\n  File "/usr/lib/python3/dist-packages/colcon_ros/package_augmentation/ros_ament_python.py", line 57, in getter\n    return get_setup_information(\n           ^^^^^^^^^^^^^^^^^^^^^^\n  File "/usr/lib/python3/dist-packages/colcon_python_setup_py/package_identification/python_setup_py.py", line 249, in get_setup_information\n    _setup_information_cache[hashable_env] = _get_setup_information(\n                                             ^^^^^^^^^^^^^^^^^^^^^^^\n  File "/usr/lib/python3/dist-packages/colcon_python_setup_py/package_identification/python_setup_py.py", line 296, in _get_setup_information\n    result = subprocess.run(\n             ^^^^^^^^^^^^^^^\n  File "/usr/lib/python3.12/subprocess.py", line 571, in run\n    raise CalledProcessError(retcode, process.args,\nsubprocess.CalledProcessError: Command \'[\'/usr/bin/python3\', \'-c\', \'import sys;from contextlib import suppress;exec("with suppress(ImportError):    from setuptools.extern.packaging.specifiers    import SpecifierSet");exec("with suppress(ImportError):    from packaging.specifiers import SpecifierSet");from distutils.core import run_setup;dist = run_setup(    \\\'setup.py\\\', script_args=(\\\'--dry-run\\\',), stop_after=\\\'config\\\');skip_keys = (\\\'cmdclass\\\', \\\'distclass\\\', \\\'ext_modules\\\', \\\'metadata\\\');data = {    key: value for key, value in dist.__dict__.items()     if (        not key.startswith(\\\'_\\\') and         not callable(value) and         key not in skip_keys and         key not in dist.display_option_names    )};data[\\\'metadata\\\'] = {    k: v for k, v in dist.metadata.__dict__.items()     if k not in (\\\'license_files\\\', \\\'provides_extras\\\')};sys.stdout.buffer.write(repr(data).encode(\\\'utf-8\\\'))\']\' returned non-zero exit status 1.\n'}
[1.380140] (canbus) JobEnded: {'identifier': 'canbus', 'rc': 1}
[1.413501] (-) TimerEvent: {}
[1.514909] (-) TimerEvent: {}
[1.616438] (-) TimerEvent: {}
[1.717345] (-) TimerEvent: {}
[1.818304] (-) TimerEvent: {}
[1.920214] (-) TimerEvent: {}
[2.021802] (-) TimerEvent: {}
[2.126814] (-) TimerEvent: {}
[2.227738] (-) TimerEvent: {}
[2.330293] (-) TimerEvent: {}
[2.431256] (-) TimerEvent: {}
[2.532199] (-) TimerEvent: {}
[2.634595] (-) TimerEvent: {}
[2.735647] (-) TimerEvent: {}
[2.837179] (-) TimerEvent: {}
[2.938681] (-) TimerEvent: {}
[3.039996] (-) TimerEvent: {}
[3.141453] (-) TimerEvent: {}
[3.242491] (-) TimerEvent: {}
[3.343681] (-) TimerEvent: {}
[3.422768] (bringup) JobEnded: {'identifier': 'bringup', 'rc': 'SIGINT'}
[3.426066] (drive_controller) JobEnded: {'identifier': 'drive_controller', 'rc': 'SIGINT'}
[3.426996] (model_description) JobEnded: {'identifier': 'model_description', 'rc': 'SIGINT'}
[3.427839] (ultrasonic) JobEnded: {'identifier': 'ultrasonic', 'rc': 'SIGINT'}
[3.429302] (remote) JobEnded: {'identifier': 'remote', 'rc': 'SIGINT'}
[3.437079] (-) EventReactorShutdown: {}
