[0.123s] DEBUG:colcon:Command line arguments: ['/usr/bin/colcon', 'build', '--symlink']
[0.123s] DEBUG:colcon:Parsed command line arguments: Namespace(log_base=None, log_level=None, verb_name='build', build_base='build', install_base='install', merge_install=False, symlink_install=True, test_result_base=None, continue_on_error=False, executor='parallel', parallel_workers=2, event_handlers=None, ignore_user_meta=False, metas=['./colcon.meta'], base_paths=['.'], packages_ignore=None, packages_ignore_regex=None, paths=None, packages_up_to=None, packages_up_to_regex=None, packages_above=None, packages_above_and_dependencies=None, packages_above_depth=None, packages_select_by_dep=None, packages_skip_by_dep=None, packages_skip_up_to=None, packages_select_build_failed=False, packages_skip_build_finished=False, packages_select_test_failures=False, packages_skip_test_passed=False, packages_select=None, packages_skip=None, packages_select_regex=None, packages_skip_regex=None, packages_start=None, packages_end=None, cmake_args=None, cmake_target=None, cmake_target_skip_unavailable=False, cmake_clean_cache=False, cmake_clean_first=False, cmake_force_configure=False, ament_cmake_args=None, catkin_cmake_args=None, catkin_skip_building_tests=False, verb_parser=<colcon_defaults.argument_parser.defaults.DefaultArgumentsDecorator object at 0x7d89b0ac1640>, verb_extension=<colcon_core.verb.build.BuildVerb object at 0x7d89b0ac0c50>, main=<bound method BuildVerb.main of <colcon_core.verb.build.BuildVerb object at 0x7d89b0ac0c50>>)
[0.169s] Level 1:colcon.colcon_core.package_discovery:discover_packages(colcon_meta) check parameters
[0.169s] Level 1:colcon.colcon_core.package_discovery:discover_packages(recursive) check parameters
[0.169s] Level 1:colcon.colcon_core.package_discovery:discover_packages(ignore) check parameters
[0.169s] Level 1:colcon.colcon_core.package_discovery:discover_packages(path) check parameters
[0.169s] Level 1:colcon.colcon_core.package_discovery:discover_packages(colcon_meta) discover
[0.169s] Level 1:colcon.colcon_core.package_discovery:discover_packages(recursive) discover
[0.169s] INFO:colcon.colcon_core.package_discovery:Crawling recursively for packages in '/home/orsted-793/Documents/AGV_EEPIS'
[0.169s] Level 1:colcon.colcon_core.package_identification:_identify(.) by extensions ['ignore', 'ignore_ament_install']
[0.169s] Level 1:colcon.colcon_core.package_identification:_identify(.) by extension 'ignore'
[0.169s] Level 1:colcon.colcon_core.package_identification:_identify(.) by extension 'ignore_ament_install'
[0.170s] Level 1:colcon.colcon_core.package_identification:_identify(.) by extensions ['colcon_pkg']
[0.170s] Level 1:colcon.colcon_core.package_identification:_identify(.) by extension 'colcon_pkg'
[0.170s] Level 1:colcon.colcon_core.package_identification:_identify(.) by extensions ['colcon_meta']
[0.170s] Level 1:colcon.colcon_core.package_identification:_identify(.) by extension 'colcon_meta'
[0.170s] Level 1:colcon.colcon_core.package_identification:_identify(.) by extensions ['ros']
[0.170s] Level 1:colcon.colcon_core.package_identification:_identify(.) by extension 'ros'
[0.201s] Level 1:colcon.colcon_core.package_identification:_identify(.) by extensions ['cmake', 'python']
[0.201s] Level 1:colcon.colcon_core.package_identification:_identify(.) by extension 'cmake'
[0.201s] Level 1:colcon.colcon_core.package_identification:_identify(.) by extension 'python'
[0.201s] Level 1:colcon.colcon_core.package_identification:_identify(.) by extensions ['python_setup_py']
[0.201s] Level 1:colcon.colcon_core.package_identification:_identify(.) by extension 'python_setup_py'
[0.201s] Level 1:colcon.colcon_core.package_identification:_identify(build) by extensions ['ignore', 'ignore_ament_install']
[0.201s] Level 1:colcon.colcon_core.package_identification:_identify(build) by extension 'ignore'
[0.201s] Level 1:colcon.colcon_core.package_identification:_identify(build) ignored
[0.202s] Level 1:colcon.colcon_core.package_identification:_identify(install) by extensions ['ignore', 'ignore_ament_install']
[0.202s] Level 1:colcon.colcon_core.package_identification:_identify(install) by extension 'ignore'
[0.202s] Level 1:colcon.colcon_core.package_identification:_identify(install) ignored
[0.202s] Level 1:colcon.colcon_core.package_identification:_identify(log) by extensions ['ignore', 'ignore_ament_install']
[0.202s] Level 1:colcon.colcon_core.package_identification:_identify(log) by extension 'ignore'
[0.202s] Level 1:colcon.colcon_core.package_identification:_identify(log) ignored
[0.202s] Level 1:colcon.colcon_core.package_identification:_identify(src) by extensions ['ignore', 'ignore_ament_install']
[0.202s] Level 1:colcon.colcon_core.package_identification:_identify(src) by extension 'ignore'
[0.202s] Level 1:colcon.colcon_core.package_identification:_identify(src) by extension 'ignore_ament_install'
[0.202s] Level 1:colcon.colcon_core.package_identification:_identify(src) by extensions ['colcon_pkg']
[0.202s] Level 1:colcon.colcon_core.package_identification:_identify(src) by extension 'colcon_pkg'
[0.202s] Level 1:colcon.colcon_core.package_identification:_identify(src) by extensions ['colcon_meta']
[0.202s] Level 1:colcon.colcon_core.package_identification:_identify(src) by extension 'colcon_meta'
[0.202s] Level 1:colcon.colcon_core.package_identification:_identify(src) by extensions ['ros']
[0.203s] Level 1:colcon.colcon_core.package_identification:_identify(src) by extension 'ros'
[0.203s] Level 1:colcon.colcon_core.package_identification:_identify(src) by extensions ['cmake', 'python']
[0.203s] Level 1:colcon.colcon_core.package_identification:_identify(src) by extension 'cmake'
[0.203s] Level 1:colcon.colcon_core.package_identification:_identify(src) by extension 'python'
[0.203s] Level 1:colcon.colcon_core.package_identification:_identify(src) by extensions ['python_setup_py']
[0.203s] Level 1:colcon.colcon_core.package_identification:_identify(src) by extension 'python_setup_py'
[0.203s] Level 1:colcon.colcon_core.package_identification:_identify(src/bringup) by extensions ['ignore', 'ignore_ament_install']
[0.203s] Level 1:colcon.colcon_core.package_identification:_identify(src/bringup) by extension 'ignore'
[0.203s] Level 1:colcon.colcon_core.package_identification:_identify(src/bringup) by extension 'ignore_ament_install'
[0.203s] Level 1:colcon.colcon_core.package_identification:_identify(src/bringup) by extensions ['colcon_pkg']
[0.203s] Level 1:colcon.colcon_core.package_identification:_identify(src/bringup) by extension 'colcon_pkg'
[0.203s] Level 1:colcon.colcon_core.package_identification:_identify(src/bringup) by extensions ['colcon_meta']
[0.204s] Level 1:colcon.colcon_core.package_identification:_identify(src/bringup) by extension 'colcon_meta'
[0.204s] Level 1:colcon.colcon_core.package_identification:_identify(src/bringup) by extensions ['ros']
[0.204s] Level 1:colcon.colcon_core.package_identification:_identify(src/bringup) by extension 'ros'
[0.207s] DEBUG:colcon.colcon_core.package_identification:Package 'src/bringup' with type 'ros.ament_python' and name 'bringup'
[0.208s] Level 1:colcon.colcon_core.package_identification:_identify(src/drive_controller) by extensions ['ignore', 'ignore_ament_install']
[0.208s] Level 1:colcon.colcon_core.package_identification:_identify(src/drive_controller) by extension 'ignore'
[0.208s] Level 1:colcon.colcon_core.package_identification:_identify(src/drive_controller) by extension 'ignore_ament_install'
[0.208s] Level 1:colcon.colcon_core.package_identification:_identify(src/drive_controller) by extensions ['colcon_pkg']
[0.208s] Level 1:colcon.colcon_core.package_identification:_identify(src/drive_controller) by extension 'colcon_pkg'
[0.208s] Level 1:colcon.colcon_core.package_identification:_identify(src/drive_controller) by extensions ['colcon_meta']
[0.208s] Level 1:colcon.colcon_core.package_identification:_identify(src/drive_controller) by extension 'colcon_meta'
[0.208s] Level 1:colcon.colcon_core.package_identification:_identify(src/drive_controller) by extensions ['ros']
[0.208s] Level 1:colcon.colcon_core.package_identification:_identify(src/drive_controller) by extension 'ros'
[0.209s] DEBUG:colcon.colcon_core.package_identification:Package 'src/drive_controller' with type 'ros.ament_python' and name 'drive_controller'
[0.209s] Level 1:colcon.colcon_core.package_identification:_identify(src/model_description) by extensions ['ignore', 'ignore_ament_install']
[0.209s] Level 1:colcon.colcon_core.package_identification:_identify(src/model_description) by extension 'ignore'
[0.209s] Level 1:colcon.colcon_core.package_identification:_identify(src/model_description) by extension 'ignore_ament_install'
[0.209s] Level 1:colcon.colcon_core.package_identification:_identify(src/model_description) by extensions ['colcon_pkg']
[0.209s] Level 1:colcon.colcon_core.package_identification:_identify(src/model_description) by extension 'colcon_pkg'
[0.209s] Level 1:colcon.colcon_core.package_identification:_identify(src/model_description) by extensions ['colcon_meta']
[0.209s] Level 1:colcon.colcon_core.package_identification:_identify(src/model_description) by extension 'colcon_meta'
[0.209s] Level 1:colcon.colcon_core.package_identification:_identify(src/model_description) by extensions ['ros']
[0.209s] Level 1:colcon.colcon_core.package_identification:_identify(src/model_description) by extension 'ros'
[0.210s] DEBUG:colcon.colcon_core.package_identification:Package 'src/model_description' with type 'ros.ament_python' and name 'model_description'
[0.210s] Level 1:colcon.colcon_core.package_discovery:discover_packages(recursive) using defaults
[0.210s] Level 1:colcon.colcon_core.package_discovery:discover_packages(ignore) discover
[0.210s] Level 1:colcon.colcon_core.package_discovery:discover_packages(ignore) using defaults
[0.210s] Level 1:colcon.colcon_core.package_discovery:discover_packages(path) discover
[0.210s] Level 1:colcon.colcon_core.package_discovery:discover_packages(path) using defaults
[0.232s] Level 5:colcon.colcon_core.verb:set package 'bringup' build argument 'cmake_args' from command line to 'None'
[0.232s] Level 5:colcon.colcon_core.verb:set package 'bringup' build argument 'cmake_target' from command line to 'None'
[0.233s] Level 5:colcon.colcon_core.verb:set package 'bringup' build argument 'cmake_target_skip_unavailable' from command line to 'False'
[0.233s] Level 5:colcon.colcon_core.verb:set package 'bringup' build argument 'cmake_clean_cache' from command line to 'False'
[0.233s] Level 5:colcon.colcon_core.verb:set package 'bringup' build argument 'cmake_clean_first' from command line to 'False'
[0.233s] Level 5:colcon.colcon_core.verb:set package 'bringup' build argument 'cmake_force_configure' from command line to 'False'
[0.233s] Level 5:colcon.colcon_core.verb:set package 'bringup' build argument 'ament_cmake_args' from command line to 'None'
[0.233s] Level 5:colcon.colcon_core.verb:set package 'bringup' build argument 'catkin_cmake_args' from command line to 'None'
[0.233s] Level 5:colcon.colcon_core.verb:set package 'bringup' build argument 'catkin_skip_building_tests' from command line to 'False'
[0.233s] DEBUG:colcon.colcon_core.verb:Building package 'bringup' with the following arguments: {'ament_cmake_args': None, 'build_base': '/home/orsted-793/Documents/AGV_EEPIS/build/bringup', 'catkin_cmake_args': None, 'catkin_skip_building_tests': False, 'cmake_args': None, 'cmake_clean_cache': False, 'cmake_clean_first': False, 'cmake_force_configure': False, 'cmake_target': None, 'cmake_target_skip_unavailable': False, 'install_base': '/home/orsted-793/Documents/AGV_EEPIS/install/bringup', 'merge_install': False, 'path': '/home/orsted-793/Documents/AGV_EEPIS/src/bringup', 'symlink_install': True, 'test_result_base': None}
[0.233s] Level 5:colcon.colcon_core.verb:set package 'drive_controller' build argument 'cmake_args' from command line to 'None'
[0.233s] Level 5:colcon.colcon_core.verb:set package 'drive_controller' build argument 'cmake_target' from command line to 'None'
[0.233s] Level 5:colcon.colcon_core.verb:set package 'drive_controller' build argument 'cmake_target_skip_unavailable' from command line to 'False'
[0.233s] Level 5:colcon.colcon_core.verb:set package 'drive_controller' build argument 'cmake_clean_cache' from command line to 'False'
[0.233s] Level 5:colcon.colcon_core.verb:set package 'drive_controller' build argument 'cmake_clean_first' from command line to 'False'
[0.233s] Level 5:colcon.colcon_core.verb:set package 'drive_controller' build argument 'cmake_force_configure' from command line to 'False'
[0.233s] Level 5:colcon.colcon_core.verb:set package 'drive_controller' build argument 'ament_cmake_args' from command line to 'None'
[0.233s] Level 5:colcon.colcon_core.verb:set package 'drive_controller' build argument 'catkin_cmake_args' from command line to 'None'
[0.233s] Level 5:colcon.colcon_core.verb:set package 'drive_controller' build argument 'catkin_skip_building_tests' from command line to 'False'
[0.233s] DEBUG:colcon.colcon_core.verb:Building package 'drive_controller' with the following arguments: {'ament_cmake_args': None, 'build_base': '/home/orsted-793/Documents/AGV_EEPIS/build/drive_controller', 'catkin_cmake_args': None, 'catkin_skip_building_tests': False, 'cmake_args': None, 'cmake_clean_cache': False, 'cmake_clean_first': False, 'cmake_force_configure': False, 'cmake_target': None, 'cmake_target_skip_unavailable': False, 'install_base': '/home/orsted-793/Documents/AGV_EEPIS/install/drive_controller', 'merge_install': False, 'path': '/home/orsted-793/Documents/AGV_EEPIS/src/drive_controller', 'symlink_install': True, 'test_result_base': None}
[0.234s] Level 5:colcon.colcon_core.verb:set package 'model_description' build argument 'cmake_args' from command line to 'None'
[0.234s] Level 5:colcon.colcon_core.verb:set package 'model_description' build argument 'cmake_target' from command line to 'None'
[0.234s] Level 5:colcon.colcon_core.verb:set package 'model_description' build argument 'cmake_target_skip_unavailable' from command line to 'False'
[0.234s] Level 5:colcon.colcon_core.verb:set package 'model_description' build argument 'cmake_clean_cache' from command line to 'False'
[0.234s] Level 5:colcon.colcon_core.verb:set package 'model_description' build argument 'cmake_clean_first' from command line to 'False'
[0.234s] Level 5:colcon.colcon_core.verb:set package 'model_description' build argument 'cmake_force_configure' from command line to 'False'
[0.234s] Level 5:colcon.colcon_core.verb:set package 'model_description' build argument 'ament_cmake_args' from command line to 'None'
[0.234s] Level 5:colcon.colcon_core.verb:set package 'model_description' build argument 'catkin_cmake_args' from command line to 'None'
[0.234s] Level 5:colcon.colcon_core.verb:set package 'model_description' build argument 'catkin_skip_building_tests' from command line to 'False'
[0.234s] DEBUG:colcon.colcon_core.verb:Building package 'model_description' with the following arguments: {'ament_cmake_args': None, 'build_base': '/home/orsted-793/Documents/AGV_EEPIS/build/model_description', 'catkin_cmake_args': None, 'catkin_skip_building_tests': False, 'cmake_args': None, 'cmake_clean_cache': False, 'cmake_clean_first': False, 'cmake_force_configure': False, 'cmake_target': None, 'cmake_target_skip_unavailable': False, 'install_base': '/home/orsted-793/Documents/AGV_EEPIS/install/model_description', 'merge_install': False, 'path': '/home/orsted-793/Documents/AGV_EEPIS/src/model_description', 'symlink_install': True, 'test_result_base': None}
[0.234s] INFO:colcon.colcon_core.executor:Executing jobs using 'parallel' executor
[0.235s] DEBUG:colcon.colcon_parallel_executor.executor.parallel:run_until_complete
[0.236s] INFO:colcon.colcon_ros.task.ament_python.build:Building ROS package in '/home/orsted-793/Documents/AGV_EEPIS/src/bringup' with build type 'ament_python'
[0.236s] Level 1:colcon.colcon_core.shell:create_environment_hook('bringup', 'ament_prefix_path')
[0.238s] INFO:colcon.colcon_core.plugin_system:Skipping extension 'colcon_core.shell.bat': Not used on non-Windows systems
[0.238s] INFO:colcon.colcon_core.shell:Creating environment descriptor '/home/orsted-793/Documents/AGV_EEPIS/install/bringup/share/bringup/hook/ament_prefix_path.dsv'
[0.239s] INFO:colcon.colcon_core.shell:Creating environment hook '/home/orsted-793/Documents/AGV_EEPIS/install/bringup/share/bringup/hook/ament_prefix_path.sh'
[0.241s] DEBUG:colcon.colcon_core.shell:Skip shell extension 'dsv' for command environment
[0.242s] WARNING:colcon.colcon_ros.prefix_path.ament:The path '/home/orsted-793/Documents/AGV_EEPIS/install/model_description' in the environment variable AMENT_PREFIX_PATH doesn't exist
[0.242s] WARNING:colcon.colcon_ros.prefix_path.ament:The path '/home/orsted-793/Documents/AGV_EEPIS/install/drive_controller' in the environment variable AMENT_PREFIX_PATH doesn't exist
[0.248s] INFO:colcon.colcon_ros.task.ament_python.build:Building ROS package in '/home/orsted-793/Documents/AGV_EEPIS/src/drive_controller' with build type 'ament_python'
[0.249s] Level 1:colcon.colcon_core.shell:create_environment_hook('drive_controller', 'ament_prefix_path')
[0.249s] INFO:colcon.colcon_core.shell:Creating environment descriptor '/home/orsted-793/Documents/AGV_EEPIS/install/drive_controller/share/drive_controller/hook/ament_prefix_path.dsv'
[0.250s] INFO:colcon.colcon_core.shell:Creating environment hook '/home/orsted-793/Documents/AGV_EEPIS/install/drive_controller/share/drive_controller/hook/ament_prefix_path.sh'
[0.251s] DEBUG:colcon.colcon_core.shell:Skip shell extension 'dsv' for command environment
[0.533s] INFO:colcon.colcon_core.task.python.build:Building Python package in '/home/orsted-793/Documents/AGV_EEPIS/src/bringup'
[0.533s] DEBUG:colcon.colcon_core.shell:Skip shell extension 'dsv' for command environment
[0.823s] INFO:colcon.colcon_core.task.python.build:Building Python package in '/home/orsted-793/Documents/AGV_EEPIS/src/drive_controller'
[0.824s] DEBUG:colcon.colcon_core.shell:Skip shell extension 'dsv' for command environment
[1.627s] DEBUG:colcon.colcon_core.event_handler.log_command:Invoking command in '/home/orsted-793/Documents/AGV_EEPIS/build/bringup': DEBUGINFOD_URLS=https://debuginfod.ubuntu.com PYTHONPATH=/home/orsted-793/Documents/AGV_EEPIS/build/bringup/prefix_override:/usr/lib/python3/dist-packages/colcon_core/task/python/colcon_distutils_commands:/home/orsted-793/Documents/AGV_EEPIS/install/bringup/lib/python3.12/site-packages:${PYTHONPATH} /usr/bin/python3 -W ignore:setup.py install is deprecated -W ignore:easy_install command is deprecated setup.py develop --editable --build-directory /home/orsted-793/Documents/AGV_EEPIS/build/bringup/build --no-deps symlink_data
[1.672s] DEBUG:colcon.colcon_core.event_handler.log_command:Invoking command in '/home/orsted-793/Documents/AGV_EEPIS/build/drive_controller': DEBUGINFOD_URLS=https://debuginfod.ubuntu.com PYTHONPATH=/home/orsted-793/Documents/AGV_EEPIS/build/drive_controller/prefix_override:/usr/lib/python3/dist-packages/colcon_core/task/python/colcon_distutils_commands:/home/orsted-793/Documents/AGV_EEPIS/install/drive_controller/lib/python3.12/site-packages:${PYTHONPATH} /usr/bin/python3 -W ignore:setup.py install is deprecated -W ignore:easy_install command is deprecated setup.py develop --editable --build-directory /home/orsted-793/Documents/AGV_EEPIS/build/drive_controller/build --no-deps symlink_data
[2.513s] Level 1:colcon.colcon_core.shell:create_environment_hook('bringup', 'pythonpath_develop')
[2.513s] INFO:colcon.colcon_core.shell:Creating environment descriptor '/home/orsted-793/Documents/AGV_EEPIS/build/bringup/share/bringup/hook/pythonpath_develop.dsv'
[2.514s] DEBUG:colcon.colcon_core.event_handler.log_command:Invoked command in '/home/orsted-793/Documents/AGV_EEPIS/build/bringup' returned '0': DEBUGINFOD_URLS=https://debuginfod.ubuntu.com PYTHONPATH=/home/orsted-793/Documents/AGV_EEPIS/build/bringup/prefix_override:/usr/lib/python3/dist-packages/colcon_core/task/python/colcon_distutils_commands:/home/orsted-793/Documents/AGV_EEPIS/install/bringup/lib/python3.12/site-packages:${PYTHONPATH} /usr/bin/python3 -W ignore:setup.py install is deprecated -W ignore:easy_install command is deprecated setup.py develop --editable --build-directory /home/orsted-793/Documents/AGV_EEPIS/build/bringup/build --no-deps symlink_data
[2.514s] INFO:colcon.colcon_core.shell:Creating environment hook '/home/orsted-793/Documents/AGV_EEPIS/build/bringup/share/bringup/hook/pythonpath_develop.sh'
[2.518s] Level 1:colcon.colcon_core.environment:checking '/home/orsted-793/Documents/AGV_EEPIS/install/bringup' for CMake module files
[2.518s] Level 1:colcon.colcon_core.environment:checking '/home/orsted-793/Documents/AGV_EEPIS/install/bringup' for CMake config files
[2.519s] Level 1:colcon.colcon_core.environment:checking '/home/orsted-793/Documents/AGV_EEPIS/install/bringup/lib'
[2.519s] Level 1:colcon.colcon_core.environment:checking '/home/orsted-793/Documents/AGV_EEPIS/install/bringup/bin'
[2.519s] Level 1:colcon.colcon_core.environment:checking '/home/orsted-793/Documents/AGV_EEPIS/install/bringup/lib/pkgconfig/bringup.pc'
[2.520s] Level 1:colcon.colcon_core.environment:checking '/home/orsted-793/Documents/AGV_EEPIS/install/bringup/lib/python3.12/site-packages'
[2.520s] Level 1:colcon.colcon_core.shell:create_environment_hook('bringup', 'pythonpath')
[2.520s] INFO:colcon.colcon_core.shell:Creating environment descriptor '/home/orsted-793/Documents/AGV_EEPIS/install/bringup/share/bringup/hook/pythonpath.dsv'
[2.520s] INFO:colcon.colcon_core.shell:Creating environment hook '/home/orsted-793/Documents/AGV_EEPIS/install/bringup/share/bringup/hook/pythonpath.sh'
[2.521s] Level 1:colcon.colcon_core.environment:checking '/home/orsted-793/Documents/AGV_EEPIS/install/bringup/bin'
[2.521s] Level 1:colcon.colcon_core.environment:create_environment_scripts_only(bringup)
[2.522s] INFO:colcon.colcon_core.shell:Creating package descriptor '/home/orsted-793/Documents/AGV_EEPIS/install/bringup/share/bringup/package.dsv'
[2.522s] INFO:colcon.colcon_core.shell:Creating package script '/home/orsted-793/Documents/AGV_EEPIS/install/bringup/share/bringup/package.sh'
[2.523s] INFO:colcon.colcon_core.shell:Creating package script '/home/orsted-793/Documents/AGV_EEPIS/install/bringup/share/bringup/package.bash'
[2.524s] INFO:colcon.colcon_core.shell:Creating package script '/home/orsted-793/Documents/AGV_EEPIS/install/bringup/share/bringup/package.zsh'
[2.525s] Level 1:colcon.colcon_core.environment:create_file_with_runtime_dependencies(/home/orsted-793/Documents/AGV_EEPIS/install/bringup/share/colcon-core/packages/bringup)
[2.527s] INFO:colcon.colcon_ros.task.ament_python.build:Building ROS package in '/home/orsted-793/Documents/AGV_EEPIS/src/model_description' with build type 'ament_python'
[2.528s] Level 1:colcon.colcon_core.shell:create_environment_hook('model_description', 'ament_prefix_path')
[2.528s] INFO:colcon.colcon_core.shell:Creating environment descriptor '/home/orsted-793/Documents/AGV_EEPIS/install/model_description/share/model_description/hook/ament_prefix_path.dsv'
[2.529s] INFO:colcon.colcon_core.shell:Creating environment hook '/home/orsted-793/Documents/AGV_EEPIS/install/model_description/share/model_description/hook/ament_prefix_path.sh'
[2.530s] DEBUG:colcon.colcon_core.shell:Skip shell extension 'dsv' for command environment
[2.819s] INFO:colcon.colcon_core.task.python.build:Building Python package in '/home/orsted-793/Documents/AGV_EEPIS/src/model_description'
[2.820s] DEBUG:colcon.colcon_core.shell:Skip shell extension 'dsv' for command environment
[2.830s] Level 1:colcon.colcon_core.shell:create_environment_hook('drive_controller', 'pythonpath_develop')
[2.831s] INFO:colcon.colcon_core.shell:Creating environment descriptor '/home/orsted-793/Documents/AGV_EEPIS/build/drive_controller/share/drive_controller/hook/pythonpath_develop.dsv'
[2.831s] DEBUG:colcon.colcon_core.event_handler.log_command:Invoked command in '/home/orsted-793/Documents/AGV_EEPIS/build/drive_controller' returned '0': DEBUGINFOD_URLS=https://debuginfod.ubuntu.com PYTHONPATH=/home/orsted-793/Documents/AGV_EEPIS/build/drive_controller/prefix_override:/usr/lib/python3/dist-packages/colcon_core/task/python/colcon_distutils_commands:/home/orsted-793/Documents/AGV_EEPIS/install/drive_controller/lib/python3.12/site-packages:${PYTHONPATH} /usr/bin/python3 -W ignore:setup.py install is deprecated -W ignore:easy_install command is deprecated setup.py develop --editable --build-directory /home/orsted-793/Documents/AGV_EEPIS/build/drive_controller/build --no-deps symlink_data
[2.832s] INFO:colcon.colcon_core.shell:Creating environment hook '/home/orsted-793/Documents/AGV_EEPIS/build/drive_controller/share/drive_controller/hook/pythonpath_develop.sh'
[2.834s] Level 1:colcon.colcon_core.environment:checking '/home/orsted-793/Documents/AGV_EEPIS/install/drive_controller' for CMake module files
[2.835s] Level 1:colcon.colcon_core.environment:checking '/home/orsted-793/Documents/AGV_EEPIS/install/drive_controller' for CMake config files
[2.836s] Level 1:colcon.colcon_core.environment:checking '/home/orsted-793/Documents/AGV_EEPIS/install/drive_controller/lib'
[2.836s] Level 1:colcon.colcon_core.environment:checking '/home/orsted-793/Documents/AGV_EEPIS/install/drive_controller/bin'
[2.836s] Level 1:colcon.colcon_core.environment:checking '/home/orsted-793/Documents/AGV_EEPIS/install/drive_controller/lib/pkgconfig/drive_controller.pc'
[2.837s] Level 1:colcon.colcon_core.environment:checking '/home/orsted-793/Documents/AGV_EEPIS/install/drive_controller/lib/python3.12/site-packages'
[2.837s] Level 1:colcon.colcon_core.shell:create_environment_hook('drive_controller', 'pythonpath')
[2.838s] INFO:colcon.colcon_core.shell:Creating environment descriptor '/home/orsted-793/Documents/AGV_EEPIS/install/drive_controller/share/drive_controller/hook/pythonpath.dsv'
[2.838s] INFO:colcon.colcon_core.shell:Creating environment hook '/home/orsted-793/Documents/AGV_EEPIS/install/drive_controller/share/drive_controller/hook/pythonpath.sh'
[2.840s] Level 1:colcon.colcon_core.environment:checking '/home/orsted-793/Documents/AGV_EEPIS/install/drive_controller/bin'
[2.840s] Level 1:colcon.colcon_core.environment:create_environment_scripts_only(drive_controller)
[2.841s] INFO:colcon.colcon_core.shell:Creating package descriptor '/home/orsted-793/Documents/AGV_EEPIS/install/drive_controller/share/drive_controller/package.dsv'
[2.842s] INFO:colcon.colcon_core.shell:Creating package script '/home/orsted-793/Documents/AGV_EEPIS/install/drive_controller/share/drive_controller/package.sh'
[2.843s] INFO:colcon.colcon_core.shell:Creating package script '/home/orsted-793/Documents/AGV_EEPIS/install/drive_controller/share/drive_controller/package.bash'
[2.844s] INFO:colcon.colcon_core.shell:Creating package script '/home/orsted-793/Documents/AGV_EEPIS/install/drive_controller/share/drive_controller/package.zsh'
[2.844s] Level 1:colcon.colcon_core.environment:create_file_with_runtime_dependencies(/home/orsted-793/Documents/AGV_EEPIS/install/drive_controller/share/colcon-core/packages/drive_controller)
[3.728s] DEBUG:colcon.colcon_core.event_handler.log_command:Invoking command in '/home/orsted-793/Documents/AGV_EEPIS/build/model_description': DEBUGINFOD_URLS=https://debuginfod.ubuntu.com PYTHONPATH=/home/orsted-793/Documents/AGV_EEPIS/build/model_description/prefix_override:/usr/lib/python3/dist-packages/colcon_core/task/python/colcon_distutils_commands:/home/orsted-793/Documents/AGV_EEPIS/install/model_description/lib/python3.12/site-packages:${PYTHONPATH} /usr/bin/python3 -W ignore:setup.py install is deprecated -W ignore:easy_install command is deprecated setup.py develop --editable --build-directory /home/orsted-793/Documents/AGV_EEPIS/build/model_description/build --no-deps symlink_data
[4.569s] Level 1:colcon.colcon_core.shell:create_environment_hook('model_description', 'pythonpath_develop')
[4.570s] DEBUG:colcon.colcon_core.event_handler.log_command:Invoked command in '/home/orsted-793/Documents/AGV_EEPIS/build/model_description' returned '0': DEBUGINFOD_URLS=https://debuginfod.ubuntu.com PYTHONPATH=/home/orsted-793/Documents/AGV_EEPIS/build/model_description/prefix_override:/usr/lib/python3/dist-packages/colcon_core/task/python/colcon_distutils_commands:/home/orsted-793/Documents/AGV_EEPIS/install/model_description/lib/python3.12/site-packages:${PYTHONPATH} /usr/bin/python3 -W ignore:setup.py install is deprecated -W ignore:easy_install command is deprecated setup.py develop --editable --build-directory /home/orsted-793/Documents/AGV_EEPIS/build/model_description/build --no-deps symlink_data
[4.570s] INFO:colcon.colcon_core.shell:Creating environment descriptor '/home/orsted-793/Documents/AGV_EEPIS/build/model_description/share/model_description/hook/pythonpath_develop.dsv'
[4.572s] INFO:colcon.colcon_core.shell:Creating environment hook '/home/orsted-793/Documents/AGV_EEPIS/build/model_description/share/model_description/hook/pythonpath_develop.sh'
[4.573s] Level 1:colcon.colcon_core.environment:checking '/home/orsted-793/Documents/AGV_EEPIS/install/model_description' for CMake module files
[4.574s] Level 1:colcon.colcon_core.environment:checking '/home/orsted-793/Documents/AGV_EEPIS/install/model_description' for CMake config files
[4.578s] Level 1:colcon.colcon_core.environment:checking '/home/orsted-793/Documents/AGV_EEPIS/install/model_description/lib'
[4.578s] Level 1:colcon.colcon_core.environment:checking '/home/orsted-793/Documents/AGV_EEPIS/install/model_description/bin'
[4.578s] Level 1:colcon.colcon_core.environment:checking '/home/orsted-793/Documents/AGV_EEPIS/install/model_description/lib/pkgconfig/model_description.pc'
[4.579s] Level 1:colcon.colcon_core.environment:checking '/home/orsted-793/Documents/AGV_EEPIS/install/model_description/lib/python3.12/site-packages'
[4.579s] Level 1:colcon.colcon_core.shell:create_environment_hook('model_description', 'pythonpath')
[4.579s] INFO:colcon.colcon_core.shell:Creating environment descriptor '/home/orsted-793/Documents/AGV_EEPIS/install/model_description/share/model_description/hook/pythonpath.dsv'
[4.580s] INFO:colcon.colcon_core.shell:Creating environment hook '/home/orsted-793/Documents/AGV_EEPIS/install/model_description/share/model_description/hook/pythonpath.sh'
[4.581s] Level 1:colcon.colcon_core.environment:checking '/home/orsted-793/Documents/AGV_EEPIS/install/model_description/bin'
[4.581s] Level 1:colcon.colcon_core.environment:create_environment_scripts_only(model_description)
[4.581s] INFO:colcon.colcon_core.shell:Creating package descriptor '/home/orsted-793/Documents/AGV_EEPIS/install/model_description/share/model_description/package.dsv'
[4.582s] INFO:colcon.colcon_core.shell:Creating package script '/home/orsted-793/Documents/AGV_EEPIS/install/model_description/share/model_description/package.sh'
[4.582s] INFO:colcon.colcon_core.shell:Creating package script '/home/orsted-793/Documents/AGV_EEPIS/install/model_description/share/model_description/package.bash'
[4.583s] INFO:colcon.colcon_core.shell:Creating package script '/home/orsted-793/Documents/AGV_EEPIS/install/model_description/share/model_description/package.zsh'
[4.583s] Level 1:colcon.colcon_core.environment:create_file_with_runtime_dependencies(/home/orsted-793/Documents/AGV_EEPIS/install/model_description/share/colcon-core/packages/model_description)
[4.583s] DEBUG:colcon.colcon_parallel_executor.executor.parallel:closing loop
[4.584s] DEBUG:colcon.colcon_parallel_executor.executor.parallel:loop closed
[4.584s] DEBUG:colcon.colcon_parallel_executor.executor.parallel:run_until_complete finished with '0'
[4.584s] DEBUG:colcon.colcon_core.event_reactor:joining thread
[4.601s] INFO:colcon.colcon_core.plugin_system:Skipping extension 'colcon_notification.desktop_notification.terminal_notifier': Not used on non-Darwin systems
[4.601s] INFO:colcon.colcon_core.plugin_system:Skipping extension 'colcon_notification.desktop_notification.win32': Not used on non-Windows systems
[4.601s] INFO:colcon.colcon_notification.desktop_notification:Sending desktop notification using 'notify2'
[4.621s] DEBUG:colcon.colcon_core.event_reactor:joined thread
[4.621s] INFO:colcon.colcon_core.shell:Creating prefix script '/home/orsted-793/Documents/AGV_EEPIS/install/local_setup.sh'
[4.622s] INFO:colcon.colcon_core.shell:Creating prefix util module '/home/orsted-793/Documents/AGV_EEPIS/install/_local_setup_util_sh.py'
[4.624s] INFO:colcon.colcon_core.shell:Creating prefix chain script '/home/orsted-793/Documents/AGV_EEPIS/install/setup.sh'
[4.626s] INFO:colcon.colcon_core.shell:Creating prefix script '/home/orsted-793/Documents/AGV_EEPIS/install/local_setup.bash'
[4.627s] INFO:colcon.colcon_core.shell:Creating prefix chain script '/home/orsted-793/Documents/AGV_EEPIS/install/setup.bash'
[4.628s] INFO:colcon.colcon_core.shell:Creating prefix script '/home/orsted-793/Documents/AGV_EEPIS/install/local_setup.zsh'
[4.628s] INFO:colcon.colcon_core.shell:Creating prefix chain script '/home/orsted-793/Documents/AGV_EEPIS/install/setup.zsh'
