[3.382s] Invoking command in '/home/orsted/AGV_EEPIS/build/ultrasonic': DEBUGINFOD_URLS=https://debuginfod.ubuntu.com PYTHONPATH=/home/orsted/AGV_EEPIS/build/ultrasonic/prefix_override:/usr/lib/python3/dist-packages/colcon_core/task/python/colcon_distutils_commands:/home/orsted/AGV_EEPIS/install/ultrasonic/lib/python3.12/site-packages:${PYTHONPATH} /usr/bin/python3 -W ignore:setup.py install is deprecated -W ignore:easy_install command is deprecated setup.py develop --editable --build-directory /home/orsted/AGV_EEPIS/build/ultrasonic/build --no-deps symlink_data
[4.257s] running develop
[4.813s] running egg_info
[4.813s] creating ultrasonic.egg-info
[4.868s] writing ultrasonic.egg-info/PKG-INFO
[4.868s] writing dependency_links to ultrasonic.egg-info/dependency_links.txt
[4.869s] writing requirements to ultrasonic.egg-info/requires.txt
[4.869s] writing top-level names to ultrasonic.egg-info/top_level.txt
[4.869s] writing manifest file 'ultrasonic.egg-info/SOURCES.txt'
[4.982s] reading manifest file 'ultrasonic.egg-info/SOURCES.txt'
[4.983s] writing manifest file 'ultrasonic.egg-info/SOURCES.txt'
[5.043s] running build_ext
[5.043s] Creating /home/orsted/AGV_EEPIS/install/ultrasonic/lib/python3.12/site-packages/ultrasonic.egg-link (link to .)
[5.045s] 
[5.045s] Installed /home/orsted/AGV_EEPIS/build/ultrasonic
[5.046s] running symlink_data
[5.046s] creating /home/orsted/AGV_EEPIS/install/ultrasonic/share/ament_index
[5.046s] creating /home/orsted/AGV_EEPIS/install/ultrasonic/share/ament_index/resource_index
[5.046s] creating /home/orsted/AGV_EEPIS/install/ultrasonic/share/ament_index/resource_index/packages
[5.047s] symbolically linking /home/orsted/AGV_EEPIS/build/ultrasonic/resource/ultrasonic -> /home/orsted/AGV_EEPIS/install/ultrasonic/share/ament_index/resource_index/packages
[5.047s] symbolically linking /home/orsted/AGV_EEPIS/build/ultrasonic/package.xml -> /home/orsted/AGV_EEPIS/install/ultrasonic/share/ultrasonic
[5.211s] Invoked command in '/home/orsted/AGV_EEPIS/build/ultrasonic' returned '0': DEBUGINFOD_URLS=https://debuginfod.ubuntu.com PYTHONPATH=/home/orsted/AGV_EEPIS/build/ultrasonic/prefix_override:/usr/lib/python3/dist-packages/colcon_core/task/python/colcon_distutils_commands:/home/orsted/AGV_EEPIS/install/ultrasonic/lib/python3.12/site-packages:${PYTHONPATH} /usr/bin/python3 -W ignore:setup.py install is deprecated -W ignore:easy_install command is deprecated setup.py develop --editable --build-directory /home/orsted/AGV_EEPIS/build/ultrasonic/build --no-deps symlink_data
