[5.322s] Invoking command in '/home/orsted/AGV_EEPIS/build/slam': DEBUGINFOD_URLS=https://debuginfod.ubuntu.com PYTHONPATH=/home/orsted/AGV_EEPIS/build/slam/prefix_override:/usr/lib/python3/dist-packages/colcon_core/task/python/colcon_distutils_commands:/home/orsted/AGV_EEPIS/install/slam/lib/python3.12/site-packages:${PYTHONPATH} /usr/bin/python3 -W ignore:setup.py install is deprecated -W ignore:easy_install command is deprecated setup.py develop --editable --build-directory /home/orsted/AGV_EEPIS/build/slam/build --no-deps symlink_data
[6.380s] running develop
[6.985s] running egg_info
[6.985s] creating slam.egg-info
[7.047s] writing slam.egg-info/PKG-INFO
[7.048s] writing dependency_links to slam.egg-info/dependency_links.txt
[7.049s] writing requirements to slam.egg-info/requires.txt
[7.049s] writing top-level names to slam.egg-info/top_level.txt
[7.049s] writing manifest file 'slam.egg-info/SOURCES.txt'
[7.176s] reading manifest file 'slam.egg-info/SOURCES.txt'
[7.177s] writing manifest file 'slam.egg-info/SOURCES.txt'
[7.247s] running build_ext
[7.247s] Creating /home/orsted/AGV_EEPIS/install/slam/lib/python3.12/site-packages/slam.egg-link (link to .)
[7.248s] 
[7.248s] Installed /home/orsted/AGV_EEPIS/build/slam
[7.249s] running symlink_data
[7.249s] creating /home/orsted/AGV_EEPIS/install/slam/share/ament_index
[7.249s] creating /home/orsted/AGV_EEPIS/install/slam/share/ament_index/resource_index
[7.249s] creating /home/orsted/AGV_EEPIS/install/slam/share/ament_index/resource_index/packages
[7.249s] symbolically linking /home/orsted/AGV_EEPIS/build/slam/resource/slam -> /home/orsted/AGV_EEPIS/install/slam/share/ament_index/resource_index/packages
[7.250s] symbolically linking /home/orsted/AGV_EEPIS/build/slam/package.xml -> /home/orsted/AGV_EEPIS/install/slam/share/slam
[7.250s] creating /home/orsted/AGV_EEPIS/install/slam/share/slam/launch
[7.250s] symbolically linking /home/orsted/AGV_EEPIS/build/slam/launch/slam.launch.py -> /home/orsted/AGV_EEPIS/install/slam/share/slam/launch
[7.250s] creating /home/orsted/AGV_EEPIS/install/slam/share/slam/config
[7.250s] symbolically linking /home/orsted/AGV_EEPIS/build/slam/config/display.rviz -> /home/orsted/AGV_EEPIS/install/slam/share/slam/config
[7.250s] symbolically linking /home/orsted/AGV_EEPIS/build/slam/config/rtabmap_param.yaml -> /home/orsted/AGV_EEPIS/install/slam/share/slam/config
[7.467s] Invoked command in '/home/orsted/AGV_EEPIS/build/slam' returned '0': DEBUGINFOD_URLS=https://debuginfod.ubuntu.com PYTHONPATH=/home/orsted/AGV_EEPIS/build/slam/prefix_override:/usr/lib/python3/dist-packages/colcon_core/task/python/colcon_distutils_commands:/home/orsted/AGV_EEPIS/install/slam/lib/python3.12/site-packages:${PYTHONPATH} /usr/bin/python3 -W ignore:setup.py install is deprecated -W ignore:easy_install command is deprecated setup.py develop --editable --build-directory /home/orsted/AGV_EEPIS/build/slam/build --no-deps symlink_data
