[2.331s] Invoking command in '/home/orsted-793/Documents/AGV_EEPIS/build/drive_controller': DEBUGINFOD_URLS=https://debuginfod.ubuntu.com PYTHONPATH=/home/orsted-793/Documents/AGV_EEPIS/build/drive_controller/prefix_override:/usr/lib/python3/dist-packages/colcon_core/task/python/colcon_distutils_commands:/home/orsted-793/Documents/AGV_EEPIS/install/drive_controller/lib/python3.12/site-packages:${PYTHONPATH} /usr/bin/python3 -W ignore:setup.py install is deprecated -W ignore:easy_install command is deprecated setup.py develop --editable --build-directory /home/orsted-793/Documents/AGV_EEPIS/build/drive_controller/build --no-deps symlink_data
[3.179s] running develop
[3.699s] running egg_info
[3.699s] creating drive_controller.egg-info
[3.740s] writing drive_controller.egg-info/PKG-INFO
[3.741s] writing dependency_links to drive_controller.egg-info/dependency_links.txt
[3.742s] writing requirements to drive_controller.egg-info/requires.txt
[3.743s] writing top-level names to drive_controller.egg-info/top_level.txt
[3.743s] writing manifest file 'drive_controller.egg-info/SOURCES.txt'
[3.832s] reading manifest file 'drive_controller.egg-info/SOURCES.txt'
[3.834s] writing manifest file 'drive_controller.egg-info/SOURCES.txt'
[3.878s] running build_ext
[3.879s] Creating /home/orsted-793/Documents/AGV_EEPIS/install/drive_controller/lib/python3.12/site-packages/drive-controller.egg-link (link to .)
[3.880s] 
[3.881s] Installed /home/orsted-793/Documents/AGV_EEPIS/build/drive_controller
[3.882s] running symlink_data
[3.882s] creating /home/orsted-793/Documents/AGV_EEPIS/install/drive_controller/share/ament_index
[3.882s] creating /home/orsted-793/Documents/AGV_EEPIS/install/drive_controller/share/ament_index/resource_index
[3.883s] creating /home/orsted-793/Documents/AGV_EEPIS/install/drive_controller/share/ament_index/resource_index/packages
[3.884s] symbolically linking /home/orsted-793/Documents/AGV_EEPIS/build/drive_controller/resource/drive_controller -> /home/orsted-793/Documents/AGV_EEPIS/install/drive_controller/share/ament_index/resource_index/packages
[3.884s] symbolically linking /home/orsted-793/Documents/AGV_EEPIS/build/drive_controller/package.xml -> /home/orsted-793/Documents/AGV_EEPIS/install/drive_controller/share/drive_controller
[3.885s] creating /home/orsted-793/Documents/AGV_EEPIS/install/drive_controller/share/drive_controller/launch
[3.992s] Invoked command in '/home/orsted-793/Documents/AGV_EEPIS/build/drive_controller' returned '0': DEBUGINFOD_URLS=https://debuginfod.ubuntu.com PYTHONPATH=/home/orsted-793/Documents/AGV_EEPIS/build/drive_controller/prefix_override:/usr/lib/python3/dist-packages/colcon_core/task/python/colcon_distutils_commands:/home/orsted-793/Documents/AGV_EEPIS/install/drive_controller/lib/python3.12/site-packages:${PYTHONPATH} /usr/bin/python3 -W ignore:setup.py install is deprecated -W ignore:easy_install command is deprecated setup.py develop --editable --build-directory /home/orsted-793/Documents/AGV_EEPIS/build/drive_controller/build --no-deps symlink_data
