[5.078s] Invoking command in '/home/orsted/AGV_EEPIS/build/ultrasonic': DEBUGINFOD_URLS=https://debuginfod.ubuntu.com PYTHONPATH=/home/orsted/AGV_EEPIS/build/ultrasonic/prefix_override:/usr/lib/python3/dist-packages/colcon_core/task/python/colcon_distutils_commands:/home/orsted/AGV_EEPIS/install/ultrasonic/lib/python3.12/site-packages:${PYTHONPATH} VIRTUAL_ENV_PROMPT=(.venv) /usr/bin/python3 -W ignore:setup.py install is deprecated -W ignore:easy_install command is deprecated setup.py develop --editable --build-directory /home/orsted/AGV_EEPIS/build/ultrasonic/build --no-deps symlink_data
[6.403s] running develop
[6.410s] running egg_info
[6.410s] creating ultrasonic.egg-info
[6.410s] writing ultrasonic.egg-info/PKG-INFO
[6.410s] writing dependency_links to ultrasonic.egg-info/dependency_links.txt
[6.410s] writing requirements to ultrasonic.egg-info/requires.txt
[6.410s] writing top-level names to ultrasonic.egg-info/top_level.txt
[6.411s] writing manifest file 'ultrasonic.egg-info/SOURCES.txt'
[6.411s] reading manifest file 'ultrasonic.egg-info/SOURCES.txt'
[6.411s] writing manifest file 'ultrasonic.egg-info/SOURCES.txt'
[6.460s] running build_ext
[6.460s] Creating /home/orsted/AGV_EEPIS/install/ultrasonic/lib/python3.12/site-packages/ultrasonic.egg-link (link to .)
[6.461s] 
[6.461s] Installed /home/orsted/AGV_EEPIS/build/ultrasonic
[6.461s] running symlink_data
[6.461s] creating /home/orsted/AGV_EEPIS/install/ultrasonic/share/ament_index
[6.462s] creating /home/orsted/AGV_EEPIS/install/ultrasonic/share/ament_index/resource_index
[6.462s] creating /home/orsted/AGV_EEPIS/install/ultrasonic/share/ament_index/resource_index/packages
[6.462s] symbolically linking /home/orsted/AGV_EEPIS/build/ultrasonic/resource/ultrasonic -> /home/orsted/AGV_EEPIS/install/ultrasonic/share/ament_index/resource_index/packages
[6.462s] symbolically linking /home/orsted/AGV_EEPIS/build/ultrasonic/package.xml -> /home/orsted/AGV_EEPIS/install/ultrasonic/share/ultrasonic
[6.560s] Invoked command in '/home/orsted/AGV_EEPIS/build/ultrasonic' returned '0': DEBUGINFOD_URLS=https://debuginfod.ubuntu.com PYTHONPATH=/home/orsted/AGV_EEPIS/build/ultrasonic/prefix_override:/usr/lib/python3/dist-packages/colcon_core/task/python/colcon_distutils_commands:/home/orsted/AGV_EEPIS/install/ultrasonic/lib/python3.12/site-packages:${PYTHONPATH} VIRTUAL_ENV_PROMPT=(.venv) /usr/bin/python3 -W ignore:setup.py install is deprecated -W ignore:easy_install command is deprecated setup.py develop --editable --build-directory /home/orsted/AGV_EEPIS/build/ultrasonic/build --no-deps symlink_data
