[7.525s] Invoking command in '/home/orsted/AGV_EEPIS/build/bringup': DEBUGINFOD_URLS=https://debuginfod.ubuntu.com PYTHONPATH=/home/orsted/AGV_EEPIS/build/bringup/prefix_override:/usr/lib/python3/dist-packages/colcon_core/task/python/colcon_distutils_commands:/home/orsted/AGV_EEPIS/install/bringup/lib/python3.12/site-packages:${PYTHONPATH} /usr/bin/python3 -W ignore:setup.py install is deprecated -W ignore:easy_install command is deprecated setup.py develop --editable --build-directory /home/orsted/AGV_EEPIS/build/bringup/build --no-deps symlink_data
[8.620s] running develop
[9.271s] running egg_info
[9.271s] creating bringup.egg-info
[9.334s] writing bringup.egg-info/PKG-INFO
[9.335s] writing dependency_links to bringup.egg-info/dependency_links.txt
[9.336s] writing requirements to bringup.egg-info/requires.txt
[9.341s] writing top-level names to bringup.egg-info/top_level.txt
[9.342s] writing manifest file 'bringup.egg-info/SOURCES.txt'
[9.487s] reading manifest file 'bringup.egg-info/SOURCES.txt'
[9.491s] writing manifest file 'bringup.egg-info/SOURCES.txt'
[9.558s] running build_ext
[9.559s] Creating /home/orsted/AGV_EEPIS/install/bringup/lib/python3.12/site-packages/bringup.egg-link (link to .)
[9.560s] 
[9.560s] Installed /home/orsted/AGV_EEPIS/build/bringup
[9.560s] running symlink_data
[9.561s] creating /home/orsted/AGV_EEPIS/install/bringup/share/ament_index
[9.561s] creating /home/orsted/AGV_EEPIS/install/bringup/share/ament_index/resource_index
[9.561s] creating /home/orsted/AGV_EEPIS/install/bringup/share/ament_index/resource_index/packages
[9.561s] symbolically linking /home/orsted/AGV_EEPIS/build/bringup/resource/bringup -> /home/orsted/AGV_EEPIS/install/bringup/share/ament_index/resource_index/packages
[9.562s] symbolically linking /home/orsted/AGV_EEPIS/build/bringup/package.xml -> /home/orsted/AGV_EEPIS/install/bringup/share/bringup
[9.562s] creating /home/orsted/AGV_EEPIS/install/bringup/share/bringup/launch
[9.562s] symbolically linking /home/orsted/AGV_EEPIS/build/bringup/launch/robot.launch.py -> /home/orsted/AGV_EEPIS/install/bringup/share/bringup/launch
[9.562s] symbolically linking /home/orsted/AGV_EEPIS/build/bringup/launch/simulation.launch.py -> /home/orsted/AGV_EEPIS/install/bringup/share/bringup/launch
[9.562s] creating /home/orsted/AGV_EEPIS/install/bringup/share/bringup/rviz
[9.563s] symbolically linking /home/orsted/AGV_EEPIS/build/bringup/rviz/simulation.rviz -> /home/orsted/AGV_EEPIS/install/bringup/share/bringup/rviz
[10.310s] Invoked command in '/home/orsted/AGV_EEPIS/build/bringup' returned '0': DEBUGINFOD_URLS=https://debuginfod.ubuntu.com PYTHONPATH=/home/orsted/AGV_EEPIS/build/bringup/prefix_override:/usr/lib/python3/dist-packages/colcon_core/task/python/colcon_distutils_commands:/home/orsted/AGV_EEPIS/install/bringup/lib/python3.12/site-packages:${PYTHONPATH} /usr/bin/python3 -W ignore:setup.py install is deprecated -W ignore:easy_install command is deprecated setup.py develop --editable --build-directory /home/orsted/AGV_EEPIS/build/bringup/build --no-deps symlink_data
