[5.263s] Invoking command in '/home/orsted/AGV_EEPIS/build/model_description': DEBUGINFOD_URLS=https://debuginfod.ubuntu.com PYTHONPATH=/home/orsted/AGV_EEPIS/build/model_description/prefix_override:/usr/lib/python3/dist-packages/colcon_core/task/python/colcon_distutils_commands:/home/orsted/AGV_EEPIS/install/model_description/lib/python3.12/site-packages:${PYTHONPATH} /usr/bin/python3 -W ignore:setup.py install is deprecated -W ignore:easy_install command is deprecated setup.py develop --editable --build-directory /home/orsted/AGV_EEPIS/build/model_description/build --no-deps symlink_data
[6.145s] running develop
[6.706s] running egg_info
[6.706s] creating model_description.egg-info
[6.761s] writing model_description.egg-info/PKG-INFO
[6.761s] writing dependency_links to model_description.egg-info/dependency_links.txt
[6.762s] writing requirements to model_description.egg-info/requires.txt
[6.762s] writing top-level names to model_description.egg-info/top_level.txt
[6.763s] writing manifest file 'model_description.egg-info/SOURCES.txt'
[6.877s] reading manifest file 'model_description.egg-info/SOURCES.txt'
[6.880s] writing manifest file 'model_description.egg-info/SOURCES.txt'
[6.941s] running build_ext
[6.941s] Creating /home/orsted/AGV_EEPIS/install/model_description/lib/python3.12/site-packages/model-description.egg-link (link to .)
[6.942s] 
[6.942s] Installed /home/orsted/AGV_EEPIS/build/model_description
[6.942s] running symlink_data
[6.943s] creating /home/orsted/AGV_EEPIS/install/model_description/share/ament_index
[6.943s] creating /home/orsted/AGV_EEPIS/install/model_description/share/ament_index/resource_index
[6.943s] creating /home/orsted/AGV_EEPIS/install/model_description/share/ament_index/resource_index/packages
[6.944s] symbolically linking /home/orsted/AGV_EEPIS/build/model_description/resource/model_description -> /home/orsted/AGV_EEPIS/install/model_description/share/ament_index/resource_index/packages
[6.944s] symbolically linking /home/orsted/AGV_EEPIS/build/model_description/package.xml -> /home/orsted/AGV_EEPIS/install/model_description/share/model_description
[6.944s] creating /home/orsted/AGV_EEPIS/install/model_description/share/model_description/launch
[6.944s] symbolically linking /home/orsted/AGV_EEPIS/build/model_description/launch/agv_spawn.launch.py -> /home/orsted/AGV_EEPIS/install/model_description/share/model_description/launch
[6.944s] symbolically linking /home/orsted/AGV_EEPIS/build/model_description/launch/agv_world.launch.py -> /home/orsted/AGV_EEPIS/install/model_description/share/model_description/launch
[6.945s] symbolically linking /home/orsted/AGV_EEPIS/build/model_description/launch/state_publisher.launch.py -> /home/orsted/AGV_EEPIS/install/model_description/share/model_description/launch
[6.945s] creating /home/orsted/AGV_EEPIS/install/model_description/share/model_description/urdf
[6.945s] symbolically linking /home/orsted/AGV_EEPIS/build/model_description/urdf/materials.xacro -> /home/orsted/AGV_EEPIS/install/model_description/share/model_description/urdf
[6.945s] symbolically linking /home/orsted/AGV_EEPIS/build/model_description/urdf/model.gazebo -> /home/orsted/AGV_EEPIS/install/model_description/share/model_description/urdf
[6.946s] symbolically linking /home/orsted/AGV_EEPIS/build/model_description/urdf/model.xacro -> /home/orsted/AGV_EEPIS/install/model_description/share/model_description/urdf
[6.946s] symbolically linking /home/orsted/AGV_EEPIS/build/model_description/urdf/camera.xacro -> /home/orsted/AGV_EEPIS/install/model_description/share/model_description/urdf
[6.946s] symbolically linking /home/orsted/AGV_EEPIS/build/model_description/urdf/model.ros2control -> /home/orsted/AGV_EEPIS/install/model_description/share/model_description/urdf
[6.946s] creating /home/orsted/AGV_EEPIS/install/model_description/share/model_description/meshes
[6.947s] symbolically linking /home/orsted/AGV_EEPIS/build/model_description/meshes/stacker_fork_1.stl -> /home/orsted/AGV_EEPIS/install/model_description/share/model_description/meshes
[6.948s] symbolically linking /home/orsted/AGV_EEPIS/build/model_description/meshes/l_caster_wheel_1.stl -> /home/orsted/AGV_EEPIS/install/model_description/share/model_description/meshes
[6.948s] symbolically linking /home/orsted/AGV_EEPIS/build/model_description/meshes/r_caster_1.stl -> /home/orsted/AGV_EEPIS/install/model_description/share/model_description/meshes
[6.949s] symbolically linking /home/orsted/AGV_EEPIS/build/model_description/meshes/l_wheel_1.stl -> /home/orsted/AGV_EEPIS/install/model_description/share/model_description/meshes
[6.949s] symbolically linking /home/orsted/AGV_EEPIS/build/model_description/meshes/base_link.stl -> /home/orsted/AGV_EEPIS/install/model_description/share/model_description/meshes
[6.949s] symbolically linking /home/orsted/AGV_EEPIS/build/model_description/meshes/steering_1.stl -> /home/orsted/AGV_EEPIS/install/model_description/share/model_description/meshes
[6.949s] symbolically linking /home/orsted/AGV_EEPIS/build/model_description/meshes/l_static_wheel_1.stl -> /home/orsted/AGV_EEPIS/install/model_description/share/model_description/meshes
[6.949s] symbolically linking /home/orsted/AGV_EEPIS/build/model_description/meshes/l_caster_1.stl -> /home/orsted/AGV_EEPIS/install/model_description/share/model_description/meshes
[6.950s] symbolically linking /home/orsted/AGV_EEPIS/build/model_description/meshes/r_wheel_1.stl -> /home/orsted/AGV_EEPIS/install/model_description/share/model_description/meshes
[6.950s] symbolically linking /home/orsted/AGV_EEPIS/build/model_description/meshes/steer_head_1.stl -> /home/orsted/AGV_EEPIS/install/model_description/share/model_description/meshes
[6.950s] symbolically linking /home/orsted/AGV_EEPIS/build/model_description/meshes/r_static_wheel_1.stl -> /home/orsted/AGV_EEPIS/install/model_description/share/model_description/meshes
[6.950s] symbolically linking /home/orsted/AGV_EEPIS/build/model_description/meshes/r_caster_wheel_1.stl -> /home/orsted/AGV_EEPIS/install/model_description/share/model_description/meshes
[6.951s] symbolically linking /home/orsted/AGV_EEPIS/build/model_description/meshes/stacker_slider_1.stl -> /home/orsted/AGV_EEPIS/install/model_description/share/model_description/meshes
[6.951s] creating /home/orsted/AGV_EEPIS/install/model_description/share/model_description/config
[6.952s] symbolically linking /home/orsted/AGV_EEPIS/build/model_description/config/ros_gz_bridge_gazebo.yaml -> /home/orsted/AGV_EEPIS/install/model_description/share/model_description/config
[6.952s] symbolically linking /home/orsted/AGV_EEPIS/build/model_description/config/display.rviz -> /home/orsted/AGV_EEPIS/install/model_description/share/model_description/config
[6.952s] symbolically linking /home/orsted/AGV_EEPIS/build/model_description/config/gazebo.rviz -> /home/orsted/AGV_EEPIS/install/model_description/share/model_description/config
[6.952s] creating /home/orsted/AGV_EEPIS/install/model_description/share/model_description/params
[6.953s] symbolically linking /home/orsted/AGV_EEPIS/build/model_description/params/agv_bridge.yaml -> /home/orsted/AGV_EEPIS/install/model_description/share/model_description/params
[6.953s] creating /home/orsted/AGV_EEPIS/install/model_description/share/model_description/turtlebot3_world
[6.953s] symbolically linking /home/orsted/AGV_EEPIS/build/model_description/turtlebot3_world/model-1_4.sdf -> /home/orsted/AGV_EEPIS/install/model_description/share/model_description/turtlebot3_world
[6.953s] symbolically linking /home/orsted/AGV_EEPIS/build/model_description/turtlebot3_world/model.config -> /home/orsted/AGV_EEPIS/install/model_description/share/model_description/turtlebot3_world
[6.953s] symbolically linking /home/orsted/AGV_EEPIS/build/model_description/turtlebot3_world/model.sdf -> /home/orsted/AGV_EEPIS/install/model_description/share/model_description/turtlebot3_world
[6.953s] symbolically linking /home/orsted/AGV_EEPIS/build/model_description/turtlebot3_world/turtlebot3_world.world -> /home/orsted/AGV_EEPIS/install/model_description/share/model_description/turtlebot3_world
[6.954s] creating /home/orsted/AGV_EEPIS/install/model_description/share/model_description/turtlebot3_world/meshes
[6.954s] symbolically linking /home/orsted/AGV_EEPIS/build/model_description/turtlebot3_world/meshes/wall.dae -> /home/orsted/AGV_EEPIS/install/model_description/share/model_description/turtlebot3_world/meshes
[6.954s] symbolically linking /home/orsted/AGV_EEPIS/build/model_description/turtlebot3_world/meshes/hexagon.dae -> /home/orsted/AGV_EEPIS/install/model_description/share/model_description/turtlebot3_world/meshes
[7.194s] Invoked command in '/home/orsted/AGV_EEPIS/build/model_description' returned '0': DEBUGINFOD_URLS=https://debuginfod.ubuntu.com PYTHONPATH=/home/orsted/AGV_EEPIS/build/model_description/prefix_override:/usr/lib/python3/dist-packages/colcon_core/task/python/colcon_distutils_commands:/home/orsted/AGV_EEPIS/install/model_description/lib/python3.12/site-packages:${PYTHONPATH} /usr/bin/python3 -W ignore:setup.py install is deprecated -W ignore:easy_install command is deprecated setup.py develop --editable --build-directory /home/orsted/AGV_EEPIS/build/model_description/build --no-deps symlink_data
