running develop
running egg_info
creating remote.egg-info
writing remote.egg-info/PKG-INFO
writing dependency_links to remote.egg-info/dependency_links.txt
writing requirements to remote.egg-info/requires.txt
writing top-level names to remote.egg-info/top_level.txt
writing manifest file 'remote.egg-info/SOURCES.txt'
reading manifest file 'remote.egg-info/SOURCES.txt'
writing manifest file 'remote.egg-info/SOURCES.txt'
running build_ext
Creating /home/orsted-793/Documents/AGV_EEPIS/install/remote/lib/python3.12/site-packages/remote.egg-link (link to .)

Installed /home/orsted-793/Documents/AGV_EEPIS/build/remote
running symlink_data
creating /home/orsted-793/Documents/AGV_EEPIS/install/remote/share/ament_index
creating /home/orsted-793/Documents/AGV_EEPIS/install/remote/share/ament_index/resource_index
creating /home/orsted-793/Documents/AGV_EEPIS/install/remote/share/ament_index/resource_index/packages
symbolically linking /home/orsted-793/Documents/AGV_EEPIS/build/remote/resource/remote -> /home/orsted-793/Documents/AGV_EEPIS/install/remote/share/ament_index/resource_index/packages
symbolically linking /home/orsted-793/Documents/AGV_EEPIS/build/remote/package.xml -> /home/orsted-793/Documents/AGV_EEPIS/install/remote/share/remote
creating /home/orsted-793/Documents/AGV_EEPIS/install/remote/share/remote/launch
symbolically linking /home/orsted-793/Documents/AGV_EEPIS/build/remote/launch/bringup.launch.py -> /home/orsted-793/Documents/AGV_EEPIS/install/remote/share/remote/launch
creating /home/orsted-793/Documents/AGV_EEPIS/install/remote/share/remote/params
symbolically linking /home/orsted-793/Documents/AGV_EEPIS/build/remote/params/ps4_teleop.yaml -> /home/orsted-793/Documents/AGV_EEPIS/install/remote/share/remote/params
