[1.345s] Invoking command in '/home/orsted-793/Documents/AGV_EEPIS/build/remote': DEBUGINFOD_URLS=https://debuginfod.ubuntu.com PYTHONPATH=/home/orsted-793/Documents/AGV_EEPIS/build/remote/prefix_override:/usr/lib/python3/dist-packages/colcon_core/task/python/colcon_distutils_commands:/home/orsted-793/Documents/AGV_EEPIS/install/remote/lib/python3.12/site-packages:${PYTHONPATH} /usr/bin/python3 -W ignore:setup.py install is deprecated -W ignore:easy_install command is deprecated setup.py develop --editable --build-directory /home/orsted-793/Documents/AGV_EEPIS/build/remote/build --no-deps symlink_data
[1.840s] running develop
[2.306s] running egg_info
[2.306s] creating remote.egg-info
[2.333s] writing remote.egg-info/PKG-INFO
[2.333s] writing dependency_links to remote.egg-info/dependency_links.txt
[2.333s] writing requirements to remote.egg-info/requires.txt
[2.333s] writing top-level names to remote.egg-info/top_level.txt
[2.333s] writing manifest file 'remote.egg-info/SOURCES.txt'
[2.394s] reading manifest file 'remote.egg-info/SOURCES.txt'
[2.395s] writing manifest file 'remote.egg-info/SOURCES.txt'
[2.423s] running build_ext
[2.423s] Creating /home/orsted-793/Documents/AGV_EEPIS/install/remote/lib/python3.12/site-packages/remote.egg-link (link to .)
[2.423s] 
[2.424s] Installed /home/orsted-793/Documents/AGV_EEPIS/build/remote
[2.424s] running symlink_data
[2.424s] creating /home/orsted-793/Documents/AGV_EEPIS/install/remote/share/ament_index
[2.424s] creating /home/orsted-793/Documents/AGV_EEPIS/install/remote/share/ament_index/resource_index
[2.424s] creating /home/orsted-793/Documents/AGV_EEPIS/install/remote/share/ament_index/resource_index/packages
[2.424s] symbolically linking /home/orsted-793/Documents/AGV_EEPIS/build/remote/resource/remote -> /home/orsted-793/Documents/AGV_EEPIS/install/remote/share/ament_index/resource_index/packages
[2.424s] symbolically linking /home/orsted-793/Documents/AGV_EEPIS/build/remote/package.xml -> /home/orsted-793/Documents/AGV_EEPIS/install/remote/share/remote
[2.424s] creating /home/orsted-793/Documents/AGV_EEPIS/install/remote/share/remote/launch
[2.425s] symbolically linking /home/orsted-793/Documents/AGV_EEPIS/build/remote/launch/bringup.launch.py -> /home/orsted-793/Documents/AGV_EEPIS/install/remote/share/remote/launch
[2.425s] creating /home/orsted-793/Documents/AGV_EEPIS/install/remote/share/remote/params
[2.425s] symbolically linking /home/orsted-793/Documents/AGV_EEPIS/build/remote/params/ps4_teleop.yaml -> /home/orsted-793/Documents/AGV_EEPIS/install/remote/share/remote/params
[2.483s] Invoked command in '/home/orsted-793/Documents/AGV_EEPIS/build/remote' returned '0': DEBUGINFOD_URLS=https://debuginfod.ubuntu.com PYTHONPATH=/home/orsted-793/Documents/AGV_EEPIS/build/remote/prefix_override:/usr/lib/python3/dist-packages/colcon_core/task/python/colcon_distutils_commands:/home/orsted-793/Documents/AGV_EEPIS/install/remote/lib/python3.12/site-packages:${PYTHONPATH} /usr/bin/python3 -W ignore:setup.py install is deprecated -W ignore:easy_install command is deprecated setup.py develop --editable --build-directory /home/orsted-793/Documents/AGV_EEPIS/build/remote/build --no-deps symlink_data
