[3.430s] Invoking command in '/home/orsted/AGV_EEPIS/build/ultrasonic': DEBUGINFOD_URLS=https://debuginfod.ubuntu.com PYTHONPATH=/home/orsted/AGV_EEPIS/build/ultrasonic/prefix_override:/usr/lib/python3/dist-packages/colcon_core/task/python/colcon_distutils_commands:/home/orsted/AGV_EEPIS/install/ultrasonic/lib/python3.12/site-packages:${PYTHONPATH} /usr/bin/python3 -W ignore:setup.py install is deprecated -W ignore:easy_install command is deprecated setup.py develop --editable --build-directory /home/orsted/AGV_EEPIS/build/ultrasonic/build --no-deps symlink_data
[4.313s] running develop
[4.870s] running egg_info
[4.870s] creating ultrasonic.egg-info
[4.925s] writing ultrasonic.egg-info/PKG-INFO
[4.925s] writing dependency_links to ultrasonic.egg-info/dependency_links.txt
[4.926s] writing requirements to ultrasonic.egg-info/requires.txt
[4.926s] writing top-level names to ultrasonic.egg-info/top_level.txt
[4.926s] writing manifest file 'ultrasonic.egg-info/SOURCES.txt'
[5.051s] reading manifest file 'ultrasonic.egg-info/SOURCES.txt'
[5.052s] writing manifest file 'ultrasonic.egg-info/SOURCES.txt'
[5.111s] running build_ext
[5.111s] Creating /home/orsted/AGV_EEPIS/install/ultrasonic/lib/python3.12/site-packages/ultrasonic.egg-link (link to .)
[5.123s] 
[5.124s] Installed /home/orsted/AGV_EEPIS/build/ultrasonic
[5.124s] running symlink_data
[5.124s] creating /home/orsted/AGV_EEPIS/install/ultrasonic/share/ament_index
[5.124s] creating /home/orsted/AGV_EEPIS/install/ultrasonic/share/ament_index/resource_index
[5.124s] creating /home/orsted/AGV_EEPIS/install/ultrasonic/share/ament_index/resource_index/packages
[5.125s] symbolically linking /home/orsted/AGV_EEPIS/build/ultrasonic/resource/ultrasonic -> /home/orsted/AGV_EEPIS/install/ultrasonic/share/ament_index/resource_index/packages
[5.125s] symbolically linking /home/orsted/AGV_EEPIS/build/ultrasonic/package.xml -> /home/orsted/AGV_EEPIS/install/ultrasonic/share/ultrasonic
[5.309s] Invoked command in '/home/orsted/AGV_EEPIS/build/ultrasonic' returned '0': DEBUGINFOD_URLS=https://debuginfod.ubuntu.com PYTHONPATH=/home/orsted/AGV_EEPIS/build/ultrasonic/prefix_override:/usr/lib/python3/dist-packages/colcon_core/task/python/colcon_distutils_commands:/home/orsted/AGV_EEPIS/install/ultrasonic/lib/python3.12/site-packages:${PYTHONPATH} /usr/bin/python3 -W ignore:setup.py install is deprecated -W ignore:easy_install command is deprecated setup.py develop --editable --build-directory /home/orsted/AGV_EEPIS/build/ultrasonic/build --no-deps symlink_data
