[0.679s] Invoking command in '/home/orsted/AGV_EEPIS/build/ascamera': CMAKE_PREFIX_PATH=${CMAKE_PREFIX_PATH}:/opt/ros/jazzy DEBUGINFOD_URLS=https://debuginfod.ubuntu.com /usr/bin/cmake --build /home/orsted/AGV_EEPIS/build/ascamera -- -j6 -l6
[2.537s] [100%] Built target ascamera_node
[3.147s] Invoked command in '/home/orsted/AGV_EEPIS/build/ascamera' returned '0': CMAKE_PREFIX_PATH=${CMAKE_PREFIX_PATH}:/opt/ros/jazzy DEBUGINFOD_URLS=https://debuginfod.ubuntu.com /usr/bin/cmake --build /home/orsted/AGV_EEPIS/build/ascamera -- -j6 -l6
[3.178s] Invoking command in '/home/orsted/AGV_EEPIS/build/ascamera': CMAKE_PREFIX_PATH=${CMAKE_PREFIX_PATH}:/opt/ros/jazzy DEBUGINFOD_URLS=https://debuginfod.ubuntu.com /usr/bin/cmake --install /home/orsted/AGV_EEPIS/build/ascamera
[3.210s] -- Install configuration: ""
[3.211s] -- Execute custom install script
[3.211s] -- Up-to-date symlink: /home/orsted/AGV_EEPIS/install/ascamera/lib/ascamera/ascamera_node
[3.211s] -- Up-to-date symlink: /home/orsted/AGV_EEPIS/install/ascamera/share/ascamera/launch/ascamera.launch.py
[3.212s] -- Up-to-date symlink: /home/orsted/AGV_EEPIS/install/ascamera/share/ascamera/launch/changA.launch.py
[3.212s] -- Up-to-date symlink: /home/orsted/AGV_EEPIS/install/ascamera/share/ascamera/launch/hp60c.launch.py
[3.212s] -- Up-to-date symlink: /home/orsted/AGV_EEPIS/install/ascamera/share/ascamera/launch/hp60cn.launch.py
[3.212s] -- Up-to-date symlink: /home/orsted/AGV_EEPIS/install/ascamera/share/ascamera/launch/kondyor.launch.py
[3.218s] -- Up-to-date symlink: /home/orsted/AGV_EEPIS/install/ascamera/share/ascamera/launch/kunlun_a.launch.py
[3.219s] -- Up-to-date symlink: /home/orsted/AGV_EEPIS/install/ascamera/share/ascamera/launch/kunlun_c.launch.py
[3.219s] -- Up-to-date symlink: /home/orsted/AGV_EEPIS/install/ascamera/share/ascamera/launch/nuwa.launch.py
[3.219s] -- Up-to-date symlink: /home/orsted/AGV_EEPIS/install/ascamera/share/ascamera/launch/runCamera.launch.py
[3.219s] -- Up-to-date symlink: /home/orsted/AGV_EEPIS/install/ascamera/share/ament_index/resource_index/package_run_dependencies/ascamera
[3.219s] -- Up-to-date symlink: /home/orsted/AGV_EEPIS/install/ascamera/share/ament_index/resource_index/parent_prefix_path/ascamera
[3.219s] -- Up-to-date symlink: /home/orsted/AGV_EEPIS/install/ascamera/share/ascamera/environment/ament_prefix_path.sh
[3.220s] -- Up-to-date symlink: /home/orsted/AGV_EEPIS/install/ascamera/share/ascamera/environment/ament_prefix_path.dsv
[3.220s] -- Up-to-date symlink: /home/orsted/AGV_EEPIS/install/ascamera/share/ascamera/environment/path.sh
[3.220s] -- Up-to-date symlink: /home/orsted/AGV_EEPIS/install/ascamera/share/ascamera/environment/path.dsv
[3.224s] -- Up-to-date symlink: /home/orsted/AGV_EEPIS/install/ascamera/share/ascamera/local_setup.bash
[3.224s] -- Up-to-date symlink: /home/orsted/AGV_EEPIS/install/ascamera/share/ascamera/local_setup.sh
[3.225s] -- Up-to-date symlink: /home/orsted/AGV_EEPIS/install/ascamera/share/ascamera/local_setup.zsh
[3.230s] -- Up-to-date symlink: /home/orsted/AGV_EEPIS/install/ascamera/share/ascamera/local_setup.dsv
[3.230s] -- Symlinking: /home/orsted/AGV_EEPIS/install/ascamera/share/ascamera/package.dsv
[3.250s] -- Up-to-date symlink: /home/orsted/AGV_EEPIS/install/ascamera/share/ament_index/resource_index/packages/ascamera
[3.251s] -- Up-to-date symlink: /home/orsted/AGV_EEPIS/install/ascamera/share/ascamera/cmake/ascameraConfig.cmake
[3.251s] -- Up-to-date symlink: /home/orsted/AGV_EEPIS/install/ascamera/share/ascamera/cmake/ascameraConfig-version.cmake
[3.251s] -- Up-to-date symlink: /home/orsted/AGV_EEPIS/install/ascamera/share/ascamera/package.xml
[3.259s] Invoked command in '/home/orsted/AGV_EEPIS/build/ascamera' returned '0': CMAKE_PREFIX_PATH=${CMAKE_PREFIX_PATH}:/opt/ros/jazzy DEBUGINFOD_URLS=https://debuginfod.ubuntu.com /usr/bin/cmake --install /home/orsted/AGV_EEPIS/build/ascamera
