[6.181s] Invoking command in '/home/orsted/AGV_EEPIS/build/slam': DEBUGINFOD_URLS=https://debuginfod.ubuntu.com PYTHONPATH=/home/orsted/AGV_EEPIS/build/slam/prefix_override:/usr/lib/python3/dist-packages/colcon_core/task/python/colcon_distutils_commands:/home/orsted/AGV_EEPIS/install/slam/lib/python3.12/site-packages:${PYTHONPATH} /usr/bin/python3 -W ignore:setup.py install is deprecated -W ignore:easy_install command is deprecated setup.py develop --editable --build-directory /home/orsted/AGV_EEPIS/build/slam/build --no-deps symlink_data
[7.212s] running develop
[7.818s] running egg_info
[7.818s] creating slam.egg-info
[7.877s] writing slam.egg-info/PKG-INFO
[7.881s] writing dependency_links to slam.egg-info/dependency_links.txt
[7.881s] writing requirements to slam.egg-info/requires.txt
[7.881s] writing top-level names to slam.egg-info/top_level.txt
[7.881s] writing manifest file 'slam.egg-info/SOURCES.txt'
[8.005s] reading manifest file 'slam.egg-info/SOURCES.txt'
[8.006s] writing manifest file 'slam.egg-info/SOURCES.txt'
[8.076s] running build_ext
[8.077s] Creating /home/orsted/AGV_EEPIS/install/slam/lib/python3.12/site-packages/slam.egg-link (link to .)
[8.079s] 
[8.080s] Installed /home/orsted/AGV_EEPIS/build/slam
[8.081s] running symlink_data
[8.081s] creating /home/orsted/AGV_EEPIS/install/slam/share/ament_index
[8.081s] creating /home/orsted/AGV_EEPIS/install/slam/share/ament_index/resource_index
[8.081s] creating /home/orsted/AGV_EEPIS/install/slam/share/ament_index/resource_index/packages
[8.083s] symbolically linking /home/orsted/AGV_EEPIS/build/slam/resource/slam -> /home/orsted/AGV_EEPIS/install/slam/share/ament_index/resource_index/packages
[8.084s] symbolically linking /home/orsted/AGV_EEPIS/build/slam/package.xml -> /home/orsted/AGV_EEPIS/install/slam/share/slam
[8.084s] creating /home/orsted/AGV_EEPIS/install/slam/share/slam/launch
[8.084s] symbolically linking /home/orsted/AGV_EEPIS/build/slam/launch/slam.launch.py -> /home/orsted/AGV_EEPIS/install/slam/share/slam/launch
[8.084s] creating /home/orsted/AGV_EEPIS/install/slam/share/slam/config
[8.084s] symbolically linking /home/orsted/AGV_EEPIS/build/slam/config/display.rviz -> /home/orsted/AGV_EEPIS/install/slam/share/slam/config
[8.084s] symbolically linking /home/orsted/AGV_EEPIS/build/slam/config/rtabmap_param.yaml -> /home/orsted/AGV_EEPIS/install/slam/share/slam/config
[8.334s] Invoked command in '/home/orsted/AGV_EEPIS/build/slam' returned '0': DEBUGINFOD_URLS=https://debuginfod.ubuntu.com PYTHONPATH=/home/orsted/AGV_EEPIS/build/slam/prefix_override:/usr/lib/python3/dist-packages/colcon_core/task/python/colcon_distutils_commands:/home/orsted/AGV_EEPIS/install/slam/lib/python3.12/site-packages:${PYTHONPATH} /usr/bin/python3 -W ignore:setup.py install is deprecated -W ignore:easy_install command is deprecated setup.py develop --editable --build-directory /home/orsted/AGV_EEPIS/build/slam/build --no-deps symlink_data
