[6.457s] Invoking command in '/home/orsted/AGV_EEPIS/build/canbus': PYTHONPATH=/home/orsted/AGV_EEPIS/build/canbus/prefix_override:/usr/lib/python3/dist-packages/colcon_core/task/python/colcon_distutils_commands:/home/orsted/AGV_EEPIS/install/canbus/lib/python3.12/site-packages:${PYTHONPATH} /usr/bin/python3 -W ignore:setup.py install is deprecated -W ignore:easy_install command is deprecated setup.py develop --editable --build-directory /home/orsted/AGV_EEPIS/build/canbus/build --no-deps symlink_data
[8.429s] running develop
[8.429s] running egg_info
[8.429s] creating canbus.egg-info
[8.430s] writing canbus.egg-info/PKG-INFO
[8.430s] writing dependency_links to canbus.egg-info/dependency_links.txt
[8.430s] writing entry points to canbus.egg-info/entry_points.txt
[8.432s] writing requirements to canbus.egg-info/requires.txt
[8.432s] writing top-level names to canbus.egg-info/top_level.txt
[8.433s] writing manifest file 'canbus.egg-info/SOURCES.txt'
[8.433s] reading manifest file 'canbus.egg-info/SOURCES.txt'
[8.433s] writing manifest file 'canbus.egg-info/SOURCES.txt'
[8.434s] running build_ext
[8.434s] Creating /home/orsted/AGV_EEPIS/install/canbus/lib/python3.12/site-packages/canbus.egg-link (link to .)
[8.434s] Installing canbus_node script to /home/orsted/AGV_EEPIS/install/canbus/lib/canbus
[8.434s] 
[8.434s] Installed /home/orsted/AGV_EEPIS/build/canbus
[8.434s] running symlink_data
[8.435s] creating /home/orsted/AGV_EEPIS/install/canbus/share/ament_index
[8.435s] creating /home/orsted/AGV_EEPIS/install/canbus/share/ament_index/resource_index
[8.435s] creating /home/orsted/AGV_EEPIS/install/canbus/share/ament_index/resource_index/packages
[8.435s] symbolically linking /home/orsted/AGV_EEPIS/build/canbus/resource/canbus -> /home/orsted/AGV_EEPIS/install/canbus/share/ament_index/resource_index/packages
[8.435s] symbolically linking /home/orsted/AGV_EEPIS/build/canbus/package.xml -> /home/orsted/AGV_EEPIS/install/canbus/share/canbus
[8.435s] creating /home/orsted/AGV_EEPIS/install/canbus/share/canbus/launch
[8.436s] symbolically linking /home/orsted/AGV_EEPIS/build/canbus/launch/canbus.launch.py -> /home/orsted/AGV_EEPIS/install/canbus/share/canbus/launch
