[6.363s] Invoking command in '/home/orsted/AGV_EEPIS/build/bringup': PYTHONPATH=/home/orsted/AGV_EEPIS/build/bringup/prefix_override:/usr/lib/python3/dist-packages/colcon_core/task/python/colcon_distutils_commands:/home/orsted/AGV_EEPIS/install/bringup/lib/python3.12/site-packages:${PYTHONPATH} /usr/bin/python3 -W ignore:setup.py install is deprecated -W ignore:easy_install command is deprecated setup.py develop --editable --build-directory /home/orsted/AGV_EEPIS/build/bringup/build --no-deps symlink_data
[7.371s] running develop
[8.010s] running egg_info
[8.010s] creating bringup.egg-info
[8.069s] writing bringup.egg-info/PKG-INFO
[8.070s] writing dependency_links to bringup.egg-info/dependency_links.txt
[8.074s] writing requirements to bringup.egg-info/requires.txt
[8.074s] writing top-level names to bringup.egg-info/top_level.txt
[8.075s] writing manifest file 'bringup.egg-info/SOURCES.txt'
[8.191s] reading manifest file 'bringup.egg-info/SOURCES.txt'
[8.194s] writing manifest file 'bringup.egg-info/SOURCES.txt'
[8.262s] running build_ext
[8.263s] Creating /home/orsted/AGV_EEPIS/install/bringup/lib/python3.12/site-packages/bringup.egg-link (link to .)
[8.263s] 
[8.263s] Installed /home/orsted/AGV_EEPIS/build/bringup
[8.263s] running symlink_data
[8.264s] creating /home/orsted/AGV_EEPIS/install/bringup/share/ament_index
[8.264s] creating /home/orsted/AGV_EEPIS/install/bringup/share/ament_index/resource_index
[8.264s] creating /home/orsted/AGV_EEPIS/install/bringup/share/ament_index/resource_index/packages
[8.264s] symbolically linking /home/orsted/AGV_EEPIS/build/bringup/resource/bringup -> /home/orsted/AGV_EEPIS/install/bringup/share/ament_index/resource_index/packages
[8.264s] symbolically linking /home/orsted/AGV_EEPIS/build/bringup/package.xml -> /home/orsted/AGV_EEPIS/install/bringup/share/bringup
[8.264s] creating /home/orsted/AGV_EEPIS/install/bringup/share/bringup/launch
[8.265s] symbolically linking /home/orsted/AGV_EEPIS/build/bringup/launch/robot.launch.py -> /home/orsted/AGV_EEPIS/install/bringup/share/bringup/launch
[8.266s] symbolically linking /home/orsted/AGV_EEPIS/build/bringup/launch/simulation.launch.py -> /home/orsted/AGV_EEPIS/install/bringup/share/bringup/launch
[8.267s] creating /home/orsted/AGV_EEPIS/install/bringup/share/bringup/rviz
[8.267s] symbolically linking /home/orsted/AGV_EEPIS/build/bringup/rviz/simulation.rviz -> /home/orsted/AGV_EEPIS/install/bringup/share/bringup/rviz
