running develop
running egg_info
creating DDRM_description.egg-info
writing DDRM_description.egg-info/PKG-INFO
writing dependency_links to DDRM_description.egg-info/dependency_links.txt
writing requirements to DDRM_description.egg-info/requires.txt
writing top-level names to DDRM_description.egg-info/top_level.txt
writing manifest file 'DDRM_description.egg-info/SOURCES.txt'
reading manifest file 'DDRM_description.egg-info/SOURCES.txt'
writing manifest file 'DDRM_description.egg-info/SOURCES.txt'
running build_ext
Creating /home/orsted/AGV_EEPIS/install/DDRM_description/lib/python3.12/site-packages/DDRM-description.egg-link (link to .)

Installed /home/orsted/AGV_EEPIS/build/DDRM_description
running symlink_data
creating /home/orsted/AGV_EEPIS/install/DDRM_description/share/ament_index
creating /home/orsted/AGV_EEPIS/install/DDRM_description/share/ament_index/resource_index
creating /home/orsted/AGV_EEPIS/install/DDRM_description/share/ament_index/resource_index/packages
symbolically linking /home/orsted/AGV_EEPIS/build/DDRM_description/resource/DDRM_description -> /home/orsted/AGV_EEPIS/install/DDRM_description/share/ament_index/resource_index/packages
symbolically linking /home/orsted/AGV_EEPIS/build/DDRM_description/package.xml -> /home/orsted/AGV_EEPIS/install/DDRM_description/share/DDRM_description
creating /home/orsted/AGV_EEPIS/install/DDRM_description/share/DDRM_description/launch
symbolically linking /home/orsted/AGV_EEPIS/build/DDRM_description/launch/display.launch.py -> /home/orsted/AGV_EEPIS/install/DDRM_description/share/DDRM_description/launch
symbolically linking /home/orsted/AGV_EEPIS/build/DDRM_description/launch/gazebo.launch.py -> /home/orsted/AGV_EEPIS/install/DDRM_description/share/DDRM_description/launch
creating /home/orsted/AGV_EEPIS/install/DDRM_description/share/DDRM_description/urdf
symbolically linking /home/orsted/AGV_EEPIS/build/DDRM_description/urdf/DDRM.xacro -> /home/orsted/AGV_EEPIS/install/DDRM_description/share/DDRM_description/urdf
symbolically linking /home/orsted/AGV_EEPIS/build/DDRM_description/urdf/materials.xacro -> /home/orsted/AGV_EEPIS/install/DDRM_description/share/DDRM_description/urdf
symbolically linking /home/orsted/AGV_EEPIS/build/DDRM_description/urdf/DDRM.ros2control -> /home/orsted/AGV_EEPIS/install/DDRM_description/share/DDRM_description/urdf
symbolically linking /home/orsted/AGV_EEPIS/build/DDRM_description/urdf/DDRM.gazebo -> /home/orsted/AGV_EEPIS/install/DDRM_description/share/DDRM_description/urdf
creating /home/orsted/AGV_EEPIS/install/DDRM_description/share/DDRM_description/meshes
symbolically linking /home/orsted/AGV_EEPIS/build/DDRM_description/meshes/base_link.stl -> /home/orsted/AGV_EEPIS/install/DDRM_description/share/DDRM_description/meshes
symbolically linking /home/orsted/AGV_EEPIS/build/DDRM_description/meshes/lwheel_1.stl -> /home/orsted/AGV_EEPIS/install/DDRM_description/share/DDRM_description/meshes
symbolically linking /home/orsted/AGV_EEPIS/build/DDRM_description/meshes/camera_1.stl -> /home/orsted/AGV_EEPIS/install/DDRM_description/share/DDRM_description/meshes
symbolically linking /home/orsted/AGV_EEPIS/build/DDRM_description/meshes/rwheel_1.stl -> /home/orsted/AGV_EEPIS/install/DDRM_description/share/DDRM_description/meshes
creating /home/orsted/AGV_EEPIS/install/DDRM_description/share/DDRM_description/config
symbolically linking /home/orsted/AGV_EEPIS/build/DDRM_description/config/ros_gz_bridge_gazebo.yaml -> /home/orsted/AGV_EEPIS/install/DDRM_description/share/DDRM_description/config
symbolically linking /home/orsted/AGV_EEPIS/build/DDRM_description/config/display.rviz -> /home/orsted/AGV_EEPIS/install/DDRM_description/share/DDRM_description/config
symbolically linking /home/orsted/AGV_EEPIS/build/DDRM_description/config/gazebo.rviz -> /home/orsted/AGV_EEPIS/install/DDRM_description/share/DDRM_description/config
