[6.416s] Invoking command in '/home/orsted/AGV_EEPIS/build/DDRM_description': PYTHONPATH=/home/orsted/AGV_EEPIS/build/DDRM_description/prefix_override:/usr/lib/python3/dist-packages/colcon_core/task/python/colcon_distutils_commands:/home/orsted/AGV_EEPIS/install/DDRM_description/lib/python3.12/site-packages:${PYTHONPATH} /usr/bin/python3 -W ignore:setup.py install is deprecated -W ignore:easy_install command is deprecated setup.py develop --editable --build-directory /home/orsted/AGV_EEPIS/build/DDRM_description/build --no-deps symlink_data
[7.398s] running develop
[7.985s] running egg_info
[7.985s] creating DDRM_description.egg-info
[8.042s] writing DDRM_description.egg-info/PKG-INFO
[8.045s] writing dependency_links to DDRM_description.egg-info/dependency_links.txt
[8.045s] writing requirements to DDRM_description.egg-info/requires.txt
[8.046s] writing top-level names to DDRM_description.egg-info/top_level.txt
[8.046s] writing manifest file 'DDRM_description.egg-info/SOURCES.txt'
[8.176s] reading manifest file 'DDRM_description.egg-info/SOURCES.txt'
[8.181s] writing manifest file 'DDRM_description.egg-info/SOURCES.txt'
[8.254s] running build_ext
[8.254s] Creating /home/orsted/AGV_EEPIS/install/DDRM_description/lib/python3.12/site-packages/DDRM-description.egg-link (link to .)
[8.255s] 
[8.255s] Installed /home/orsted/AGV_EEPIS/build/DDRM_description
[8.255s] running symlink_data
[8.255s] creating /home/orsted/AGV_EEPIS/install/DDRM_description/share/ament_index
[8.255s] creating /home/orsted/AGV_EEPIS/install/DDRM_description/share/ament_index/resource_index
[8.255s] creating /home/orsted/AGV_EEPIS/install/DDRM_description/share/ament_index/resource_index/packages
[8.256s] symbolically linking /home/orsted/AGV_EEPIS/build/DDRM_description/resource/DDRM_description -> /home/orsted/AGV_EEPIS/install/DDRM_description/share/ament_index/resource_index/packages
[8.256s] symbolically linking /home/orsted/AGV_EEPIS/build/DDRM_description/package.xml -> /home/orsted/AGV_EEPIS/install/DDRM_description/share/DDRM_description
[8.256s] creating /home/orsted/AGV_EEPIS/install/DDRM_description/share/DDRM_description/launch
[8.256s] symbolically linking /home/orsted/AGV_EEPIS/build/DDRM_description/launch/display.launch.py -> /home/orsted/AGV_EEPIS/install/DDRM_description/share/DDRM_description/launch
[8.256s] symbolically linking /home/orsted/AGV_EEPIS/build/DDRM_description/launch/gazebo.launch.py -> /home/orsted/AGV_EEPIS/install/DDRM_description/share/DDRM_description/launch
[8.257s] creating /home/orsted/AGV_EEPIS/install/DDRM_description/share/DDRM_description/urdf
[8.257s] symbolically linking /home/orsted/AGV_EEPIS/build/DDRM_description/urdf/DDRM.xacro -> /home/orsted/AGV_EEPIS/install/DDRM_description/share/DDRM_description/urdf
[8.258s] symbolically linking /home/orsted/AGV_EEPIS/build/DDRM_description/urdf/materials.xacro -> /home/orsted/AGV_EEPIS/install/DDRM_description/share/DDRM_description/urdf
[8.258s] symbolically linking /home/orsted/AGV_EEPIS/build/DDRM_description/urdf/DDRM.ros2control -> /home/orsted/AGV_EEPIS/install/DDRM_description/share/DDRM_description/urdf
[8.258s] symbolically linking /home/orsted/AGV_EEPIS/build/DDRM_description/urdf/DDRM.gazebo -> /home/orsted/AGV_EEPIS/install/DDRM_description/share/DDRM_description/urdf
[8.258s] creating /home/orsted/AGV_EEPIS/install/DDRM_description/share/DDRM_description/meshes
[8.258s] symbolically linking /home/orsted/AGV_EEPIS/build/DDRM_description/meshes/base_link.stl -> /home/orsted/AGV_EEPIS/install/DDRM_description/share/DDRM_description/meshes
[8.259s] symbolically linking /home/orsted/AGV_EEPIS/build/DDRM_description/meshes/lwheel_1.stl -> /home/orsted/AGV_EEPIS/install/DDRM_description/share/DDRM_description/meshes
[8.259s] symbolically linking /home/orsted/AGV_EEPIS/build/DDRM_description/meshes/camera_1.stl -> /home/orsted/AGV_EEPIS/install/DDRM_description/share/DDRM_description/meshes
[8.259s] symbolically linking /home/orsted/AGV_EEPIS/build/DDRM_description/meshes/rwheel_1.stl -> /home/orsted/AGV_EEPIS/install/DDRM_description/share/DDRM_description/meshes
[8.259s] creating /home/orsted/AGV_EEPIS/install/DDRM_description/share/DDRM_description/config
[8.259s] symbolically linking /home/orsted/AGV_EEPIS/build/DDRM_description/config/ros_gz_bridge_gazebo.yaml -> /home/orsted/AGV_EEPIS/install/DDRM_description/share/DDRM_description/config
[8.259s] symbolically linking /home/orsted/AGV_EEPIS/build/DDRM_description/config/display.rviz -> /home/orsted/AGV_EEPIS/install/DDRM_description/share/DDRM_description/config
[8.264s] symbolically linking /home/orsted/AGV_EEPIS/build/DDRM_description/config/gazebo.rviz -> /home/orsted/AGV_EEPIS/install/DDRM_description/share/DDRM_description/config
[8.464s] Invoked command in '/home/orsted/AGV_EEPIS/build/DDRM_description' returned '0': PYTHONPATH=/home/orsted/AGV_EEPIS/build/DDRM_description/prefix_override:/usr/lib/python3/dist-packages/colcon_core/task/python/colcon_distutils_commands:/home/orsted/AGV_EEPIS/install/DDRM_description/lib/python3.12/site-packages:${PYTHONPATH} /usr/bin/python3 -W ignore:setup.py install is deprecated -W ignore:easy_install command is deprecated setup.py develop --editable --build-directory /home/orsted/AGV_EEPIS/build/DDRM_description/build --no-deps symlink_data
