[1.387s] Invoking command in '/home/orsted-793/Documents/AGV_EEPIS/build/model_description': DEBUGINFOD_URLS=https://debuginfod.ubuntu.com PYTHONPATH=/home/orsted-793/Documents/AGV_EEPIS/build/model_description/prefix_override:/usr/lib/python3/dist-packages/colcon_core/task/python/colcon_distutils_commands:/home/orsted-793/Documents/AGV_EEPIS/install/model_description/lib/python3.12/site-packages:${PYTHONPATH} /usr/bin/python3 -W ignore:setup.py install is deprecated -W ignore:easy_install command is deprecated setup.py develop --editable --build-directory /home/orsted-793/Documents/AGV_EEPIS/build/model_description/build --no-deps symlink_data
[1.894s] running develop
[2.208s] running egg_info
[2.209s] creating model_description.egg-info
[2.237s] writing model_description.egg-info/PKG-INFO
[2.240s] writing dependency_links to model_description.egg-info/dependency_links.txt
[2.240s] writing requirements to model_description.egg-info/requires.txt
[2.241s] writing top-level names to model_description.egg-info/top_level.txt
[2.242s] writing manifest file 'model_description.egg-info/SOURCES.txt'
[2.298s] reading manifest file 'model_description.egg-info/SOURCES.txt'
[2.299s] writing manifest file 'model_description.egg-info/SOURCES.txt'
[2.334s] running build_ext
[2.334s] Creating /home/orsted-793/Documents/AGV_EEPIS/install/model_description/lib/python3.12/site-packages/model-description.egg-link (link to .)
[2.335s] 
[2.335s] Installed /home/orsted-793/Documents/AGV_EEPIS/build/model_description
[2.336s] running symlink_data
[2.337s] creating /home/orsted-793/Documents/AGV_EEPIS/install/model_description/share/ament_index
[2.338s] creating /home/orsted-793/Documents/AGV_EEPIS/install/model_description/share/ament_index/resource_index
[2.338s] creating /home/orsted-793/Documents/AGV_EEPIS/install/model_description/share/ament_index/resource_index/packages
[2.338s] symbolically linking /home/orsted-793/Documents/AGV_EEPIS/build/model_description/resource/model_description -> /home/orsted-793/Documents/AGV_EEPIS/install/model_description/share/ament_index/resource_index/packages
[2.338s] symbolically linking /home/orsted-793/Documents/AGV_EEPIS/build/model_description/package.xml -> /home/orsted-793/Documents/AGV_EEPIS/install/model_description/share/model_description
[2.338s] creating /home/orsted-793/Documents/AGV_EEPIS/install/model_description/share/model_description/launch
[2.338s] symbolically linking /home/orsted-793/Documents/AGV_EEPIS/build/model_description/launch/agv_spawn.launch.py -> /home/orsted-793/Documents/AGV_EEPIS/install/model_description/share/model_description/launch
[2.338s] symbolically linking /home/orsted-793/Documents/AGV_EEPIS/build/model_description/launch/agv_world.launch.py -> /home/orsted-793/Documents/AGV_EEPIS/install/model_description/share/model_description/launch
[2.338s] symbolically linking /home/orsted-793/Documents/AGV_EEPIS/build/model_description/launch/state_publisher.launch.py -> /home/orsted-793/Documents/AGV_EEPIS/install/model_description/share/model_description/launch
[2.338s] creating /home/orsted-793/Documents/AGV_EEPIS/install/model_description/share/model_description/urdf
[2.338s] symbolically linking /home/orsted-793/Documents/AGV_EEPIS/build/model_description/urdf/materials.xacro -> /home/orsted-793/Documents/AGV_EEPIS/install/model_description/share/model_description/urdf
[2.344s] symbolically linking /home/orsted-793/Documents/AGV_EEPIS/build/model_description/urdf/model.xacro -> /home/orsted-793/Documents/AGV_EEPIS/install/model_description/share/model_description/urdf
[2.344s] symbolically linking /home/orsted-793/Documents/AGV_EEPIS/build/model_description/urdf/model.gazebo -> /home/orsted-793/Documents/AGV_EEPIS/install/model_description/share/model_description/urdf
[2.344s] symbolically linking /home/orsted-793/Documents/AGV_EEPIS/build/model_description/urdf/camera.xacro -> /home/orsted-793/Documents/AGV_EEPIS/install/model_description/share/model_description/urdf
[2.344s] symbolically linking /home/orsted-793/Documents/AGV_EEPIS/build/model_description/urdf/model.ros2control -> /home/orsted-793/Documents/AGV_EEPIS/install/model_description/share/model_description/urdf
[2.344s] creating /home/orsted-793/Documents/AGV_EEPIS/install/model_description/share/model_description/meshes
[2.344s] symbolically linking /home/orsted-793/Documents/AGV_EEPIS/build/model_description/meshes/r_caster_wheel_1.stl -> /home/orsted-793/Documents/AGV_EEPIS/install/model_description/share/model_description/meshes
[2.344s] symbolically linking /home/orsted-793/Documents/AGV_EEPIS/build/model_description/meshes/stacker_slider_1.stl -> /home/orsted-793/Documents/AGV_EEPIS/install/model_description/share/model_description/meshes
[2.344s] symbolically linking /home/orsted-793/Documents/AGV_EEPIS/build/model_description/meshes/l_caster_wheel_1.stl -> /home/orsted-793/Documents/AGV_EEPIS/install/model_description/share/model_description/meshes
[2.344s] symbolically linking /home/orsted-793/Documents/AGV_EEPIS/build/model_description/meshes/steer_head_1.stl -> /home/orsted-793/Documents/AGV_EEPIS/install/model_description/share/model_description/meshes
[2.348s] symbolically linking /home/orsted-793/Documents/AGV_EEPIS/build/model_description/meshes/l_wheel_1.stl -> /home/orsted-793/Documents/AGV_EEPIS/install/model_description/share/model_description/meshes
[2.348s] symbolically linking /home/orsted-793/Documents/AGV_EEPIS/build/model_description/meshes/stacker_fork_1.stl -> /home/orsted-793/Documents/AGV_EEPIS/install/model_description/share/model_description/meshes
[2.387s] symbolically linking /home/orsted-793/Documents/AGV_EEPIS/build/model_description/meshes/r_static_wheel_1.stl -> /home/orsted-793/Documents/AGV_EEPIS/install/model_description/share/model_description/meshes
[2.388s] symbolically linking /home/orsted-793/Documents/AGV_EEPIS/build/model_description/meshes/r_caster_1.stl -> /home/orsted-793/Documents/AGV_EEPIS/install/model_description/share/model_description/meshes
[2.389s] symbolically linking /home/orsted-793/Documents/AGV_EEPIS/build/model_description/meshes/base_link.stl -> /home/orsted-793/Documents/AGV_EEPIS/install/model_description/share/model_description/meshes
[2.389s] symbolically linking /home/orsted-793/Documents/AGV_EEPIS/build/model_description/meshes/steering_1.stl -> /home/orsted-793/Documents/AGV_EEPIS/install/model_description/share/model_description/meshes
[2.389s] symbolically linking /home/orsted-793/Documents/AGV_EEPIS/build/model_description/meshes/l_caster_1.stl -> /home/orsted-793/Documents/AGV_EEPIS/install/model_description/share/model_description/meshes
[2.389s] symbolically linking /home/orsted-793/Documents/AGV_EEPIS/build/model_description/meshes/l_static_wheel_1.stl -> /home/orsted-793/Documents/AGV_EEPIS/install/model_description/share/model_description/meshes
[2.389s] symbolically linking /home/orsted-793/Documents/AGV_EEPIS/build/model_description/meshes/r_wheel_1.stl -> /home/orsted-793/Documents/AGV_EEPIS/install/model_description/share/model_description/meshes
[2.391s] creating /home/orsted-793/Documents/AGV_EEPIS/install/model_description/share/model_description/config
[2.391s] symbolically linking /home/orsted-793/Documents/AGV_EEPIS/build/model_description/config/ros_gz_bridge_gazebo.yaml -> /home/orsted-793/Documents/AGV_EEPIS/install/model_description/share/model_description/config
[2.391s] symbolically linking /home/orsted-793/Documents/AGV_EEPIS/build/model_description/config/gazebo.rviz -> /home/orsted-793/Documents/AGV_EEPIS/install/model_description/share/model_description/config
[2.393s] symbolically linking /home/orsted-793/Documents/AGV_EEPIS/build/model_description/config/display.rviz -> /home/orsted-793/Documents/AGV_EEPIS/install/model_description/share/model_description/config
[2.393s] creating /home/orsted-793/Documents/AGV_EEPIS/install/model_description/share/model_description/params
[2.393s] symbolically linking /home/orsted-793/Documents/AGV_EEPIS/build/model_description/params/agv_bridge.yaml -> /home/orsted-793/Documents/AGV_EEPIS/install/model_description/share/model_description/params
[2.393s] creating /home/orsted-793/Documents/AGV_EEPIS/install/model_description/share/model_description/turtlebot3_world
[2.393s] symbolically linking /home/orsted-793/Documents/AGV_EEPIS/build/model_description/turtlebot3_world/turtlebot3_world.world -> /home/orsted-793/Documents/AGV_EEPIS/install/model_description/share/model_description/turtlebot3_world
[2.393s] symbolically linking /home/orsted-793/Documents/AGV_EEPIS/build/model_description/turtlebot3_world/model.config -> /home/orsted-793/Documents/AGV_EEPIS/install/model_description/share/model_description/turtlebot3_world
[2.393s] symbolically linking /home/orsted-793/Documents/AGV_EEPIS/build/model_description/turtlebot3_world/model.sdf -> /home/orsted-793/Documents/AGV_EEPIS/install/model_description/share/model_description/turtlebot3_world
[2.393s] symbolically linking /home/orsted-793/Documents/AGV_EEPIS/build/model_description/turtlebot3_world/model-1_4.sdf -> /home/orsted-793/Documents/AGV_EEPIS/install/model_description/share/model_description/turtlebot3_world
[2.393s] creating /home/orsted-793/Documents/AGV_EEPIS/install/model_description/share/model_description/turtlebot3_world/meshes
[2.395s] symbolically linking /home/orsted-793/Documents/AGV_EEPIS/build/model_description/turtlebot3_world/meshes/hexagon.dae -> /home/orsted-793/Documents/AGV_EEPIS/install/model_description/share/model_description/turtlebot3_world/meshes
[2.395s] symbolically linking /home/orsted-793/Documents/AGV_EEPIS/build/model_description/turtlebot3_world/meshes/wall.dae -> /home/orsted-793/Documents/AGV_EEPIS/install/model_description/share/model_description/turtlebot3_world/meshes
[2.560s] Invoked command in '/home/orsted-793/Documents/AGV_EEPIS/build/model_description' returned '0': DEBUGINFOD_URLS=https://debuginfod.ubuntu.com PYTHONPATH=/home/orsted-793/Documents/AGV_EEPIS/build/model_description/prefix_override:/usr/lib/python3/dist-packages/colcon_core/task/python/colcon_distutils_commands:/home/orsted-793/Documents/AGV_EEPIS/install/model_description/lib/python3.12/site-packages:${PYTHONPATH} /usr/bin/python3 -W ignore:setup.py install is deprecated -W ignore:easy_install command is deprecated setup.py develop --editable --build-directory /home/orsted-793/Documents/AGV_EEPIS/build/model_description/build --no-deps symlink_data
