[0.000000] (-) TimerEvent: {}
[0.001101] (bringup) JobQueued: {'identifier': 'bringup', 'dependencies': OrderedDict()}
[0.001359] (canbus) JobQueued: {'identifier': 'canbus', 'dependencies': OrderedDict()}
[0.001419] (drive_controller) JobQueued: {'identifier': 'drive_controller', 'dependencies': OrderedDict()}
[0.001467] (model_description) JobQueued: {'identifier': 'model_description', 'dependencies': OrderedDict()}
[0.001555] (remote) JobQueued: {'identifier': 'remote', 'dependencies': OrderedDict()}
[0.002267] (ultrasonic) JobQueued: {'identifier': 'ultrasonic', 'dependencies': OrderedDict()}
[0.002424] (bringup) JobStarted: {'identifier': 'bringup'}
[0.022981] (canbus) JobStarted: {'identifier': 'canbus'}
[0.036505] (drive_controller) JobStarted: {'identifier': 'drive_controller'}
[0.049411] (model_description) JobStarted: {'identifier': 'model_description'}
[0.060292] (remote) JobStarted: {'identifier': 'remote'}
[0.075461] (ultrasonic) JobStarted: {'identifier': 'ultrasonic'}
[0.100510] (-) TimerEvent: {}
[0.201454] (-) TimerEvent: {}
[0.302364] (-) TimerEvent: {}
[0.403429] (-) TimerEvent: {}
[0.504541] (-) TimerEvent: {}
[0.605689] (-) TimerEvent: {}
[0.706780] (-) TimerEvent: {}
[0.808812] (-) TimerEvent: {}
[0.909589] (-) TimerEvent: {}
[1.010470] (-) TimerEvent: {}
[1.111366] (-) TimerEvent: {}
[1.212290] (-) TimerEvent: {}
[1.313296] (-) TimerEvent: {}
[1.408838] (canbus) StderrLine: {'line': b'Traceback (most recent call last):\n  File "/usr/lib/python3/dist-packages/colcon_core/executor/__init__.py", line 91, in __call__\n    rc = await self.task(*args, **kwargs)\n         ^^^^^^^^^^^^^^^^^^^^^^^^^^^^^^^^\n  File "/usr/lib/python3/dist-packages/colcon_core/task/__init__.py", line 120, in __call__\n    return await task_method(*args, **kwargs)\n           ^^^^^^^^^^^^^^^^^^^^^^^^^^^^^^^^^^\n  File "/usr/lib/python3/dist-packages/colcon_ros/task/ament_python/build.py", line 51, in build\n    setup_py_data = get_setup_data(self.context.pkg, env)\n                    ^^^^^^^^^^^^^^^^^^^^^^^^^^^^^^^^^^^^^\n  File "/usr/lib/python3/dist-packages/colcon_core/task/python/__init__.py", line 20, in get_setup_data\n    return dict(pkg.metadata[key](env))\n                ^^^^^^^^^^^^^^^^^^^^^^\n  File "/usr/lib/python3/dist-packages/colcon_ros/package_augmentation/ros_ament_python.py", line 57, in getter\n    return get_setup_information(\n           ^^^^^^^^^^^^^^^^^^^^^^\n  File "/usr/lib/python3/dist-packages/colcon_python_setup_py/package_identification/python_setup_py.py", line 249, in get_setup_information\n    _setup_information_cache[hashable_env] = _get_setup_information(\n                                             ^^^^^^^^^^^^^^^^^^^^^^^\n  File "/usr/lib/python3/dist-packages/colcon_python_setup_py/package_identification/python_setup_py.py", line 296, in _get_setup_information\n    result = subprocess.run(\n             ^^^^^^^^^^^^^^^\n  File "/usr/lib/python3.12/subprocess.py", line 571, in run\n    raise CalledProcessError(retcode, process.args,\nsubprocess.CalledProcessError: Command \'[\'/usr/bin/python3\', \'-c\', \'import sys;from contextlib import suppress;exec("with suppress(ImportError):    from setuptools.extern.packaging.specifiers    import SpecifierSet");exec("with suppress(ImportError):    from packaging.specifiers import SpecifierSet");from distutils.core import run_setup;dist = run_setup(    \\\'setup.py\\\', script_args=(\\\'--dry-run\\\',), stop_after=\\\'config\\\');skip_keys = (\\\'cmdclass\\\', \\\'distclass\\\', \\\'ext_modules\\\', \\\'metadata\\\');data = {    key: value for key, value in dist.__dict__.items()     if (        not key.startswith(\\\'_\\\') and         not callable(value) and         key not in skip_keys and         key not in dist.display_option_names    )};data[\\\'metadata\\\'] = {    k: v for k, v in dist.metadata.__dict__.items()     if k not in (\\\'license_files\\\', \\\'provides_extras\\\')};sys.stdout.buffer.write(repr(data).encode(\\\'utf-8\\\'))\']\' returned non-zero exit status 1.\n'}
[1.412201] (canbus) JobEnded: {'identifier': 'canbus', 'rc': 1}
[1.413658] (-) TimerEvent: {}
[1.515048] (-) TimerEvent: {}
[1.616215] (-) TimerEvent: {}
[1.718401] (-) TimerEvent: {}
[1.819304] (-) TimerEvent: {}
[1.920216] (-) TimerEvent: {}
[2.021230] (-) TimerEvent: {}
[2.123938] (-) TimerEvent: {}
[2.225014] (-) TimerEvent: {}
[2.327865] (-) TimerEvent: {}
[2.429722] (-) TimerEvent: {}
[2.530940] (-) TimerEvent: {}
[2.634312] (-) TimerEvent: {}
[2.736484] (-) TimerEvent: {}
[2.838088] (-) TimerEvent: {}
[2.939074] (-) TimerEvent: {}
[3.040913] (-) TimerEvent: {}
[3.141822] (-) TimerEvent: {}
[3.242753] (-) TimerEvent: {}
[3.343993] (-) TimerEvent: {}
[3.445016] (-) TimerEvent: {}
[3.546688] (-) TimerEvent: {}
[3.647575] (-) TimerEvent: {}
[3.750089] (-) TimerEvent: {}
[3.850963] (-) TimerEvent: {}
[3.951891] (-) TimerEvent: {}
[4.052951] (-) TimerEvent: {}
[4.116369] (bringup) JobEnded: {'identifier': 'bringup', 'rc': 'SIGINT'}
[4.119016] (drive_controller) JobEnded: {'identifier': 'drive_controller', 'rc': 'SIGINT'}
[4.119923] (model_description) JobEnded: {'identifier': 'model_description', 'rc': 'SIGINT'}
[4.120807] (remote) JobEnded: {'identifier': 'remote', 'rc': 'SIGINT'}
[4.121698] (ultrasonic) JobEnded: {'identifier': 'ultrasonic', 'rc': 'SIGINT'}
[4.129873] (-) EventReactorShutdown: {}
