[5.011s] Invoking command in '/home/orsted/AGV_EEPIS/build/remote': DEBUGINFOD_URLS=https://debuginfod.ubuntu.com PYTHONPATH=/home/orsted/AGV_EEPIS/build/remote/prefix_override:/usr/lib/python3/dist-packages/colcon_core/task/python/colcon_distutils_commands:/home/orsted/AGV_EEPIS/install/remote/lib/python3.12/site-packages:${PYTHONPATH} VIRTUAL_ENV_PROMPT=(.venv) /usr/bin/python3 -W ignore:setup.py install is deprecated -W ignore:easy_install command is deprecated setup.py develop --editable --build-directory /home/orsted/AGV_EEPIS/build/remote/build --no-deps symlink_data
[5.730s] running develop
[6.139s] running egg_info
[6.139s] creating remote.egg-info
[6.180s] writing remote.egg-info/PKG-INFO
[6.182s] writing dependency_links to remote.egg-info/dependency_links.txt
[6.185s] writing entry points to remote.egg-info/entry_points.txt
[6.185s] writing requirements to remote.egg-info/requires.txt
[6.186s] writing top-level names to remote.egg-info/top_level.txt
[6.186s] writing manifest file 'remote.egg-info/SOURCES.txt'
[6.269s] reading manifest file 'remote.egg-info/SOURCES.txt'
[6.270s] writing manifest file 'remote.egg-info/SOURCES.txt'
[6.332s] running build_ext
[6.332s] Creating /home/orsted/AGV_EEPIS/install/remote/lib/python3.12/site-packages/remote.egg-link (link to .)
[6.334s] Installing radio_node script to /home/orsted/AGV_EEPIS/install/remote/lib/remote
[6.336s] 
[6.336s] Installed /home/orsted/AGV_EEPIS/build/remote
[6.336s] running symlink_data
[6.337s] creating /home/orsted/AGV_EEPIS/install/remote/share/ament_index
[6.338s] creating /home/orsted/AGV_EEPIS/install/remote/share/ament_index/resource_index
[6.338s] creating /home/orsted/AGV_EEPIS/install/remote/share/ament_index/resource_index/packages
[6.338s] symbolically linking /home/orsted/AGV_EEPIS/build/remote/resource/remote -> /home/orsted/AGV_EEPIS/install/remote/share/ament_index/resource_index/packages
[6.339s] symbolically linking /home/orsted/AGV_EEPIS/build/remote/package.xml -> /home/orsted/AGV_EEPIS/install/remote/share/remote
[6.339s] creating /home/orsted/AGV_EEPIS/install/remote/share/remote/launch
[6.339s] symbolically linking /home/orsted/AGV_EEPIS/build/remote/launch/ps4_remote.launch.py -> /home/orsted/AGV_EEPIS/install/remote/share/remote/launch
[6.341s] symbolically linking /home/orsted/AGV_EEPIS/build/remote/launch/radiomaster_ER6.launch.py -> /home/orsted/AGV_EEPIS/install/remote/share/remote/launch
[6.345s] creating /home/orsted/AGV_EEPIS/install/remote/share/remote/params
[6.346s] symbolically linking /home/orsted/AGV_EEPIS/build/remote/params/ps4_teleop.yaml -> /home/orsted/AGV_EEPIS/install/remote/share/remote/params
[6.473s] Invoked command in '/home/orsted/AGV_EEPIS/build/remote' returned '0': DEBUGINFOD_URLS=https://debuginfod.ubuntu.com PYTHONPATH=/home/orsted/AGV_EEPIS/build/remote/prefix_override:/usr/lib/python3/dist-packages/colcon_core/task/python/colcon_distutils_commands:/home/orsted/AGV_EEPIS/install/remote/lib/python3.12/site-packages:${PYTHONPATH} VIRTUAL_ENV_PROMPT=(.venv) /usr/bin/python3 -W ignore:setup.py install is deprecated -W ignore:easy_install command is deprecated setup.py develop --editable --build-directory /home/orsted/AGV_EEPIS/build/remote/build --no-deps symlink_data
