[7.276s] Invoking command in '/home/orsted/AGV_EEPIS/build/bringup': DEBUGINFOD_URLS=https://debuginfod.ubuntu.com PYTHONPATH=/home/orsted/AGV_EEPIS/build/bringup/prefix_override:/usr/lib/python3/dist-packages/colcon_core/task/python/colcon_distutils_commands:/home/orsted/AGV_EEPIS/install/bringup/lib/python3.12/site-packages:${PYTHONPATH} /usr/bin/python3 -W ignore:setup.py install is deprecated -W ignore:easy_install command is deprecated setup.py develop --editable --build-directory /home/orsted/AGV_EEPIS/build/bringup/build --no-deps symlink_data
[8.316s] running develop
[8.915s] running egg_info
[8.919s] creating bringup.egg-info
[8.976s] writing bringup.egg-info/PKG-INFO
[8.978s] writing dependency_links to bringup.egg-info/dependency_links.txt
[8.979s] writing requirements to bringup.egg-info/requires.txt
[8.980s] writing top-level names to bringup.egg-info/top_level.txt
[8.983s] writing manifest file 'bringup.egg-info/SOURCES.txt'
[9.130s] reading manifest file 'bringup.egg-info/SOURCES.txt'
[9.133s] writing manifest file 'bringup.egg-info/SOURCES.txt'
[9.202s] running build_ext
[9.203s] Creating /home/orsted/AGV_EEPIS/install/bringup/lib/python3.12/site-packages/bringup.egg-link (link to .)
[9.205s] 
[9.206s] Installed /home/orsted/AGV_EEPIS/build/bringup
[9.206s] running symlink_data
[9.207s] creating /home/orsted/AGV_EEPIS/install/bringup/share/ament_index
[9.207s] creating /home/orsted/AGV_EEPIS/install/bringup/share/ament_index/resource_index
[9.208s] creating /home/orsted/AGV_EEPIS/install/bringup/share/ament_index/resource_index/packages
[9.208s] symbolically linking /home/orsted/AGV_EEPIS/build/bringup/resource/bringup -> /home/orsted/AGV_EEPIS/install/bringup/share/ament_index/resource_index/packages
[9.209s] symbolically linking /home/orsted/AGV_EEPIS/build/bringup/package.xml -> /home/orsted/AGV_EEPIS/install/bringup/share/bringup
[9.210s] creating /home/orsted/AGV_EEPIS/install/bringup/share/bringup/launch
[9.210s] symbolically linking /home/orsted/AGV_EEPIS/build/bringup/launch/robot.launch.py -> /home/orsted/AGV_EEPIS/install/bringup/share/bringup/launch
[9.210s] symbolically linking /home/orsted/AGV_EEPIS/build/bringup/launch/simulation.launch.py -> /home/orsted/AGV_EEPIS/install/bringup/share/bringup/launch
[9.210s] creating /home/orsted/AGV_EEPIS/install/bringup/share/bringup/rviz
[9.211s] symbolically linking /home/orsted/AGV_EEPIS/build/bringup/rviz/simulation.rviz -> /home/orsted/AGV_EEPIS/install/bringup/share/bringup/rviz
[9.435s] Invoked command in '/home/orsted/AGV_EEPIS/build/bringup' returned '0': DEBUGINFOD_URLS=https://debuginfod.ubuntu.com PYTHONPATH=/home/orsted/AGV_EEPIS/build/bringup/prefix_override:/usr/lib/python3/dist-packages/colcon_core/task/python/colcon_distutils_commands:/home/orsted/AGV_EEPIS/install/bringup/lib/python3.12/site-packages:${PYTHONPATH} /usr/bin/python3 -W ignore:setup.py install is deprecated -W ignore:easy_install command is deprecated setup.py develop --editable --build-directory /home/orsted/AGV_EEPIS/build/bringup/build --no-deps symlink_data
