running develop
running egg_info
writing ddmr_description.egg-info/PKG-INFO
writing dependency_links to ddmr_description.egg-info/dependency_links.txt
writing requirements to ddmr_description.egg-info/requires.txt
writing top-level names to ddmr_description.egg-info/top_level.txt
reading manifest file 'ddmr_description.egg-info/SOURCES.txt'
writing manifest file 'ddmr_description.egg-info/SOURCES.txt'
running build_ext
Creating /home/orsted/AGV_EEPIS/install/ddmr_description/lib/python3.12/site-packages/ddmr-description.egg-link (link to .)

Installed /home/orsted/AGV_EEPIS/build/ddmr_description
running symlink_data
symbolically linking /home/orsted/AGV_EEPIS/build/ddmr_description/resource/ddmr_description -> /home/orsted/AGV_EEPIS/install/ddmr_description/share/ament_index/resource_index/packages
symbolically linking /home/orsted/AGV_EEPIS/build/ddmr_description/package.xml -> /home/orsted/AGV_EEPIS/install/ddmr_description/share/ddmr_description
creating /home/orsted/AGV_EEPIS/install/ddmr_description/share/ddmr_description/launch
symbolically linking /home/orsted/AGV_EEPIS/build/ddmr_description/launch/display.launch.py -> /home/orsted/AGV_EEPIS/install/ddmr_description/share/ddmr_description/launch
symbolically linking /home/orsted/AGV_EEPIS/build/ddmr_description/launch/gazebo.launch.py -> /home/orsted/AGV_EEPIS/install/ddmr_description/share/ddmr_description/launch
creating /home/orsted/AGV_EEPIS/install/ddmr_description/share/ddmr_description/urdf
symbolically linking /home/orsted/AGV_EEPIS/build/ddmr_description/urdf/ddmr.gazebo -> /home/orsted/AGV_EEPIS/install/ddmr_description/share/ddmr_description/urdf
symbolically linking /home/orsted/AGV_EEPIS/build/ddmr_description/urdf/ddmr.xacro -> /home/orsted/AGV_EEPIS/install/ddmr_description/share/ddmr_description/urdf
symbolically linking /home/orsted/AGV_EEPIS/build/ddmr_description/urdf/materials.xacro -> /home/orsted/AGV_EEPIS/install/ddmr_description/share/ddmr_description/urdf
symbolically linking /home/orsted/AGV_EEPIS/build/ddmr_description/urdf/ddmr.ros2control -> /home/orsted/AGV_EEPIS/install/ddmr_description/share/ddmr_description/urdf
creating /home/orsted/AGV_EEPIS/install/ddmr_description/share/ddmr_description/meshes
symbolically linking /home/orsted/AGV_EEPIS/build/ddmr_description/meshes/base_link.stl -> /home/orsted/AGV_EEPIS/install/ddmr_description/share/ddmr_description/meshes
symbolically linking /home/orsted/AGV_EEPIS/build/ddmr_description/meshes/lwheel_1.stl -> /home/orsted/AGV_EEPIS/install/ddmr_description/share/ddmr_description/meshes
symbolically linking /home/orsted/AGV_EEPIS/build/ddmr_description/meshes/camera_1.stl -> /home/orsted/AGV_EEPIS/install/ddmr_description/share/ddmr_description/meshes
symbolically linking /home/orsted/AGV_EEPIS/build/ddmr_description/meshes/rwheel_1.stl -> /home/orsted/AGV_EEPIS/install/ddmr_description/share/ddmr_description/meshes
creating /home/orsted/AGV_EEPIS/install/ddmr_description/share/ddmr_description/config
symbolically linking /home/orsted/AGV_EEPIS/build/ddmr_description/config/ros_gz_bridge_gazebo.yaml -> /home/orsted/AGV_EEPIS/install/ddmr_description/share/ddmr_description/config
symbolically linking /home/orsted/AGV_EEPIS/build/ddmr_description/config/display.rviz -> /home/orsted/AGV_EEPIS/install/ddmr_description/share/ddmr_description/config
symbolically linking /home/orsted/AGV_EEPIS/build/ddmr_description/config/gazebo.rviz -> /home/orsted/AGV_EEPIS/install/ddmr_description/share/ddmr_description/config
