[6.083s] Invoking command in '/home/orsted/AGV_EEPIS/build/ultrasonic': DEBUGINFOD_URLS=https://debuginfod.ubuntu.com PYTHONPATH=/home/orsted/AGV_EEPIS/build/ultrasonic/prefix_override:/usr/lib/python3/dist-packages/colcon_core/task/python/colcon_distutils_commands:/home/orsted/AGV_EEPIS/install/ultrasonic/lib/python3.12/site-packages:${PYTHONPATH} /usr/bin/python3 -W ignore:setup.py install is deprecated -W ignore:easy_install command is deprecated setup.py develop --editable --build-directory /home/orsted/AGV_EEPIS/build/ultrasonic/build --no-deps symlink_data
[7.101s] running develop
[7.695s] running egg_info
[7.702s] creating ultrasonic.egg-info
[7.757s] writing ultrasonic.egg-info/PKG-INFO
[7.758s] writing dependency_links to ultrasonic.egg-info/dependency_links.txt
[7.758s] writing requirements to ultrasonic.egg-info/requires.txt
[7.759s] writing top-level names to ultrasonic.egg-info/top_level.txt
[7.759s] writing manifest file 'ultrasonic.egg-info/SOURCES.txt'
[7.881s] reading manifest file 'ultrasonic.egg-info/SOURCES.txt'
[7.883s] writing manifest file 'ultrasonic.egg-info/SOURCES.txt'
[7.953s] running build_ext
[7.953s] Creating /home/orsted/AGV_EEPIS/install/ultrasonic/lib/python3.12/site-packages/ultrasonic.egg-link (link to .)
[7.956s] 
[7.957s] Installed /home/orsted/AGV_EEPIS/build/ultrasonic
[7.957s] running symlink_data
[7.958s] creating /home/orsted/AGV_EEPIS/install/ultrasonic/share/ament_index
[7.958s] creating /home/orsted/AGV_EEPIS/install/ultrasonic/share/ament_index/resource_index
[7.958s] creating /home/orsted/AGV_EEPIS/install/ultrasonic/share/ament_index/resource_index/packages
[7.958s] symbolically linking /home/orsted/AGV_EEPIS/build/ultrasonic/resource/ultrasonic -> /home/orsted/AGV_EEPIS/install/ultrasonic/share/ament_index/resource_index/packages
[7.958s] symbolically linking /home/orsted/AGV_EEPIS/build/ultrasonic/package.xml -> /home/orsted/AGV_EEPIS/install/ultrasonic/share/ultrasonic
[8.202s] Invoked command in '/home/orsted/AGV_EEPIS/build/ultrasonic' returned '0': DEBUGINFOD_URLS=https://debuginfod.ubuntu.com PYTHONPATH=/home/orsted/AGV_EEPIS/build/ultrasonic/prefix_override:/usr/lib/python3/dist-packages/colcon_core/task/python/colcon_distutils_commands:/home/orsted/AGV_EEPIS/install/ultrasonic/lib/python3.12/site-packages:${PYTHONPATH} /usr/bin/python3 -W ignore:setup.py install is deprecated -W ignore:easy_install command is deprecated setup.py develop --editable --build-directory /home/orsted/AGV_EEPIS/build/ultrasonic/build --no-deps symlink_data
