[0.132s] DEBUG:colcon:Command line arguments: ['/usr/bin/colcon', 'build', '--symlink']
[0.132s] DEBUG:colcon:Parsed command line arguments: Namespace(log_base=None, log_level=None, verb_name='build', build_base='build', install_base='install', merge_install=False, symlink_install=True, test_result_base=None, continue_on_error=False, executor='parallel', parallel_workers=2, event_handlers=None, ignore_user_meta=False, metas=['./colcon.meta'], base_paths=['.'], packages_ignore=None, packages_ignore_regex=None, paths=None, packages_up_to=None, packages_up_to_regex=None, packages_above=None, packages_above_and_dependencies=None, packages_above_depth=None, packages_select_by_dep=None, packages_skip_by_dep=None, packages_skip_up_to=None, packages_select_build_failed=False, packages_skip_build_finished=False, packages_select_test_failures=False, packages_skip_test_passed=False, packages_select=None, packages_skip=None, packages_select_regex=None, packages_skip_regex=None, packages_start=None, packages_end=None, cmake_args=None, cmake_target=None, cmake_target_skip_unavailable=False, cmake_clean_cache=False, cmake_clean_first=False, cmake_force_configure=False, ament_cmake_args=None, catkin_cmake_args=None, catkin_skip_building_tests=False, verb_parser=<colcon_defaults.argument_parser.defaults.DefaultArgumentsDecorator object at 0x7a5d36509af0>, verb_extension=<colcon_core.verb.build.BuildVerb object at 0x7a5d365090d0>, main=<bound method BuildVerb.main of <colcon_core.verb.build.BuildVerb object at 0x7a5d365090d0>>)
[0.183s] Level 1:colcon.colcon_core.package_discovery:discover_packages(colcon_meta) check parameters
[0.183s] Level 1:colcon.colcon_core.package_discovery:discover_packages(recursive) check parameters
[0.183s] Level 1:colcon.colcon_core.package_discovery:discover_packages(ignore) check parameters
[0.183s] Level 1:colcon.colcon_core.package_discovery:discover_packages(path) check parameters
[0.183s] Level 1:colcon.colcon_core.package_discovery:discover_packages(colcon_meta) discover
[0.183s] Level 1:colcon.colcon_core.package_discovery:discover_packages(recursive) discover
[0.183s] INFO:colcon.colcon_core.package_discovery:Crawling recursively for packages in '/home/orsted-793/Documents/AGV_EEPIS'
[0.183s] Level 1:colcon.colcon_core.package_identification:_identify(.) by extensions ['ignore', 'ignore_ament_install']
[0.184s] Level 1:colcon.colcon_core.package_identification:_identify(.) by extension 'ignore'
[0.184s] Level 1:colcon.colcon_core.package_identification:_identify(.) by extension 'ignore_ament_install'
[0.184s] Level 1:colcon.colcon_core.package_identification:_identify(.) by extensions ['colcon_pkg']
[0.184s] Level 1:colcon.colcon_core.package_identification:_identify(.) by extension 'colcon_pkg'
[0.184s] Level 1:colcon.colcon_core.package_identification:_identify(.) by extensions ['colcon_meta']
[0.184s] Level 1:colcon.colcon_core.package_identification:_identify(.) by extension 'colcon_meta'
[0.184s] Level 1:colcon.colcon_core.package_identification:_identify(.) by extensions ['ros']
[0.184s] Level 1:colcon.colcon_core.package_identification:_identify(.) by extension 'ros'
[0.219s] Level 1:colcon.colcon_core.package_identification:_identify(.) by extensions ['cmake', 'python']
[0.219s] Level 1:colcon.colcon_core.package_identification:_identify(.) by extension 'cmake'
[0.219s] Level 1:colcon.colcon_core.package_identification:_identify(.) by extension 'python'
[0.219s] Level 1:colcon.colcon_core.package_identification:_identify(.) by extensions ['python_setup_py']
[0.219s] Level 1:colcon.colcon_core.package_identification:_identify(.) by extension 'python_setup_py'
[0.220s] Level 1:colcon.colcon_core.package_identification:_identify(build) by extensions ['ignore', 'ignore_ament_install']
[0.220s] Level 1:colcon.colcon_core.package_identification:_identify(build) by extension 'ignore'
[0.220s] Level 1:colcon.colcon_core.package_identification:_identify(build) ignored
[0.220s] Level 1:colcon.colcon_core.package_identification:_identify(install) by extensions ['ignore', 'ignore_ament_install']
[0.220s] Level 1:colcon.colcon_core.package_identification:_identify(install) by extension 'ignore'
[0.220s] Level 1:colcon.colcon_core.package_identification:_identify(install) ignored
[0.220s] Level 1:colcon.colcon_core.package_identification:_identify(log) by extensions ['ignore', 'ignore_ament_install']
[0.220s] Level 1:colcon.colcon_core.package_identification:_identify(log) by extension 'ignore'
[0.220s] Level 1:colcon.colcon_core.package_identification:_identify(log) ignored
[0.220s] Level 1:colcon.colcon_core.package_identification:_identify(src) by extensions ['ignore', 'ignore_ament_install']
[0.221s] Level 1:colcon.colcon_core.package_identification:_identify(src) by extension 'ignore'
[0.221s] Level 1:colcon.colcon_core.package_identification:_identify(src) by extension 'ignore_ament_install'
[0.221s] Level 1:colcon.colcon_core.package_identification:_identify(src) by extensions ['colcon_pkg']
[0.221s] Level 1:colcon.colcon_core.package_identification:_identify(src) by extension 'colcon_pkg'
[0.221s] Level 1:colcon.colcon_core.package_identification:_identify(src) by extensions ['colcon_meta']
[0.221s] Level 1:colcon.colcon_core.package_identification:_identify(src) by extension 'colcon_meta'
[0.221s] Level 1:colcon.colcon_core.package_identification:_identify(src) by extensions ['ros']
[0.221s] Level 1:colcon.colcon_core.package_identification:_identify(src) by extension 'ros'
[0.221s] Level 1:colcon.colcon_core.package_identification:_identify(src) by extensions ['cmake', 'python']
[0.221s] Level 1:colcon.colcon_core.package_identification:_identify(src) by extension 'cmake'
[0.221s] Level 1:colcon.colcon_core.package_identification:_identify(src) by extension 'python'
[0.221s] Level 1:colcon.colcon_core.package_identification:_identify(src) by extensions ['python_setup_py']
[0.221s] Level 1:colcon.colcon_core.package_identification:_identify(src) by extension 'python_setup_py'
[0.221s] Level 1:colcon.colcon_core.package_identification:_identify(src/bringup) by extensions ['ignore', 'ignore_ament_install']
[0.221s] Level 1:colcon.colcon_core.package_identification:_identify(src/bringup) by extension 'ignore'
[0.221s] Level 1:colcon.colcon_core.package_identification:_identify(src/bringup) by extension 'ignore_ament_install'
[0.221s] Level 1:colcon.colcon_core.package_identification:_identify(src/bringup) by extensions ['colcon_pkg']
[0.222s] Level 1:colcon.colcon_core.package_identification:_identify(src/bringup) by extension 'colcon_pkg'
[0.222s] Level 1:colcon.colcon_core.package_identification:_identify(src/bringup) by extensions ['colcon_meta']
[0.222s] Level 1:colcon.colcon_core.package_identification:_identify(src/bringup) by extension 'colcon_meta'
[0.222s] Level 1:colcon.colcon_core.package_identification:_identify(src/bringup) by extensions ['ros']
[0.222s] Level 1:colcon.colcon_core.package_identification:_identify(src/bringup) by extension 'ros'
[0.225s] DEBUG:colcon.colcon_core.package_identification:Package 'src/bringup' with type 'ros.ament_python' and name 'bringup'
[0.226s] Level 1:colcon.colcon_core.package_identification:_identify(src/drive_controller) by extensions ['ignore', 'ignore_ament_install']
[0.226s] Level 1:colcon.colcon_core.package_identification:_identify(src/drive_controller) by extension 'ignore'
[0.226s] Level 1:colcon.colcon_core.package_identification:_identify(src/drive_controller) by extension 'ignore_ament_install'
[0.226s] Level 1:colcon.colcon_core.package_identification:_identify(src/drive_controller) by extensions ['colcon_pkg']
[0.226s] Level 1:colcon.colcon_core.package_identification:_identify(src/drive_controller) by extension 'colcon_pkg'
[0.226s] Level 1:colcon.colcon_core.package_identification:_identify(src/drive_controller) by extensions ['colcon_meta']
[0.226s] Level 1:colcon.colcon_core.package_identification:_identify(src/drive_controller) by extension 'colcon_meta'
[0.226s] Level 1:colcon.colcon_core.package_identification:_identify(src/drive_controller) by extensions ['ros']
[0.226s] Level 1:colcon.colcon_core.package_identification:_identify(src/drive_controller) by extension 'ros'
[0.227s] DEBUG:colcon.colcon_core.package_identification:Package 'src/drive_controller' with type 'ros.ament_python' and name 'drive_controller'
[0.227s] Level 1:colcon.colcon_core.package_identification:_identify(src/model_description) by extensions ['ignore', 'ignore_ament_install']
[0.227s] Level 1:colcon.colcon_core.package_identification:_identify(src/model_description) by extension 'ignore'
[0.227s] Level 1:colcon.colcon_core.package_identification:_identify(src/model_description) by extension 'ignore_ament_install'
[0.227s] Level 1:colcon.colcon_core.package_identification:_identify(src/model_description) by extensions ['colcon_pkg']
[0.227s] Level 1:colcon.colcon_core.package_identification:_identify(src/model_description) by extension 'colcon_pkg'
[0.227s] Level 1:colcon.colcon_core.package_identification:_identify(src/model_description) by extensions ['colcon_meta']
[0.227s] Level 1:colcon.colcon_core.package_identification:_identify(src/model_description) by extension 'colcon_meta'
[0.227s] Level 1:colcon.colcon_core.package_identification:_identify(src/model_description) by extensions ['ros']
[0.227s] Level 1:colcon.colcon_core.package_identification:_identify(src/model_description) by extension 'ros'
[0.228s] DEBUG:colcon.colcon_core.package_identification:Package 'src/model_description' with type 'ros.ament_python' and name 'model_description'
[0.228s] Level 1:colcon.colcon_core.package_identification:_identify(src/remote) by extensions ['ignore', 'ignore_ament_install']
[0.228s] Level 1:colcon.colcon_core.package_identification:_identify(src/remote) by extension 'ignore'
[0.228s] Level 1:colcon.colcon_core.package_identification:_identify(src/remote) by extension 'ignore_ament_install'
[0.228s] Level 1:colcon.colcon_core.package_identification:_identify(src/remote) by extensions ['colcon_pkg']
[0.228s] Level 1:colcon.colcon_core.package_identification:_identify(src/remote) by extension 'colcon_pkg'
[0.229s] Level 1:colcon.colcon_core.package_identification:_identify(src/remote) by extensions ['colcon_meta']
[0.229s] Level 1:colcon.colcon_core.package_identification:_identify(src/remote) by extension 'colcon_meta'
[0.229s] Level 1:colcon.colcon_core.package_identification:_identify(src/remote) by extensions ['ros']
[0.229s] Level 1:colcon.colcon_core.package_identification:_identify(src/remote) by extension 'ros'
[0.229s] DEBUG:colcon.colcon_core.package_identification:Package 'src/remote' with type 'ros.ament_python' and name 'remote'
[0.229s] Level 1:colcon.colcon_core.package_discovery:discover_packages(recursive) using defaults
[0.229s] Level 1:colcon.colcon_core.package_discovery:discover_packages(ignore) discover
[0.229s] Level 1:colcon.colcon_core.package_discovery:discover_packages(ignore) using defaults
[0.229s] Level 1:colcon.colcon_core.package_discovery:discover_packages(path) discover
[0.229s] Level 1:colcon.colcon_core.package_discovery:discover_packages(path) using defaults
[0.257s] Level 5:colcon.colcon_core.verb:set package 'bringup' build argument 'cmake_args' from command line to 'None'
[0.257s] Level 5:colcon.colcon_core.verb:set package 'bringup' build argument 'cmake_target' from command line to 'None'
[0.257s] Level 5:colcon.colcon_core.verb:set package 'bringup' build argument 'cmake_target_skip_unavailable' from command line to 'False'
[0.257s] Level 5:colcon.colcon_core.verb:set package 'bringup' build argument 'cmake_clean_cache' from command line to 'False'
[0.257s] Level 5:colcon.colcon_core.verb:set package 'bringup' build argument 'cmake_clean_first' from command line to 'False'
[0.257s] Level 5:colcon.colcon_core.verb:set package 'bringup' build argument 'cmake_force_configure' from command line to 'False'
[0.257s] Level 5:colcon.colcon_core.verb:set package 'bringup' build argument 'ament_cmake_args' from command line to 'None'
[0.257s] Level 5:colcon.colcon_core.verb:set package 'bringup' build argument 'catkin_cmake_args' from command line to 'None'
[0.257s] Level 5:colcon.colcon_core.verb:set package 'bringup' build argument 'catkin_skip_building_tests' from command line to 'False'
[0.257s] DEBUG:colcon.colcon_core.verb:Building package 'bringup' with the following arguments: {'ament_cmake_args': None, 'build_base': '/home/orsted-793/Documents/AGV_EEPIS/build/bringup', 'catkin_cmake_args': None, 'catkin_skip_building_tests': False, 'cmake_args': None, 'cmake_clean_cache': False, 'cmake_clean_first': False, 'cmake_force_configure': False, 'cmake_target': None, 'cmake_target_skip_unavailable': False, 'install_base': '/home/orsted-793/Documents/AGV_EEPIS/install/bringup', 'merge_install': False, 'path': '/home/orsted-793/Documents/AGV_EEPIS/src/bringup', 'symlink_install': True, 'test_result_base': None}
[0.258s] Level 5:colcon.colcon_core.verb:set package 'drive_controller' build argument 'cmake_args' from command line to 'None'
[0.258s] Level 5:colcon.colcon_core.verb:set package 'drive_controller' build argument 'cmake_target' from command line to 'None'
[0.258s] Level 5:colcon.colcon_core.verb:set package 'drive_controller' build argument 'cmake_target_skip_unavailable' from command line to 'False'
[0.258s] Level 5:colcon.colcon_core.verb:set package 'drive_controller' build argument 'cmake_clean_cache' from command line to 'False'
[0.258s] Level 5:colcon.colcon_core.verb:set package 'drive_controller' build argument 'cmake_clean_first' from command line to 'False'
[0.258s] Level 5:colcon.colcon_core.verb:set package 'drive_controller' build argument 'cmake_force_configure' from command line to 'False'
[0.258s] Level 5:colcon.colcon_core.verb:set package 'drive_controller' build argument 'ament_cmake_args' from command line to 'None'
[0.258s] Level 5:colcon.colcon_core.verb:set package 'drive_controller' build argument 'catkin_cmake_args' from command line to 'None'
[0.258s] Level 5:colcon.colcon_core.verb:set package 'drive_controller' build argument 'catkin_skip_building_tests' from command line to 'False'
[0.258s] DEBUG:colcon.colcon_core.verb:Building package 'drive_controller' with the following arguments: {'ament_cmake_args': None, 'build_base': '/home/orsted-793/Documents/AGV_EEPIS/build/drive_controller', 'catkin_cmake_args': None, 'catkin_skip_building_tests': False, 'cmake_args': None, 'cmake_clean_cache': False, 'cmake_clean_first': False, 'cmake_force_configure': False, 'cmake_target': None, 'cmake_target_skip_unavailable': False, 'install_base': '/home/orsted-793/Documents/AGV_EEPIS/install/drive_controller', 'merge_install': False, 'path': '/home/orsted-793/Documents/AGV_EEPIS/src/drive_controller', 'symlink_install': True, 'test_result_base': None}
[0.258s] Level 5:colcon.colcon_core.verb:set package 'model_description' build argument 'cmake_args' from command line to 'None'
[0.258s] Level 5:colcon.colcon_core.verb:set package 'model_description' build argument 'cmake_target' from command line to 'None'
[0.258s] Level 5:colcon.colcon_core.verb:set package 'model_description' build argument 'cmake_target_skip_unavailable' from command line to 'False'
[0.258s] Level 5:colcon.colcon_core.verb:set package 'model_description' build argument 'cmake_clean_cache' from command line to 'False'
[0.258s] Level 5:colcon.colcon_core.verb:set package 'model_description' build argument 'cmake_clean_first' from command line to 'False'
[0.258s] Level 5:colcon.colcon_core.verb:set package 'model_description' build argument 'cmake_force_configure' from command line to 'False'
[0.258s] Level 5:colcon.colcon_core.verb:set package 'model_description' build argument 'ament_cmake_args' from command line to 'None'
[0.259s] Level 5:colcon.colcon_core.verb:set package 'model_description' build argument 'catkin_cmake_args' from command line to 'None'
[0.259s] Level 5:colcon.colcon_core.verb:set package 'model_description' build argument 'catkin_skip_building_tests' from command line to 'False'
[0.259s] DEBUG:colcon.colcon_core.verb:Building package 'model_description' with the following arguments: {'ament_cmake_args': None, 'build_base': '/home/orsted-793/Documents/AGV_EEPIS/build/model_description', 'catkin_cmake_args': None, 'catkin_skip_building_tests': False, 'cmake_args': None, 'cmake_clean_cache': False, 'cmake_clean_first': False, 'cmake_force_configure': False, 'cmake_target': None, 'cmake_target_skip_unavailable': False, 'install_base': '/home/orsted-793/Documents/AGV_EEPIS/install/model_description', 'merge_install': False, 'path': '/home/orsted-793/Documents/AGV_EEPIS/src/model_description', 'symlink_install': True, 'test_result_base': None}
[0.259s] Level 5:colcon.colcon_core.verb:set package 'remote' build argument 'cmake_args' from command line to 'None'
[0.259s] Level 5:colcon.colcon_core.verb:set package 'remote' build argument 'cmake_target' from command line to 'None'
[0.259s] Level 5:colcon.colcon_core.verb:set package 'remote' build argument 'cmake_target_skip_unavailable' from command line to 'False'
[0.259s] Level 5:colcon.colcon_core.verb:set package 'remote' build argument 'cmake_clean_cache' from command line to 'False'
[0.259s] Level 5:colcon.colcon_core.verb:set package 'remote' build argument 'cmake_clean_first' from command line to 'False'
[0.259s] Level 5:colcon.colcon_core.verb:set package 'remote' build argument 'cmake_force_configure' from command line to 'False'
[0.259s] Level 5:colcon.colcon_core.verb:set package 'remote' build argument 'ament_cmake_args' from command line to 'None'
[0.259s] Level 5:colcon.colcon_core.verb:set package 'remote' build argument 'catkin_cmake_args' from command line to 'None'
[0.259s] Level 5:colcon.colcon_core.verb:set package 'remote' build argument 'catkin_skip_building_tests' from command line to 'False'
[0.259s] DEBUG:colcon.colcon_core.verb:Building package 'remote' with the following arguments: {'ament_cmake_args': None, 'build_base': '/home/orsted-793/Documents/AGV_EEPIS/build/remote', 'catkin_cmake_args': None, 'catkin_skip_building_tests': False, 'cmake_args': None, 'cmake_clean_cache': False, 'cmake_clean_first': False, 'cmake_force_configure': False, 'cmake_target': None, 'cmake_target_skip_unavailable': False, 'install_base': '/home/orsted-793/Documents/AGV_EEPIS/install/remote', 'merge_install': False, 'path': '/home/orsted-793/Documents/AGV_EEPIS/src/remote', 'symlink_install': True, 'test_result_base': None}
[0.259s] INFO:colcon.colcon_core.executor:Executing jobs using 'parallel' executor
[0.263s] DEBUG:colcon.colcon_parallel_executor.executor.parallel:run_until_complete
[0.263s] INFO:colcon.colcon_ros.task.ament_python.build:Building ROS package in '/home/orsted-793/Documents/AGV_EEPIS/src/bringup' with build type 'ament_python'
[0.264s] Level 1:colcon.colcon_core.shell:create_environment_hook('bringup', 'ament_prefix_path')
[0.266s] INFO:colcon.colcon_core.plugin_system:Skipping extension 'colcon_core.shell.bat': Not used on non-Windows systems
[0.267s] INFO:colcon.colcon_core.shell:Creating environment descriptor '/home/orsted-793/Documents/AGV_EEPIS/install/bringup/share/bringup/hook/ament_prefix_path.dsv'
[0.268s] INFO:colcon.colcon_core.shell:Creating environment hook '/home/orsted-793/Documents/AGV_EEPIS/install/bringup/share/bringup/hook/ament_prefix_path.sh'
[0.269s] DEBUG:colcon.colcon_core.shell:Skip shell extension 'dsv' for command environment
[0.270s] WARNING:colcon.colcon_ros.prefix_path.ament:The path '/home/orsted-793/Documents/AGV_EEPIS/install/remote' in the environment variable AMENT_PREFIX_PATH doesn't exist
[0.271s] WARNING:colcon.colcon_ros.prefix_path.ament:The path '/home/orsted-793/Documents/AGV_EEPIS/install/model_description' in the environment variable AMENT_PREFIX_PATH doesn't exist
[0.271s] WARNING:colcon.colcon_ros.prefix_path.ament:The path '/home/orsted-793/Documents/AGV_EEPIS/install/drive_controller' in the environment variable AMENT_PREFIX_PATH doesn't exist
[0.275s] INFO:colcon.colcon_ros.task.ament_python.build:Building ROS package in '/home/orsted-793/Documents/AGV_EEPIS/src/drive_controller' with build type 'ament_python'
[0.276s] Level 1:colcon.colcon_core.shell:create_environment_hook('drive_controller', 'ament_prefix_path')
[0.276s] INFO:colcon.colcon_core.shell:Creating environment descriptor '/home/orsted-793/Documents/AGV_EEPIS/install/drive_controller/share/drive_controller/hook/ament_prefix_path.dsv'
[0.277s] INFO:colcon.colcon_core.shell:Creating environment hook '/home/orsted-793/Documents/AGV_EEPIS/install/drive_controller/share/drive_controller/hook/ament_prefix_path.sh'
[0.277s] DEBUG:colcon.colcon_core.shell:Skip shell extension 'dsv' for command environment
[0.688s] INFO:colcon.colcon_core.task.python.build:Building Python package in '/home/orsted-793/Documents/AGV_EEPIS/src/bringup'
[0.688s] DEBUG:colcon.colcon_core.shell:Skip shell extension 'dsv' for command environment
[1.016s] INFO:colcon.colcon_core.task.python.build:Building Python package in '/home/orsted-793/Documents/AGV_EEPIS/src/drive_controller'
[1.016s] DEBUG:colcon.colcon_core.shell:Skip shell extension 'dsv' for command environment
[1.906s] DEBUG:colcon.colcon_core.event_handler.log_command:Invoking command in '/home/orsted-793/Documents/AGV_EEPIS/build/bringup': DEBUGINFOD_URLS=https://debuginfod.ubuntu.com PYTHONPATH=/home/orsted-793/Documents/AGV_EEPIS/build/bringup/prefix_override:/usr/lib/python3/dist-packages/colcon_core/task/python/colcon_distutils_commands:/home/orsted-793/Documents/AGV_EEPIS/install/bringup/lib/python3.12/site-packages:${PYTHONPATH} /usr/bin/python3 -W ignore:setup.py install is deprecated -W ignore:easy_install command is deprecated setup.py develop --editable --build-directory /home/orsted-793/Documents/AGV_EEPIS/build/bringup/build --no-deps symlink_data
[2.079s] DEBUG:colcon.colcon_core.event_handler.log_command:Invoking command in '/home/orsted-793/Documents/AGV_EEPIS/build/drive_controller': DEBUGINFOD_URLS=https://debuginfod.ubuntu.com PYTHONPATH=/home/orsted-793/Documents/AGV_EEPIS/build/drive_controller/prefix_override:/usr/lib/python3/dist-packages/colcon_core/task/python/colcon_distutils_commands:/home/orsted-793/Documents/AGV_EEPIS/install/drive_controller/lib/python3.12/site-packages:${PYTHONPATH} /usr/bin/python3 -W ignore:setup.py install is deprecated -W ignore:easy_install command is deprecated setup.py develop --editable --build-directory /home/orsted-793/Documents/AGV_EEPIS/build/drive_controller/build --no-deps symlink_data
[2.881s] Level 1:colcon.colcon_core.shell:create_environment_hook('bringup', 'pythonpath_develop')
[2.881s] INFO:colcon.colcon_core.shell:Creating environment descriptor '/home/orsted-793/Documents/AGV_EEPIS/build/bringup/share/bringup/hook/pythonpath_develop.dsv'
[2.882s] INFO:colcon.colcon_core.shell:Creating environment hook '/home/orsted-793/Documents/AGV_EEPIS/build/bringup/share/bringup/hook/pythonpath_develop.sh'
[2.883s] DEBUG:colcon.colcon_core.event_handler.log_command:Invoked command in '/home/orsted-793/Documents/AGV_EEPIS/build/bringup' returned '0': DEBUGINFOD_URLS=https://debuginfod.ubuntu.com PYTHONPATH=/home/orsted-793/Documents/AGV_EEPIS/build/bringup/prefix_override:/usr/lib/python3/dist-packages/colcon_core/task/python/colcon_distutils_commands:/home/orsted-793/Documents/AGV_EEPIS/install/bringup/lib/python3.12/site-packages:${PYTHONPATH} /usr/bin/python3 -W ignore:setup.py install is deprecated -W ignore:easy_install command is deprecated setup.py develop --editable --build-directory /home/orsted-793/Documents/AGV_EEPIS/build/bringup/build --no-deps symlink_data
[2.885s] Level 1:colcon.colcon_core.environment:checking '/home/orsted-793/Documents/AGV_EEPIS/install/bringup' for CMake module files
[2.887s] Level 1:colcon.colcon_core.environment:checking '/home/orsted-793/Documents/AGV_EEPIS/install/bringup' for CMake config files
[2.889s] Level 1:colcon.colcon_core.environment:checking '/home/orsted-793/Documents/AGV_EEPIS/install/bringup/lib'
[2.889s] Level 1:colcon.colcon_core.environment:checking '/home/orsted-793/Documents/AGV_EEPIS/install/bringup/bin'
[2.890s] Level 1:colcon.colcon_core.environment:checking '/home/orsted-793/Documents/AGV_EEPIS/install/bringup/lib/pkgconfig/bringup.pc'
[2.890s] Level 1:colcon.colcon_core.environment:checking '/home/orsted-793/Documents/AGV_EEPIS/install/bringup/lib/python3.12/site-packages'
[2.891s] Level 1:colcon.colcon_core.shell:create_environment_hook('bringup', 'pythonpath')
[2.891s] INFO:colcon.colcon_core.shell:Creating environment descriptor '/home/orsted-793/Documents/AGV_EEPIS/install/bringup/share/bringup/hook/pythonpath.dsv'
[2.892s] INFO:colcon.colcon_core.shell:Creating environment hook '/home/orsted-793/Documents/AGV_EEPIS/install/bringup/share/bringup/hook/pythonpath.sh'
[2.893s] Level 1:colcon.colcon_core.environment:checking '/home/orsted-793/Documents/AGV_EEPIS/install/bringup/bin'
[2.894s] Level 1:colcon.colcon_core.environment:create_environment_scripts_only(bringup)
[2.894s] INFO:colcon.colcon_core.shell:Creating package descriptor '/home/orsted-793/Documents/AGV_EEPIS/install/bringup/share/bringup/package.dsv'
[2.895s] INFO:colcon.colcon_core.shell:Creating package script '/home/orsted-793/Documents/AGV_EEPIS/install/bringup/share/bringup/package.sh'
[2.895s] INFO:colcon.colcon_core.shell:Creating package script '/home/orsted-793/Documents/AGV_EEPIS/install/bringup/share/bringup/package.bash'
[2.896s] INFO:colcon.colcon_core.shell:Creating package script '/home/orsted-793/Documents/AGV_EEPIS/install/bringup/share/bringup/package.zsh'
[2.897s] Level 1:colcon.colcon_core.environment:create_file_with_runtime_dependencies(/home/orsted-793/Documents/AGV_EEPIS/install/bringup/share/colcon-core/packages/bringup)
[2.898s] INFO:colcon.colcon_ros.task.ament_python.build:Building ROS package in '/home/orsted-793/Documents/AGV_EEPIS/src/model_description' with build type 'ament_python'
[2.898s] Level 1:colcon.colcon_core.shell:create_environment_hook('model_description', 'ament_prefix_path')
[2.898s] INFO:colcon.colcon_core.shell:Creating environment descriptor '/home/orsted-793/Documents/AGV_EEPIS/install/model_description/share/model_description/hook/ament_prefix_path.dsv'
[2.900s] INFO:colcon.colcon_core.shell:Creating environment hook '/home/orsted-793/Documents/AGV_EEPIS/install/model_description/share/model_description/hook/ament_prefix_path.sh'
[2.900s] DEBUG:colcon.colcon_core.shell:Skip shell extension 'dsv' for command environment
[3.228s] INFO:colcon.colcon_core.task.python.build:Building Python package in '/home/orsted-793/Documents/AGV_EEPIS/src/model_description'
[3.228s] DEBUG:colcon.colcon_core.shell:Skip shell extension 'dsv' for command environment
[3.239s] Level 1:colcon.colcon_core.shell:create_environment_hook('drive_controller', 'pythonpath_develop')
[3.240s] INFO:colcon.colcon_core.shell:Creating environment descriptor '/home/orsted-793/Documents/AGV_EEPIS/build/drive_controller/share/drive_controller/hook/pythonpath_develop.dsv'
[3.240s] DEBUG:colcon.colcon_core.event_handler.log_command:Invoked command in '/home/orsted-793/Documents/AGV_EEPIS/build/drive_controller' returned '0': DEBUGINFOD_URLS=https://debuginfod.ubuntu.com PYTHONPATH=/home/orsted-793/Documents/AGV_EEPIS/build/drive_controller/prefix_override:/usr/lib/python3/dist-packages/colcon_core/task/python/colcon_distutils_commands:/home/orsted-793/Documents/AGV_EEPIS/install/drive_controller/lib/python3.12/site-packages:${PYTHONPATH} /usr/bin/python3 -W ignore:setup.py install is deprecated -W ignore:easy_install command is deprecated setup.py develop --editable --build-directory /home/orsted-793/Documents/AGV_EEPIS/build/drive_controller/build --no-deps symlink_data
[3.241s] INFO:colcon.colcon_core.shell:Creating environment hook '/home/orsted-793/Documents/AGV_EEPIS/build/drive_controller/share/drive_controller/hook/pythonpath_develop.sh'
[3.243s] Level 1:colcon.colcon_core.environment:checking '/home/orsted-793/Documents/AGV_EEPIS/install/drive_controller' for CMake module files
[3.244s] Level 1:colcon.colcon_core.environment:checking '/home/orsted-793/Documents/AGV_EEPIS/install/drive_controller' for CMake config files
[3.245s] Level 1:colcon.colcon_core.environment:checking '/home/orsted-793/Documents/AGV_EEPIS/install/drive_controller/lib'
[3.246s] Level 1:colcon.colcon_core.environment:checking '/home/orsted-793/Documents/AGV_EEPIS/install/drive_controller/bin'
[3.246s] Level 1:colcon.colcon_core.environment:checking '/home/orsted-793/Documents/AGV_EEPIS/install/drive_controller/lib/pkgconfig/drive_controller.pc'
[3.247s] Level 1:colcon.colcon_core.environment:checking '/home/orsted-793/Documents/AGV_EEPIS/install/drive_controller/lib/python3.12/site-packages'
[3.247s] Level 1:colcon.colcon_core.shell:create_environment_hook('drive_controller', 'pythonpath')
[3.247s] INFO:colcon.colcon_core.shell:Creating environment descriptor '/home/orsted-793/Documents/AGV_EEPIS/install/drive_controller/share/drive_controller/hook/pythonpath.dsv'
[3.248s] INFO:colcon.colcon_core.shell:Creating environment hook '/home/orsted-793/Documents/AGV_EEPIS/install/drive_controller/share/drive_controller/hook/pythonpath.sh'
[3.251s] Level 1:colcon.colcon_core.environment:checking '/home/orsted-793/Documents/AGV_EEPIS/install/drive_controller/bin'
[3.251s] Level 1:colcon.colcon_core.environment:create_environment_scripts_only(drive_controller)
[3.252s] INFO:colcon.colcon_core.shell:Creating package descriptor '/home/orsted-793/Documents/AGV_EEPIS/install/drive_controller/share/drive_controller/package.dsv'
[3.253s] INFO:colcon.colcon_core.shell:Creating package script '/home/orsted-793/Documents/AGV_EEPIS/install/drive_controller/share/drive_controller/package.sh'
[3.254s] INFO:colcon.colcon_core.shell:Creating package script '/home/orsted-793/Documents/AGV_EEPIS/install/drive_controller/share/drive_controller/package.bash'
[3.255s] INFO:colcon.colcon_core.shell:Creating package script '/home/orsted-793/Documents/AGV_EEPIS/install/drive_controller/share/drive_controller/package.zsh'
[3.256s] Level 1:colcon.colcon_core.environment:create_file_with_runtime_dependencies(/home/orsted-793/Documents/AGV_EEPIS/install/drive_controller/share/colcon-core/packages/drive_controller)
[3.257s] INFO:colcon.colcon_ros.task.ament_python.build:Building ROS package in '/home/orsted-793/Documents/AGV_EEPIS/src/remote' with build type 'ament_python'
[3.258s] Level 1:colcon.colcon_core.shell:create_environment_hook('remote', 'ament_prefix_path')
[3.258s] INFO:colcon.colcon_core.shell:Creating environment descriptor '/home/orsted-793/Documents/AGV_EEPIS/install/remote/share/remote/hook/ament_prefix_path.dsv'
[3.260s] INFO:colcon.colcon_core.shell:Creating environment hook '/home/orsted-793/Documents/AGV_EEPIS/install/remote/share/remote/hook/ament_prefix_path.sh'
[3.262s] DEBUG:colcon.colcon_core.shell:Skip shell extension 'dsv' for command environment
[3.697s] INFO:colcon.colcon_core.task.python.build:Building Python package in '/home/orsted-793/Documents/AGV_EEPIS/src/remote'
[3.697s] DEBUG:colcon.colcon_core.shell:Skip shell extension 'dsv' for command environment
[4.286s] DEBUG:colcon.colcon_core.event_handler.log_command:Invoking command in '/home/orsted-793/Documents/AGV_EEPIS/build/model_description': DEBUGINFOD_URLS=https://debuginfod.ubuntu.com PYTHONPATH=/home/orsted-793/Documents/AGV_EEPIS/build/model_description/prefix_override:/usr/lib/python3/dist-packages/colcon_core/task/python/colcon_distutils_commands:/home/orsted-793/Documents/AGV_EEPIS/install/model_description/lib/python3.12/site-packages:${PYTHONPATH} /usr/bin/python3 -W ignore:setup.py install is deprecated -W ignore:easy_install command is deprecated setup.py develop --editable --build-directory /home/orsted-793/Documents/AGV_EEPIS/build/model_description/build --no-deps symlink_data
[4.606s] DEBUG:colcon.colcon_core.event_handler.log_command:Invoking command in '/home/orsted-793/Documents/AGV_EEPIS/build/remote': DEBUGINFOD_URLS=https://debuginfod.ubuntu.com PYTHONPATH=/home/orsted-793/Documents/AGV_EEPIS/build/remote/prefix_override:/usr/lib/python3/dist-packages/colcon_core/task/python/colcon_distutils_commands:/home/orsted-793/Documents/AGV_EEPIS/install/remote/lib/python3.12/site-packages:${PYTHONPATH} /usr/bin/python3 -W ignore:setup.py install is deprecated -W ignore:easy_install command is deprecated setup.py develop --editable --build-directory /home/orsted-793/Documents/AGV_EEPIS/build/remote/build --no-deps symlink_data
[5.456s] Level 1:colcon.colcon_core.shell:create_environment_hook('model_description', 'pythonpath_develop')
[5.456s] INFO:colcon.colcon_core.shell:Creating environment descriptor '/home/orsted-793/Documents/AGV_EEPIS/build/model_description/share/model_description/hook/pythonpath_develop.dsv'
[5.459s] DEBUG:colcon.colcon_core.event_handler.log_command:Invoked command in '/home/orsted-793/Documents/AGV_EEPIS/build/model_description' returned '0': DEBUGINFOD_URLS=https://debuginfod.ubuntu.com PYTHONPATH=/home/orsted-793/Documents/AGV_EEPIS/build/model_description/prefix_override:/usr/lib/python3/dist-packages/colcon_core/task/python/colcon_distutils_commands:/home/orsted-793/Documents/AGV_EEPIS/install/model_description/lib/python3.12/site-packages:${PYTHONPATH} /usr/bin/python3 -W ignore:setup.py install is deprecated -W ignore:easy_install command is deprecated setup.py develop --editable --build-directory /home/orsted-793/Documents/AGV_EEPIS/build/model_description/build --no-deps symlink_data
[5.460s] INFO:colcon.colcon_core.shell:Creating environment hook '/home/orsted-793/Documents/AGV_EEPIS/build/model_description/share/model_description/hook/pythonpath_develop.sh'
[5.463s] Level 1:colcon.colcon_core.environment:checking '/home/orsted-793/Documents/AGV_EEPIS/install/model_description' for CMake module files
[5.463s] Level 1:colcon.colcon_core.environment:checking '/home/orsted-793/Documents/AGV_EEPIS/install/model_description' for CMake config files
[5.467s] Level 1:colcon.colcon_core.environment:checking '/home/orsted-793/Documents/AGV_EEPIS/install/model_description/lib'
[5.467s] Level 1:colcon.colcon_core.environment:checking '/home/orsted-793/Documents/AGV_EEPIS/install/model_description/bin'
[5.468s] Level 1:colcon.colcon_core.environment:checking '/home/orsted-793/Documents/AGV_EEPIS/install/model_description/lib/pkgconfig/model_description.pc'
[5.469s] Level 1:colcon.colcon_core.environment:checking '/home/orsted-793/Documents/AGV_EEPIS/install/model_description/lib/python3.12/site-packages'
[5.469s] Level 1:colcon.colcon_core.shell:create_environment_hook('model_description', 'pythonpath')
[5.469s] INFO:colcon.colcon_core.shell:Creating environment descriptor '/home/orsted-793/Documents/AGV_EEPIS/install/model_description/share/model_description/hook/pythonpath.dsv'
[5.471s] INFO:colcon.colcon_core.shell:Creating environment hook '/home/orsted-793/Documents/AGV_EEPIS/install/model_description/share/model_description/hook/pythonpath.sh'
[5.472s] Level 1:colcon.colcon_core.environment:checking '/home/orsted-793/Documents/AGV_EEPIS/install/model_description/bin'
[5.472s] Level 1:colcon.colcon_core.environment:create_environment_scripts_only(model_description)
[5.472s] INFO:colcon.colcon_core.shell:Creating package descriptor '/home/orsted-793/Documents/AGV_EEPIS/install/model_description/share/model_description/package.dsv'
[5.474s] INFO:colcon.colcon_core.shell:Creating package script '/home/orsted-793/Documents/AGV_EEPIS/install/model_description/share/model_description/package.sh'
[5.475s] INFO:colcon.colcon_core.shell:Creating package script '/home/orsted-793/Documents/AGV_EEPIS/install/model_description/share/model_description/package.bash'
[5.476s] INFO:colcon.colcon_core.shell:Creating package script '/home/orsted-793/Documents/AGV_EEPIS/install/model_description/share/model_description/package.zsh'
[5.477s] Level 1:colcon.colcon_core.environment:create_file_with_runtime_dependencies(/home/orsted-793/Documents/AGV_EEPIS/install/model_description/share/colcon-core/packages/model_description)
[5.743s] Level 1:colcon.colcon_core.shell:create_environment_hook('remote', 'pythonpath_develop')
[5.743s] INFO:colcon.colcon_core.shell:Creating environment descriptor '/home/orsted-793/Documents/AGV_EEPIS/build/remote/share/remote/hook/pythonpath_develop.dsv'
[5.744s] DEBUG:colcon.colcon_core.event_handler.log_command:Invoked command in '/home/orsted-793/Documents/AGV_EEPIS/build/remote' returned '0': DEBUGINFOD_URLS=https://debuginfod.ubuntu.com PYTHONPATH=/home/orsted-793/Documents/AGV_EEPIS/build/remote/prefix_override:/usr/lib/python3/dist-packages/colcon_core/task/python/colcon_distutils_commands:/home/orsted-793/Documents/AGV_EEPIS/install/remote/lib/python3.12/site-packages:${PYTHONPATH} /usr/bin/python3 -W ignore:setup.py install is deprecated -W ignore:easy_install command is deprecated setup.py develop --editable --build-directory /home/orsted-793/Documents/AGV_EEPIS/build/remote/build --no-deps symlink_data
[5.744s] INFO:colcon.colcon_core.shell:Creating environment hook '/home/orsted-793/Documents/AGV_EEPIS/build/remote/share/remote/hook/pythonpath_develop.sh'
[5.745s] Level 1:colcon.colcon_core.environment:checking '/home/orsted-793/Documents/AGV_EEPIS/install/remote' for CMake module files
[5.746s] Level 1:colcon.colcon_core.environment:checking '/home/orsted-793/Documents/AGV_EEPIS/install/remote' for CMake config files
[5.746s] Level 1:colcon.colcon_core.environment:checking '/home/orsted-793/Documents/AGV_EEPIS/install/remote/lib'
[5.746s] Level 1:colcon.colcon_core.environment:checking '/home/orsted-793/Documents/AGV_EEPIS/install/remote/bin'
[5.746s] Level 1:colcon.colcon_core.environment:checking '/home/orsted-793/Documents/AGV_EEPIS/install/remote/lib/pkgconfig/remote.pc'
[5.747s] Level 1:colcon.colcon_core.environment:checking '/home/orsted-793/Documents/AGV_EEPIS/install/remote/lib/python3.12/site-packages'
[5.747s] Level 1:colcon.colcon_core.shell:create_environment_hook('remote', 'pythonpath')
[5.747s] INFO:colcon.colcon_core.shell:Creating environment descriptor '/home/orsted-793/Documents/AGV_EEPIS/install/remote/share/remote/hook/pythonpath.dsv'
[5.747s] INFO:colcon.colcon_core.shell:Creating environment hook '/home/orsted-793/Documents/AGV_EEPIS/install/remote/share/remote/hook/pythonpath.sh'
[5.750s] Level 1:colcon.colcon_core.environment:checking '/home/orsted-793/Documents/AGV_EEPIS/install/remote/bin'
[5.750s] Level 1:colcon.colcon_core.environment:create_environment_scripts_only(remote)
[5.750s] INFO:colcon.colcon_core.shell:Creating package descriptor '/home/orsted-793/Documents/AGV_EEPIS/install/remote/share/remote/package.dsv'
[5.751s] INFO:colcon.colcon_core.shell:Creating package script '/home/orsted-793/Documents/AGV_EEPIS/install/remote/share/remote/package.sh'
[5.752s] INFO:colcon.colcon_core.shell:Creating package script '/home/orsted-793/Documents/AGV_EEPIS/install/remote/share/remote/package.bash'
[5.752s] INFO:colcon.colcon_core.shell:Creating package script '/home/orsted-793/Documents/AGV_EEPIS/install/remote/share/remote/package.zsh'
[5.752s] Level 1:colcon.colcon_core.environment:create_file_with_runtime_dependencies(/home/orsted-793/Documents/AGV_EEPIS/install/remote/share/colcon-core/packages/remote)
[5.753s] DEBUG:colcon.colcon_parallel_executor.executor.parallel:closing loop
[5.755s] DEBUG:colcon.colcon_parallel_executor.executor.parallel:loop closed
[5.755s] DEBUG:colcon.colcon_parallel_executor.executor.parallel:run_until_complete finished with '0'
[5.755s] DEBUG:colcon.colcon_core.event_reactor:joining thread
[5.763s] INFO:colcon.colcon_core.plugin_system:Skipping extension 'colcon_notification.desktop_notification.terminal_notifier': Not used on non-Darwin systems
[5.764s] INFO:colcon.colcon_core.plugin_system:Skipping extension 'colcon_notification.desktop_notification.win32': Not used on non-Windows systems
[5.764s] INFO:colcon.colcon_notification.desktop_notification:Sending desktop notification using 'notify2'
[5.788s] DEBUG:colcon.colcon_core.event_reactor:joined thread
[5.789s] INFO:colcon.colcon_core.shell:Creating prefix script '/home/orsted-793/Documents/AGV_EEPIS/install/local_setup.sh'
[5.790s] INFO:colcon.colcon_core.shell:Creating prefix util module '/home/orsted-793/Documents/AGV_EEPIS/install/_local_setup_util_sh.py'
[5.791s] INFO:colcon.colcon_core.shell:Creating prefix chain script '/home/orsted-793/Documents/AGV_EEPIS/install/setup.sh'
[5.793s] INFO:colcon.colcon_core.shell:Creating prefix script '/home/orsted-793/Documents/AGV_EEPIS/install/local_setup.bash'
[5.794s] INFO:colcon.colcon_core.shell:Creating prefix chain script '/home/orsted-793/Documents/AGV_EEPIS/install/setup.bash'
[5.795s] INFO:colcon.colcon_core.shell:Creating prefix script '/home/orsted-793/Documents/AGV_EEPIS/install/local_setup.zsh'
[5.796s] INFO:colcon.colcon_core.shell:Creating prefix chain script '/home/orsted-793/Documents/AGV_EEPIS/install/setup.zsh'
