[3.702s] Invoking command in '/home/orsted/AGV_EEPIS/build/remote': PYTHONPATH=/home/orsted/AGV_EEPIS/build/remote/prefix_override:/usr/lib/python3/dist-packages/colcon_core/task/python/colcon_distutils_commands:/home/orsted/AGV_EEPIS/install/remote/lib/python3.12/site-packages:${PYTHONPATH} /usr/bin/python3 -W ignore:setup.py install is deprecated -W ignore:easy_install command is deprecated setup.py develop --editable --build-directory /home/orsted/AGV_EEPIS/build/remote/build --no-deps symlink_data
[4.681s] running develop
[5.237s] running egg_info
[5.238s] creating remote.egg-info
[5.291s] writing remote.egg-info/PKG-INFO
[5.291s] writing dependency_links to remote.egg-info/dependency_links.txt
[5.292s] writing entry points to remote.egg-info/entry_points.txt
[5.292s] writing requirements to remote.egg-info/requires.txt
[5.293s] writing top-level names to remote.egg-info/top_level.txt
[5.293s] writing manifest file 'remote.egg-info/SOURCES.txt'
[5.403s] reading manifest file 'remote.egg-info/SOURCES.txt'
[5.404s] writing manifest file 'remote.egg-info/SOURCES.txt'
[5.464s] running build_ext
[5.465s] Creating /home/orsted/AGV_EEPIS/install/remote/lib/python3.12/site-packages/remote.egg-link (link to .)
[5.466s] Installing radio_node script to /home/orsted/AGV_EEPIS/install/remote/lib/remote
[5.467s] 
[5.468s] Installed /home/orsted/AGV_EEPIS/build/remote
[5.468s] running symlink_data
[5.469s] creating /home/orsted/AGV_EEPIS/install/remote/share/ament_index
[5.469s] creating /home/orsted/AGV_EEPIS/install/remote/share/ament_index/resource_index
[5.469s] creating /home/orsted/AGV_EEPIS/install/remote/share/ament_index/resource_index/packages
[5.470s] symbolically linking /home/orsted/AGV_EEPIS/build/remote/resource/remote -> /home/orsted/AGV_EEPIS/install/remote/share/ament_index/resource_index/packages
[5.470s] symbolically linking /home/orsted/AGV_EEPIS/build/remote/package.xml -> /home/orsted/AGV_EEPIS/install/remote/share/remote
[5.470s] creating /home/orsted/AGV_EEPIS/install/remote/share/remote/launch
[5.471s] symbolically linking /home/orsted/AGV_EEPIS/build/remote/launch/ps4_remote.launch.py -> /home/orsted/AGV_EEPIS/install/remote/share/remote/launch
[5.471s] symbolically linking /home/orsted/AGV_EEPIS/build/remote/launch/radiomaster_ER6.launch.py -> /home/orsted/AGV_EEPIS/install/remote/share/remote/launch
[5.471s] creating /home/orsted/AGV_EEPIS/install/remote/share/remote/params
[5.471s] symbolically linking /home/orsted/AGV_EEPIS/build/remote/params/ps4_teleop.yaml -> /home/orsted/AGV_EEPIS/install/remote/share/remote/params
