[6.248s] Invoking command in '/home/orsted/AGV_EEPIS/build/ddmr_description': DEBUGINFOD_URLS=https://debuginfod.ubuntu.com PYTHONPATH=/home/orsted/AGV_EEPIS/build/ddmr_description/prefix_override:/usr/lib/python3/dist-packages/colcon_core/task/python/colcon_distutils_commands:/home/orsted/AGV_EEPIS/install/ddmr_description/lib/python3.12/site-packages:${PYTHONPATH} /usr/bin/python3 -W ignore:setup.py install is deprecated -W ignore:easy_install command is deprecated setup.py develop --editable --build-directory /home/orsted/AGV_EEPIS/build/ddmr_description/build --no-deps symlink_data
[7.245s] running develop
[7.859s] running egg_info
[7.859s] creating ddmr_description.egg-info
[7.922s] writing ddmr_description.egg-info/PKG-INFO
[7.923s] writing dependency_links to ddmr_description.egg-info/dependency_links.txt
[7.923s] writing requirements to ddmr_description.egg-info/requires.txt
[7.923s] writing top-level names to ddmr_description.egg-info/top_level.txt
[7.923s] writing manifest file 'ddmr_description.egg-info/SOURCES.txt'
[8.046s] reading manifest file 'ddmr_description.egg-info/SOURCES.txt'
[8.048s] writing manifest file 'ddmr_description.egg-info/SOURCES.txt'
[8.110s] running build_ext
[8.110s] Creating /home/orsted/AGV_EEPIS/install/ddmr_description/lib/python3.12/site-packages/ddmr-description.egg-link (link to .)
[8.112s] 
[8.113s] Installed /home/orsted/AGV_EEPIS/build/ddmr_description
[8.113s] running symlink_data
[8.113s] creating /home/orsted/AGV_EEPIS/install/ddmr_description/share/ament_index
[8.114s] creating /home/orsted/AGV_EEPIS/install/ddmr_description/share/ament_index/resource_index
[8.115s] error: can't copy '/home/orsted/AGV_EEPIS/build/ddmr_description/resource/ddmr_description': doesn't exist or not a regular file
[8.115s] creating /home/orsted/AGV_EEPIS/install/ddmr_description/share/ament_index/resource_index/packages
[8.307s] Invoked command in '/home/orsted/AGV_EEPIS/build/ddmr_description' returned '1': DEBUGINFOD_URLS=https://debuginfod.ubuntu.com PYTHONPATH=/home/orsted/AGV_EEPIS/build/ddmr_description/prefix_override:/usr/lib/python3/dist-packages/colcon_core/task/python/colcon_distutils_commands:/home/orsted/AGV_EEPIS/install/ddmr_description/lib/python3.12/site-packages:${PYTHONPATH} /usr/bin/python3 -W ignore:setup.py install is deprecated -W ignore:easy_install command is deprecated setup.py develop --editable --build-directory /home/orsted/AGV_EEPIS/build/ddmr_description/build --no-deps symlink_data
