running develop
running egg_info
creating bringup.egg-info
writing bringup.egg-info/PKG-INFO
writing dependency_links to bringup.egg-info/dependency_links.txt
writing requirements to bringup.egg-info/requires.txt
writing top-level names to bringup.egg-info/top_level.txt
writing manifest file 'bringup.egg-info/SOURCES.txt'
reading manifest file 'bringup.egg-info/SOURCES.txt'
writing manifest file 'bringup.egg-info/SOURCES.txt'
running build_ext
Creating /home/orsted/AGV_EEPIS/install/bringup/lib/python3.12/site-packages/bringup.egg-link (link to .)

Installed /home/orsted/AGV_EEPIS/build/bringup
running symlink_data
creating /home/orsted/AGV_EEPIS/install/bringup/share/ament_index
creating /home/orsted/AGV_EEPIS/install/bringup/share/ament_index/resource_index
creating /home/orsted/AGV_EEPIS/install/bringup/share/ament_index/resource_index/packages
symbolically linking /home/orsted/AGV_EEPIS/build/bringup/resource/bringup -> /home/orsted/AGV_EEPIS/install/bringup/share/ament_index/resource_index/packages
symbolically linking /home/orsted/AGV_EEPIS/build/bringup/package.xml -> /home/orsted/AGV_EEPIS/install/bringup/share/bringup
creating /home/orsted/AGV_EEPIS/install/bringup/share/bringup/launch
symbolically linking /home/orsted/AGV_EEPIS/build/bringup/launch/robot.launch.py -> /home/orsted/AGV_EEPIS/install/bringup/share/bringup/launch
symbolically linking /home/orsted/AGV_EEPIS/build/bringup/launch/simulation.launch.py -> /home/orsted/AGV_EEPIS/install/bringup/share/bringup/launch
creating /home/orsted/AGV_EEPIS/install/bringup/share/bringup/rviz
symbolically linking /home/orsted/AGV_EEPIS/build/bringup/rviz/simulation.rviz -> /home/orsted/AGV_EEPIS/install/bringup/share/bringup/rviz
