[5.279s] Invoking command in '/home/orsted/AGV_EEPIS/build/bringup': DEBUGINFOD_URLS=https://debuginfod.ubuntu.com PYTHONPATH=/home/orsted/AGV_EEPIS/build/bringup/prefix_override:/usr/lib/python3/dist-packages/colcon_core/task/python/colcon_distutils_commands:/home/orsted/AGV_EEPIS/install/bringup/lib/python3.12/site-packages:${PYTHONPATH} /usr/bin/python3 -W ignore:setup.py install is deprecated -W ignore:easy_install command is deprecated setup.py develop --editable --build-directory /home/orsted/AGV_EEPIS/build/bringup/build --no-deps symlink_data
[6.218s] running develop
[6.764s] running egg_info
[6.765s] creating bringup.egg-info
[6.818s] writing bringup.egg-info/PKG-INFO
[6.819s] writing dependency_links to bringup.egg-info/dependency_links.txt
[6.820s] writing requirements to bringup.egg-info/requires.txt
[6.820s] writing top-level names to bringup.egg-info/top_level.txt
[6.820s] writing manifest file 'bringup.egg-info/SOURCES.txt'
[6.934s] reading manifest file 'bringup.egg-info/SOURCES.txt'
[6.936s] writing manifest file 'bringup.egg-info/SOURCES.txt'
[6.996s] running build_ext
[6.996s] Creating /home/orsted/AGV_EEPIS/install/bringup/lib/python3.12/site-packages/bringup.egg-link (link to .)
[7.002s] 
[7.002s] Installed /home/orsted/AGV_EEPIS/build/bringup
[7.002s] running symlink_data
[7.002s] creating /home/orsted/AGV_EEPIS/install/bringup/share/ament_index
[7.002s] creating /home/orsted/AGV_EEPIS/install/bringup/share/ament_index/resource_index
[7.003s] creating /home/orsted/AGV_EEPIS/install/bringup/share/ament_index/resource_index/packages
[7.003s] symbolically linking /home/orsted/AGV_EEPIS/build/bringup/resource/bringup -> /home/orsted/AGV_EEPIS/install/bringup/share/ament_index/resource_index/packages
[7.003s] symbolically linking /home/orsted/AGV_EEPIS/build/bringup/package.xml -> /home/orsted/AGV_EEPIS/install/bringup/share/bringup
[7.003s] creating /home/orsted/AGV_EEPIS/install/bringup/share/bringup/launch
[7.003s] symbolically linking /home/orsted/AGV_EEPIS/build/bringup/launch/robot.launch.py -> /home/orsted/AGV_EEPIS/install/bringup/share/bringup/launch
[7.003s] symbolically linking /home/orsted/AGV_EEPIS/build/bringup/launch/simulation.launch.py -> /home/orsted/AGV_EEPIS/install/bringup/share/bringup/launch
[7.003s] creating /home/orsted/AGV_EEPIS/install/bringup/share/bringup/rviz
[7.004s] symbolically linking /home/orsted/AGV_EEPIS/build/bringup/rviz/simulation.rviz -> /home/orsted/AGV_EEPIS/install/bringup/share/bringup/rviz
[7.260s] Invoked command in '/home/orsted/AGV_EEPIS/build/bringup' returned '0': DEBUGINFOD_URLS=https://debuginfod.ubuntu.com PYTHONPATH=/home/orsted/AGV_EEPIS/build/bringup/prefix_override:/usr/lib/python3/dist-packages/colcon_core/task/python/colcon_distutils_commands:/home/orsted/AGV_EEPIS/install/bringup/lib/python3.12/site-packages:${PYTHONPATH} /usr/bin/python3 -W ignore:setup.py install is deprecated -W ignore:easy_install command is deprecated setup.py develop --editable --build-directory /home/orsted/AGV_EEPIS/build/bringup/build --no-deps symlink_data
