[1.642s] Invoking command in '/home/orsted-793/Documents/AGV_EEPIS/build/bringup': DEBUGINFOD_URLS=https://debuginfod.ubuntu.com PYTHONPATH=/home/orsted-793/Documents/AGV_EEPIS/build/bringup/prefix_override:/usr/lib/python3/dist-packages/colcon_core/task/python/colcon_distutils_commands:/home/orsted-793/Documents/AGV_EEPIS/install/bringup/lib/python3.12/site-packages:${PYTHONPATH} /usr/bin/python3 -W ignore:setup.py install is deprecated -W ignore:easy_install command is deprecated setup.py develop --editable --build-directory /home/orsted-793/Documents/AGV_EEPIS/build/bringup/build --no-deps symlink_data
[2.153s] running develop
[2.431s] running egg_info
[2.431s] creating bringup.egg-info
[2.459s] writing bringup.egg-info/PKG-INFO
[2.460s] writing dependency_links to bringup.egg-info/dependency_links.txt
[2.461s] writing requirements to bringup.egg-info/requires.txt
[2.461s] writing top-level names to bringup.egg-info/top_level.txt
[2.462s] writing manifest file 'bringup.egg-info/SOURCES.txt'
[2.519s] reading manifest file 'bringup.egg-info/SOURCES.txt'
[2.519s] writing manifest file 'bringup.egg-info/SOURCES.txt'
[2.549s] running build_ext
[2.551s] Creating /home/orsted-793/Documents/AGV_EEPIS/install/bringup/lib/python3.12/site-packages/bringup.egg-link (link to .)
[2.551s] 
[2.551s] Installed /home/orsted-793/Documents/AGV_EEPIS/build/bringup
[2.552s] running symlink_data
[2.552s] creating /home/orsted-793/Documents/AGV_EEPIS/install/bringup/share/ament_index
[2.553s] creating /home/orsted-793/Documents/AGV_EEPIS/install/bringup/share/ament_index/resource_index
[2.554s] creating /home/orsted-793/Documents/AGV_EEPIS/install/bringup/share/ament_index/resource_index/packages
[2.554s] symbolically linking /home/orsted-793/Documents/AGV_EEPIS/build/bringup/resource/bringup -> /home/orsted-793/Documents/AGV_EEPIS/install/bringup/share/ament_index/resource_index/packages
[2.554s] symbolically linking /home/orsted-793/Documents/AGV_EEPIS/build/bringup/package.xml -> /home/orsted-793/Documents/AGV_EEPIS/install/bringup/share/bringup
[2.555s] creating /home/orsted-793/Documents/AGV_EEPIS/install/bringup/share/bringup/launch
[2.555s] symbolically linking /home/orsted-793/Documents/AGV_EEPIS/build/bringup/launch/robot.launch.py -> /home/orsted-793/Documents/AGV_EEPIS/install/bringup/share/bringup/launch
[2.555s] symbolically linking /home/orsted-793/Documents/AGV_EEPIS/build/bringup/launch/simulation.launch.py -> /home/orsted-793/Documents/AGV_EEPIS/install/bringup/share/bringup/launch
[2.556s] creating /home/orsted-793/Documents/AGV_EEPIS/install/bringup/share/bringup/rviz
[2.556s] symbolically linking /home/orsted-793/Documents/AGV_EEPIS/build/bringup/rviz/simulation.rviz -> /home/orsted-793/Documents/AGV_EEPIS/install/bringup/share/bringup/rviz
[2.619s] Invoked command in '/home/orsted-793/Documents/AGV_EEPIS/build/bringup' returned '0': DEBUGINFOD_URLS=https://debuginfod.ubuntu.com PYTHONPATH=/home/orsted-793/Documents/AGV_EEPIS/build/bringup/prefix_override:/usr/lib/python3/dist-packages/colcon_core/task/python/colcon_distutils_commands:/home/orsted-793/Documents/AGV_EEPIS/install/bringup/lib/python3.12/site-packages:${PYTHONPATH} /usr/bin/python3 -W ignore:setup.py install is deprecated -W ignore:easy_install command is deprecated setup.py develop --editable --build-directory /home/orsted-793/Documents/AGV_EEPIS/build/bringup/build --no-deps symlink_data
