[5.152s] Invoking command in '/home/orsted/AGV_EEPIS/build/ultrasonic': DEBUGINFOD_URLS=https://debuginfod.ubuntu.com PYTHONPATH=/home/orsted/AGV_EEPIS/build/ultrasonic/prefix_override:/usr/lib/python3/dist-packages/colcon_core/task/python/colcon_distutils_commands:/home/orsted/AGV_EEPIS/install/ultrasonic/lib/python3.12/site-packages:${PYTHONPATH} /usr/bin/python3 -W ignore:setup.py install is deprecated -W ignore:easy_install command is deprecated setup.py develop --editable --build-directory /home/orsted/AGV_EEPIS/build/ultrasonic/build --no-deps symlink_data
[6.172s] running develop
[6.799s] running egg_info
[6.799s] creating ultrasonic.egg-info
[6.860s] writing ultrasonic.egg-info/PKG-INFO
[6.861s] writing dependency_links to ultrasonic.egg-info/dependency_links.txt
[6.861s] writing requirements to ultrasonic.egg-info/requires.txt
[6.862s] writing top-level names to ultrasonic.egg-info/top_level.txt
[6.862s] writing manifest file 'ultrasonic.egg-info/SOURCES.txt'
[6.986s] reading manifest file 'ultrasonic.egg-info/SOURCES.txt'
[6.990s] writing manifest file 'ultrasonic.egg-info/SOURCES.txt'
[7.057s] running build_ext
[7.057s] Creating /home/orsted/AGV_EEPIS/install/ultrasonic/lib/python3.12/site-packages/ultrasonic.egg-link (link to .)
[7.059s] 
[7.059s] Installed /home/orsted/AGV_EEPIS/build/ultrasonic
[7.059s] running symlink_data
[7.060s] creating /home/orsted/AGV_EEPIS/install/ultrasonic/share/ament_index
[7.060s] creating /home/orsted/AGV_EEPIS/install/ultrasonic/share/ament_index/resource_index
[7.060s] creating /home/orsted/AGV_EEPIS/install/ultrasonic/share/ament_index/resource_index/packages
[7.060s] symbolically linking /home/orsted/AGV_EEPIS/build/ultrasonic/resource/ultrasonic -> /home/orsted/AGV_EEPIS/install/ultrasonic/share/ament_index/resource_index/packages
[7.061s] symbolically linking /home/orsted/AGV_EEPIS/build/ultrasonic/package.xml -> /home/orsted/AGV_EEPIS/install/ultrasonic/share/ultrasonic
[7.294s] Invoked command in '/home/orsted/AGV_EEPIS/build/ultrasonic' returned '0': DEBUGINFOD_URLS=https://debuginfod.ubuntu.com PYTHONPATH=/home/orsted/AGV_EEPIS/build/ultrasonic/prefix_override:/usr/lib/python3/dist-packages/colcon_core/task/python/colcon_distutils_commands:/home/orsted/AGV_EEPIS/install/ultrasonic/lib/python3.12/site-packages:${PYTHONPATH} /usr/bin/python3 -W ignore:setup.py install is deprecated -W ignore:easy_install command is deprecated setup.py develop --editable --build-directory /home/orsted/AGV_EEPIS/build/ultrasonic/build --no-deps symlink_data
