running develop
running egg_info
creating slam.egg-info
writing slam.egg-info/PKG-INFO
writing dependency_links to slam.egg-info/dependency_links.txt
writing requirements to slam.egg-info/requires.txt
writing top-level names to slam.egg-info/top_level.txt
writing manifest file 'slam.egg-info/SOURCES.txt'
reading manifest file 'slam.egg-info/SOURCES.txt'
writing manifest file 'slam.egg-info/SOURCES.txt'
running build_ext
Creating /home/orsted/AGV_EEPIS/install/slam/lib/python3.12/site-packages/slam.egg-link (link to .)

Installed /home/orsted/AGV_EEPIS/build/slam
running symlink_data
creating /home/orsted/AGV_EEPIS/install/slam/share/ament_index
creating /home/orsted/AGV_EEPIS/install/slam/share/ament_index/resource_index
creating /home/orsted/AGV_EEPIS/install/slam/share/ament_index/resource_index/packages
symbolically linking /home/orsted/AGV_EEPIS/build/slam/resource/slam -> /home/orsted/AGV_EEPIS/install/slam/share/ament_index/resource_index/packages
symbolically linking /home/orsted/AGV_EEPIS/build/slam/package.xml -> /home/orsted/AGV_EEPIS/install/slam/share/slam
creating /home/orsted/AGV_EEPIS/install/slam/share/slam/launch
symbolically linking /home/orsted/AGV_EEPIS/build/slam/launch/slam.launch.py -> /home/orsted/AGV_EEPIS/install/slam/share/slam/launch
