[3.961s] Invoking command in '/home/orsted/AGV_EEPIS/build/slam': DEBUGINFOD_URLS=https://debuginfod.ubuntu.com PYTHONPATH=/home/orsted/AGV_EEPIS/build/slam/prefix_override:/usr/lib/python3/dist-packages/colcon_core/task/python/colcon_distutils_commands:/home/orsted/AGV_EEPIS/install/slam/lib/python3.12/site-packages:${PYTHONPATH} /usr/bin/python3 -W ignore:setup.py install is deprecated -W ignore:easy_install command is deprecated setup.py develop --editable --build-directory /home/orsted/AGV_EEPIS/build/slam/build --no-deps symlink_data
[5.571s] running develop
[5.640s] running egg_info
[5.640s] creating slam.egg-info
[5.703s] writing slam.egg-info/PKG-INFO
[5.705s] writing dependency_links to slam.egg-info/dependency_links.txt
[5.705s] writing requirements to slam.egg-info/requires.txt
[5.706s] writing top-level names to slam.egg-info/top_level.txt
[5.707s] writing manifest file 'slam.egg-info/SOURCES.txt'
[5.831s] reading manifest file 'slam.egg-info/SOURCES.txt'
[5.832s] writing manifest file 'slam.egg-info/SOURCES.txt'
[5.902s] running build_ext
[5.902s] Creating /home/orsted/AGV_EEPIS/install/slam/lib/python3.12/site-packages/slam.egg-link (link to .)
[5.903s] 
[5.904s] Installed /home/orsted/AGV_EEPIS/build/slam
[5.904s] running symlink_data
[5.904s] creating /home/orsted/AGV_EEPIS/install/slam/share/ament_index
[5.904s] creating /home/orsted/AGV_EEPIS/install/slam/share/ament_index/resource_index
[5.905s] creating /home/orsted/AGV_EEPIS/install/slam/share/ament_index/resource_index/packages
[5.905s] symbolically linking /home/orsted/AGV_EEPIS/build/slam/resource/slam -> /home/orsted/AGV_EEPIS/install/slam/share/ament_index/resource_index/packages
[5.906s] symbolically linking /home/orsted/AGV_EEPIS/build/slam/package.xml -> /home/orsted/AGV_EEPIS/install/slam/share/slam
[5.906s] creating /home/orsted/AGV_EEPIS/install/slam/share/slam/launch
[5.906s] symbolically linking /home/orsted/AGV_EEPIS/build/slam/launch/slam.launch.py -> /home/orsted/AGV_EEPIS/install/slam/share/slam/launch
[6.463s] Invoked command in '/home/orsted/AGV_EEPIS/build/slam' returned '0': DEBUGINFOD_URLS=https://debuginfod.ubuntu.com PYTHONPATH=/home/orsted/AGV_EEPIS/build/slam/prefix_override:/usr/lib/python3/dist-packages/colcon_core/task/python/colcon_distutils_commands:/home/orsted/AGV_EEPIS/install/slam/lib/python3.12/site-packages:${PYTHONPATH} /usr/bin/python3 -W ignore:setup.py install is deprecated -W ignore:easy_install command is deprecated setup.py develop --editable --build-directory /home/orsted/AGV_EEPIS/build/slam/build --no-deps symlink_data
