[7.548s] Invoking command in '/home/orsted/AGV_EEPIS/build/drive_controller': DEBUGINFOD_URLS=https://debuginfod.ubuntu.com PYTHONPATH=/home/orsted/AGV_EEPIS/build/drive_controller/prefix_override:/usr/lib/python3/dist-packages/colcon_core/task/python/colcon_distutils_commands:/home/orsted/AGV_EEPIS/install/drive_controller/lib/python3.12/site-packages:${PYTHONPATH} /usr/bin/python3 -W ignore:setup.py install is deprecated -W ignore:easy_install command is deprecated setup.py develop --editable --build-directory /home/orsted/AGV_EEPIS/build/drive_controller/build --no-deps symlink_data
[9.381s] running develop
[9.381s] running egg_info
[9.381s] creating drive_controller.egg-info
[9.381s] writing drive_controller.egg-info/PKG-INFO
[9.381s] writing dependency_links to drive_controller.egg-info/dependency_links.txt
[9.382s] writing entry points to drive_controller.egg-info/entry_points.txt
[9.382s] writing requirements to drive_controller.egg-info/requires.txt
[9.382s] writing top-level names to drive_controller.egg-info/top_level.txt
[9.382s] writing manifest file 'drive_controller.egg-info/SOURCES.txt'
[9.463s] reading manifest file 'drive_controller.egg-info/SOURCES.txt'
[9.465s] writing manifest file 'drive_controller.egg-info/SOURCES.txt'
[9.532s] running build_ext
[9.532s] Creating /home/orsted/AGV_EEPIS/install/drive_controller/lib/python3.12/site-packages/drive-controller.egg-link (link to .)
[9.538s] Installing ddmr_kinec_node script to /home/orsted/AGV_EEPIS/install/drive_controller/lib/drive_controller
[9.538s] Installing kinematics_node script to /home/orsted/AGV_EEPIS/install/drive_controller/lib/drive_controller
[9.539s] 
[9.539s] Installed /home/orsted/AGV_EEPIS/build/drive_controller
[9.539s] running symlink_data
[9.539s] creating /home/orsted/AGV_EEPIS/install/drive_controller/share/ament_index
[9.539s] creating /home/orsted/AGV_EEPIS/install/drive_controller/share/ament_index/resource_index
[9.539s] creating /home/orsted/AGV_EEPIS/install/drive_controller/share/ament_index/resource_index/packages
[9.540s] symbolically linking /home/orsted/AGV_EEPIS/build/drive_controller/resource/drive_controller -> /home/orsted/AGV_EEPIS/install/drive_controller/share/ament_index/resource_index/packages
[9.540s] symbolically linking /home/orsted/AGV_EEPIS/build/drive_controller/package.xml -> /home/orsted/AGV_EEPIS/install/drive_controller/share/drive_controller
[9.540s] creating /home/orsted/AGV_EEPIS/install/drive_controller/share/drive_controller/launch
[9.547s] symbolically linking /home/orsted/AGV_EEPIS/build/drive_controller/launch/bringup.launch.py -> /home/orsted/AGV_EEPIS/install/drive_controller/share/drive_controller/launch
[9.547s] creating /home/orsted/AGV_EEPIS/install/drive_controller/share/drive_controller/config
[9.869s] Invoked command in '/home/orsted/AGV_EEPIS/build/drive_controller' returned '0': DEBUGINFOD_URLS=https://debuginfod.ubuntu.com PYTHONPATH=/home/orsted/AGV_EEPIS/build/drive_controller/prefix_override:/usr/lib/python3/dist-packages/colcon_core/task/python/colcon_distutils_commands:/home/orsted/AGV_EEPIS/install/drive_controller/lib/python3.12/site-packages:${PYTHONPATH} /usr/bin/python3 -W ignore:setup.py install is deprecated -W ignore:easy_install command is deprecated setup.py develop --editable --build-directory /home/orsted/AGV_EEPIS/build/drive_controller/build --no-deps symlink_data
