[1.200s] Invoking command in '/home/orsted-793/Documents/AGV_EEPIS/build/model_description': DEBUGINFOD_URLS=https://debuginfod.ubuntu.com PYTHONPATH=/home/orsted-793/Documents/AGV_EEPIS/build/model_description/prefix_override:/usr/lib/python3/dist-packages/colcon_core/task/python/colcon_distutils_commands:/home/orsted-793/Documents/AGV_EEPIS/install/model_description/lib/python3.12/site-packages:${PYTHONPATH} /usr/bin/python3 -W ignore:setup.py install is deprecated -W ignore:easy_install command is deprecated setup.py develop --editable --build-directory /home/orsted-793/Documents/AGV_EEPIS/build/model_description/build --no-deps symlink_data
[1.614s] running develop
[1.876s] running egg_info
[1.877s] creating model_description.egg-info
[1.903s] writing model_description.egg-info/PKG-INFO
[1.903s] writing dependency_links to model_description.egg-info/dependency_links.txt
[1.904s] writing requirements to model_description.egg-info/requires.txt
[1.904s] writing top-level names to model_description.egg-info/top_level.txt
[1.904s] writing manifest file 'model_description.egg-info/SOURCES.txt'
[1.956s] reading manifest file 'model_description.egg-info/SOURCES.txt'
[1.957s] writing manifest file 'model_description.egg-info/SOURCES.txt'
[1.984s] running build_ext
[1.985s] Creating /home/orsted-793/Documents/AGV_EEPIS/install/model_description/lib/python3.12/site-packages/model-description.egg-link (link to .)
[1.985s] 
[1.986s] Installed /home/orsted-793/Documents/AGV_EEPIS/build/model_description
[1.987s] running symlink_data
[1.988s] creating /home/orsted-793/Documents/AGV_EEPIS/install/model_description/share/ament_index
[1.989s] creating /home/orsted-793/Documents/AGV_EEPIS/install/model_description/share/ament_index/resource_index
[1.991s] creating /home/orsted-793/Documents/AGV_EEPIS/install/model_description/share/ament_index/resource_index/packages
[1.991s] symbolically linking /home/orsted-793/Documents/AGV_EEPIS/build/model_description/resource/model_description -> /home/orsted-793/Documents/AGV_EEPIS/install/model_description/share/ament_index/resource_index/packages
[1.991s] symbolically linking /home/orsted-793/Documents/AGV_EEPIS/build/model_description/package.xml -> /home/orsted-793/Documents/AGV_EEPIS/install/model_description/share/model_description
[1.991s] creating /home/orsted-793/Documents/AGV_EEPIS/install/model_description/share/model_description/launch
[1.992s] symbolically linking /home/orsted-793/Documents/AGV_EEPIS/build/model_description/launch/agv_spawn.launch.py -> /home/orsted-793/Documents/AGV_EEPIS/install/model_description/share/model_description/launch
[1.993s] symbolically linking /home/orsted-793/Documents/AGV_EEPIS/build/model_description/launch/agv_world.launch.py -> /home/orsted-793/Documents/AGV_EEPIS/install/model_description/share/model_description/launch
[1.993s] symbolically linking /home/orsted-793/Documents/AGV_EEPIS/build/model_description/launch/state_publisher.launch.py -> /home/orsted-793/Documents/AGV_EEPIS/install/model_description/share/model_description/launch
[1.993s] creating /home/orsted-793/Documents/AGV_EEPIS/install/model_description/share/model_description/urdf
[1.993s] symbolically linking /home/orsted-793/Documents/AGV_EEPIS/build/model_description/urdf/materials.xacro -> /home/orsted-793/Documents/AGV_EEPIS/install/model_description/share/model_description/urdf
[1.993s] symbolically linking /home/orsted-793/Documents/AGV_EEPIS/build/model_description/urdf/model.xacro -> /home/orsted-793/Documents/AGV_EEPIS/install/model_description/share/model_description/urdf
[1.994s] symbolically linking /home/orsted-793/Documents/AGV_EEPIS/build/model_description/urdf/model.gazebo -> /home/orsted-793/Documents/AGV_EEPIS/install/model_description/share/model_description/urdf
[1.994s] symbolically linking /home/orsted-793/Documents/AGV_EEPIS/build/model_description/urdf/camera.xacro -> /home/orsted-793/Documents/AGV_EEPIS/install/model_description/share/model_description/urdf
[1.994s] symbolically linking /home/orsted-793/Documents/AGV_EEPIS/build/model_description/urdf/model.ros2control -> /home/orsted-793/Documents/AGV_EEPIS/install/model_description/share/model_description/urdf
[1.994s] creating /home/orsted-793/Documents/AGV_EEPIS/install/model_description/share/model_description/meshes
[1.995s] symbolically linking /home/orsted-793/Documents/AGV_EEPIS/build/model_description/meshes/r_caster_wheel_1.stl -> /home/orsted-793/Documents/AGV_EEPIS/install/model_description/share/model_description/meshes
[1.995s] symbolically linking /home/orsted-793/Documents/AGV_EEPIS/build/model_description/meshes/stacker_slider_1.stl -> /home/orsted-793/Documents/AGV_EEPIS/install/model_description/share/model_description/meshes
[1.995s] symbolically linking /home/orsted-793/Documents/AGV_EEPIS/build/model_description/meshes/l_caster_wheel_1.stl -> /home/orsted-793/Documents/AGV_EEPIS/install/model_description/share/model_description/meshes
[1.995s] symbolically linking /home/orsted-793/Documents/AGV_EEPIS/build/model_description/meshes/steer_head_1.stl -> /home/orsted-793/Documents/AGV_EEPIS/install/model_description/share/model_description/meshes
[1.995s] symbolically linking /home/orsted-793/Documents/AGV_EEPIS/build/model_description/meshes/l_wheel_1.stl -> /home/orsted-793/Documents/AGV_EEPIS/install/model_description/share/model_description/meshes
[1.996s] symbolically linking /home/orsted-793/Documents/AGV_EEPIS/build/model_description/meshes/stacker_fork_1.stl -> /home/orsted-793/Documents/AGV_EEPIS/install/model_description/share/model_description/meshes
[1.996s] symbolically linking /home/orsted-793/Documents/AGV_EEPIS/build/model_description/meshes/r_static_wheel_1.stl -> /home/orsted-793/Documents/AGV_EEPIS/install/model_description/share/model_description/meshes
[1.996s] symbolically linking /home/orsted-793/Documents/AGV_EEPIS/build/model_description/meshes/r_caster_1.stl -> /home/orsted-793/Documents/AGV_EEPIS/install/model_description/share/model_description/meshes
[1.996s] symbolically linking /home/orsted-793/Documents/AGV_EEPIS/build/model_description/meshes/base_link.stl -> /home/orsted-793/Documents/AGV_EEPIS/install/model_description/share/model_description/meshes
[1.997s] symbolically linking /home/orsted-793/Documents/AGV_EEPIS/build/model_description/meshes/steering_1.stl -> /home/orsted-793/Documents/AGV_EEPIS/install/model_description/share/model_description/meshes
[1.997s] symbolically linking /home/orsted-793/Documents/AGV_EEPIS/build/model_description/meshes/l_caster_1.stl -> /home/orsted-793/Documents/AGV_EEPIS/install/model_description/share/model_description/meshes
[1.997s] symbolically linking /home/orsted-793/Documents/AGV_EEPIS/build/model_description/meshes/l_static_wheel_1.stl -> /home/orsted-793/Documents/AGV_EEPIS/install/model_description/share/model_description/meshes
[1.997s] symbolically linking /home/orsted-793/Documents/AGV_EEPIS/build/model_description/meshes/r_wheel_1.stl -> /home/orsted-793/Documents/AGV_EEPIS/install/model_description/share/model_description/meshes
[1.997s] creating /home/orsted-793/Documents/AGV_EEPIS/install/model_description/share/model_description/config
[1.998s] symbolically linking /home/orsted-793/Documents/AGV_EEPIS/build/model_description/config/ros_gz_bridge_gazebo.yaml -> /home/orsted-793/Documents/AGV_EEPIS/install/model_description/share/model_description/config
[1.998s] symbolically linking /home/orsted-793/Documents/AGV_EEPIS/build/model_description/config/gazebo.rviz -> /home/orsted-793/Documents/AGV_EEPIS/install/model_description/share/model_description/config
[1.998s] symbolically linking /home/orsted-793/Documents/AGV_EEPIS/build/model_description/config/display.rviz -> /home/orsted-793/Documents/AGV_EEPIS/install/model_description/share/model_description/config
[1.998s] creating /home/orsted-793/Documents/AGV_EEPIS/install/model_description/share/model_description/params
[1.999s] symbolically linking /home/orsted-793/Documents/AGV_EEPIS/build/model_description/params/agv_bridge.yaml -> /home/orsted-793/Documents/AGV_EEPIS/install/model_description/share/model_description/params
[1.999s] creating /home/orsted-793/Documents/AGV_EEPIS/install/model_description/share/model_description/turtlebot3_world
[2.000s] symbolically linking /home/orsted-793/Documents/AGV_EEPIS/build/model_description/turtlebot3_world/turtlebot3_world.world -> /home/orsted-793/Documents/AGV_EEPIS/install/model_description/share/model_description/turtlebot3_world
[2.001s] symbolically linking /home/orsted-793/Documents/AGV_EEPIS/build/model_description/turtlebot3_world/model.config -> /home/orsted-793/Documents/AGV_EEPIS/install/model_description/share/model_description/turtlebot3_world
[2.001s] symbolically linking /home/orsted-793/Documents/AGV_EEPIS/build/model_description/turtlebot3_world/model.sdf -> /home/orsted-793/Documents/AGV_EEPIS/install/model_description/share/model_description/turtlebot3_world
[2.001s] symbolically linking /home/orsted-793/Documents/AGV_EEPIS/build/model_description/turtlebot3_world/model-1_4.sdf -> /home/orsted-793/Documents/AGV_EEPIS/install/model_description/share/model_description/turtlebot3_world
[2.001s] creating /home/orsted-793/Documents/AGV_EEPIS/install/model_description/share/model_description/turtlebot3_world/meshes
[2.002s] symbolically linking /home/orsted-793/Documents/AGV_EEPIS/build/model_description/turtlebot3_world/meshes/hexagon.dae -> /home/orsted-793/Documents/AGV_EEPIS/install/model_description/share/model_description/turtlebot3_world/meshes
[2.003s] symbolically linking /home/orsted-793/Documents/AGV_EEPIS/build/model_description/turtlebot3_world/meshes/wall.dae -> /home/orsted-793/Documents/AGV_EEPIS/install/model_description/share/model_description/turtlebot3_world/meshes
[2.041s] Invoked command in '/home/orsted-793/Documents/AGV_EEPIS/build/model_description' returned '0': DEBUGINFOD_URLS=https://debuginfod.ubuntu.com PYTHONPATH=/home/orsted-793/Documents/AGV_EEPIS/build/model_description/prefix_override:/usr/lib/python3/dist-packages/colcon_core/task/python/colcon_distutils_commands:/home/orsted-793/Documents/AGV_EEPIS/install/model_description/lib/python3.12/site-packages:${PYTHONPATH} /usr/bin/python3 -W ignore:setup.py install is deprecated -W ignore:easy_install command is deprecated setup.py develop --editable --build-directory /home/orsted-793/Documents/AGV_EEPIS/build/model_description/build --no-deps symlink_data
