[7.478s] Invoking command in '/home/orsted/AGV_EEPIS/build/ddmr_description': DEBUGINFOD_URLS=https://debuginfod.ubuntu.com PYTHONPATH=/home/orsted/AGV_EEPIS/build/ddmr_description/prefix_override:/usr/lib/python3/dist-packages/colcon_core/task/python/colcon_distutils_commands:/home/orsted/AGV_EEPIS/install/ddmr_description/lib/python3.12/site-packages:${PYTHONPATH} /usr/bin/python3 -W ignore:setup.py install is deprecated -W ignore:easy_install command is deprecated setup.py develop --editable --build-directory /home/orsted/AGV_EEPIS/build/ddmr_description/build --no-deps symlink_data
[8.601s] running develop
[9.246s] running egg_info
[9.249s] creating ddmr_description.egg-info
[9.326s] writing ddmr_description.egg-info/PKG-INFO
[9.329s] writing dependency_links to ddmr_description.egg-info/dependency_links.txt
[9.329s] writing requirements to ddmr_description.egg-info/requires.txt
[9.330s] writing top-level names to ddmr_description.egg-info/top_level.txt
[9.330s] writing manifest file 'ddmr_description.egg-info/SOURCES.txt'
[9.475s] reading manifest file 'ddmr_description.egg-info/SOURCES.txt'
[9.477s] writing manifest file 'ddmr_description.egg-info/SOURCES.txt'
[9.546s] running build_ext
[9.547s] Creating /home/orsted/AGV_EEPIS/install/ddmr_description/lib/python3.12/site-packages/ddmr-description.egg-link (link to .)
[9.552s] 
[9.553s] Installed /home/orsted/AGV_EEPIS/build/ddmr_description
[9.554s] running symlink_data
[9.555s] creating /home/orsted/AGV_EEPIS/install/ddmr_description/share/ament_index
[9.555s] creating /home/orsted/AGV_EEPIS/install/ddmr_description/share/ament_index/resource_index
[9.561s] creating /home/orsted/AGV_EEPIS/install/ddmr_description/share/ament_index/resource_index/packages
[9.563s] symbolically linking /home/orsted/AGV_EEPIS/build/ddmr_description/resource/ddmr_description -> /home/orsted/AGV_EEPIS/install/ddmr_description/share/ament_index/resource_index/packages
[9.563s] symbolically linking /home/orsted/AGV_EEPIS/build/ddmr_description/package.xml -> /home/orsted/AGV_EEPIS/install/ddmr_description/share/ddmr_description
[9.564s] creating /home/orsted/AGV_EEPIS/install/ddmr_description/share/ddmr_description/launch
[9.564s] symbolically linking /home/orsted/AGV_EEPIS/build/ddmr_description/launch/display.launch.py -> /home/orsted/AGV_EEPIS/install/ddmr_description/share/ddmr_description/launch
[9.564s] symbolically linking /home/orsted/AGV_EEPIS/build/ddmr_description/launch/gazebo.launch.py -> /home/orsted/AGV_EEPIS/install/ddmr_description/share/ddmr_description/launch
[9.566s] creating /home/orsted/AGV_EEPIS/install/ddmr_description/share/ddmr_description/urdf
[9.567s] symbolically linking /home/orsted/AGV_EEPIS/build/ddmr_description/urdf/ddmr.gazebo -> /home/orsted/AGV_EEPIS/install/ddmr_description/share/ddmr_description/urdf
[9.568s] symbolically linking /home/orsted/AGV_EEPIS/build/ddmr_description/urdf/ddmr.xacro -> /home/orsted/AGV_EEPIS/install/ddmr_description/share/ddmr_description/urdf
[9.568s] symbolically linking /home/orsted/AGV_EEPIS/build/ddmr_description/urdf/materials.xacro -> /home/orsted/AGV_EEPIS/install/ddmr_description/share/ddmr_description/urdf
[9.568s] symbolically linking /home/orsted/AGV_EEPIS/build/ddmr_description/urdf/ddmr.ros2control -> /home/orsted/AGV_EEPIS/install/ddmr_description/share/ddmr_description/urdf
[9.568s] creating /home/orsted/AGV_EEPIS/install/ddmr_description/share/ddmr_description/meshes
[9.569s] symbolically linking /home/orsted/AGV_EEPIS/build/ddmr_description/meshes/rwheel.stl -> /home/orsted/AGV_EEPIS/install/ddmr_description/share/ddmr_description/meshes
[9.569s] symbolically linking /home/orsted/AGV_EEPIS/build/ddmr_description/meshes/base_link.stl -> /home/orsted/AGV_EEPIS/install/ddmr_description/share/ddmr_description/meshes
[9.569s] symbolically linking /home/orsted/AGV_EEPIS/build/ddmr_description/meshes/camera.stl -> /home/orsted/AGV_EEPIS/install/ddmr_description/share/ddmr_description/meshes
[9.569s] symbolically linking /home/orsted/AGV_EEPIS/build/ddmr_description/meshes/lwheel.stl -> /home/orsted/AGV_EEPIS/install/ddmr_description/share/ddmr_description/meshes
[9.569s] creating /home/orsted/AGV_EEPIS/install/ddmr_description/share/ddmr_description/config
[9.570s] symbolically linking /home/orsted/AGV_EEPIS/build/ddmr_description/config/ros_gz_bridge_gazebo.yaml -> /home/orsted/AGV_EEPIS/install/ddmr_description/share/ddmr_description/config
[9.570s] symbolically linking /home/orsted/AGV_EEPIS/build/ddmr_description/config/display.rviz -> /home/orsted/AGV_EEPIS/install/ddmr_description/share/ddmr_description/config
[9.570s] symbolically linking /home/orsted/AGV_EEPIS/build/ddmr_description/config/gazebo.rviz -> /home/orsted/AGV_EEPIS/install/ddmr_description/share/ddmr_description/config
[9.856s] Invoked command in '/home/orsted/AGV_EEPIS/build/ddmr_description' returned '0': DEBUGINFOD_URLS=https://debuginfod.ubuntu.com PYTHONPATH=/home/orsted/AGV_EEPIS/build/ddmr_description/prefix_override:/usr/lib/python3/dist-packages/colcon_core/task/python/colcon_distutils_commands:/home/orsted/AGV_EEPIS/install/ddmr_description/lib/python3.12/site-packages:${PYTHONPATH} /usr/bin/python3 -W ignore:setup.py install is deprecated -W ignore:easy_install command is deprecated setup.py develop --editable --build-directory /home/orsted/AGV_EEPIS/build/ddmr_description/build --no-deps symlink_data
