[6.747s] Invoking command in '/home/orsted/AGV_EEPIS/build/canbus': DEBUGINFOD_URLS=https://debuginfod.ubuntu.com PYTHONPATH=/home/orsted/AGV_EEPIS/build/canbus/prefix_override:/usr/lib/python3/dist-packages/colcon_core/task/python/colcon_distutils_commands:/home/orsted/AGV_EEPIS/install/canbus/lib/python3.12/site-packages:${PYTHONPATH} /usr/bin/python3 -W ignore:setup.py install is deprecated -W ignore:easy_install command is deprecated setup.py develop --editable --build-directory /home/orsted/AGV_EEPIS/build/canbus/build --no-deps symlink_data
[7.926s] running develop
[8.560s] running egg_info
[8.560s] creating canbus.egg-info
[8.632s] writing canbus.egg-info/PKG-INFO
[8.633s] writing dependency_links to canbus.egg-info/dependency_links.txt
[8.638s] writing entry points to canbus.egg-info/entry_points.txt
[8.638s] writing requirements to canbus.egg-info/requires.txt
[8.639s] writing top-level names to canbus.egg-info/top_level.txt
[8.639s] writing manifest file 'canbus.egg-info/SOURCES.txt'
[8.765s] reading manifest file 'canbus.egg-info/SOURCES.txt'
[8.767s] writing manifest file 'canbus.egg-info/SOURCES.txt'
[8.856s] running build_ext
[8.856s] Creating /home/orsted/AGV_EEPIS/install/canbus/lib/python3.12/site-packages/canbus.egg-link (link to .)
[8.856s] Installing canbus_node script to /home/orsted/AGV_EEPIS/install/canbus/lib/canbus
[8.857s] 
[8.857s] Installed /home/orsted/AGV_EEPIS/build/canbus
[8.857s] running symlink_data
[8.857s] creating /home/orsted/AGV_EEPIS/install/canbus/share/ament_index
[8.857s] creating /home/orsted/AGV_EEPIS/install/canbus/share/ament_index/resource_index
[8.857s] creating /home/orsted/AGV_EEPIS/install/canbus/share/ament_index/resource_index/packages
[8.858s] symbolically linking /home/orsted/AGV_EEPIS/build/canbus/resource/canbus -> /home/orsted/AGV_EEPIS/install/canbus/share/ament_index/resource_index/packages
[8.862s] symbolically linking /home/orsted/AGV_EEPIS/build/canbus/package.xml -> /home/orsted/AGV_EEPIS/install/canbus/share/canbus
[8.862s] creating /home/orsted/AGV_EEPIS/install/canbus/share/canbus/launch
[8.862s] symbolically linking /home/orsted/AGV_EEPIS/build/canbus/launch/canbus.launch.py -> /home/orsted/AGV_EEPIS/install/canbus/share/canbus/launch
[9.879s] Invoked command in '/home/orsted/AGV_EEPIS/build/canbus' returned '0': DEBUGINFOD_URLS=https://debuginfod.ubuntu.com PYTHONPATH=/home/orsted/AGV_EEPIS/build/canbus/prefix_override:/usr/lib/python3/dist-packages/colcon_core/task/python/colcon_distutils_commands:/home/orsted/AGV_EEPIS/install/canbus/lib/python3.12/site-packages:${PYTHONPATH} /usr/bin/python3 -W ignore:setup.py install is deprecated -W ignore:easy_install command is deprecated setup.py develop --editable --build-directory /home/orsted/AGV_EEPIS/build/canbus/build --no-deps symlink_data
