[1.804s] Invoking command in '/home/orsted-793/Documents/AGV_EEPIS/build/drive_controller': DEBUGINFOD_URLS=https://debuginfod.ubuntu.com PYTHONPATH=/home/orsted-793/Documents/AGV_EEPIS/build/drive_controller/prefix_override:/usr/lib/python3/dist-packages/colcon_core/task/python/colcon_distutils_commands:/home/orsted-793/Documents/AGV_EEPIS/install/drive_controller/lib/python3.12/site-packages:${PYTHONPATH} /usr/bin/python3 -W ignore:setup.py install is deprecated -W ignore:easy_install command is deprecated setup.py develop --editable --build-directory /home/orsted-793/Documents/AGV_EEPIS/build/drive_controller/build --no-deps symlink_data
[2.297s] running develop
[2.585s] running egg_info
[2.585s] creating drive_controller.egg-info
[2.614s] writing drive_controller.egg-info/PKG-INFO
[2.615s] writing dependency_links to drive_controller.egg-info/dependency_links.txt
[2.616s] writing entry points to drive_controller.egg-info/entry_points.txt
[2.616s] writing requirements to drive_controller.egg-info/requires.txt
[2.616s] writing top-level names to drive_controller.egg-info/top_level.txt
[2.616s] writing manifest file 'drive_controller.egg-info/SOURCES.txt'
[2.675s] reading manifest file 'drive_controller.egg-info/SOURCES.txt'
[2.675s] writing manifest file 'drive_controller.egg-info/SOURCES.txt'
[2.704s] running build_ext
[2.704s] Creating /home/orsted-793/Documents/AGV_EEPIS/install/drive_controller/lib/python3.12/site-packages/drive-controller.egg-link (link to .)
[2.705s] Installing kinematics_node script to /home/orsted-793/Documents/AGV_EEPIS/install/drive_controller/lib/drive_controller
[2.707s] 
[2.709s] Installed /home/orsted-793/Documents/AGV_EEPIS/build/drive_controller
[2.709s] running symlink_data
[2.709s] creating /home/orsted-793/Documents/AGV_EEPIS/install/drive_controller/share/ament_index
[2.710s] creating /home/orsted-793/Documents/AGV_EEPIS/install/drive_controller/share/ament_index/resource_index
[2.710s] creating /home/orsted-793/Documents/AGV_EEPIS/install/drive_controller/share/ament_index/resource_index/packages
[2.710s] symbolically linking /home/orsted-793/Documents/AGV_EEPIS/build/drive_controller/resource/drive_controller -> /home/orsted-793/Documents/AGV_EEPIS/install/drive_controller/share/ament_index/resource_index/packages
[2.710s] symbolically linking /home/orsted-793/Documents/AGV_EEPIS/build/drive_controller/package.xml -> /home/orsted-793/Documents/AGV_EEPIS/install/drive_controller/share/drive_controller
[2.710s] creating /home/orsted-793/Documents/AGV_EEPIS/install/drive_controller/share/drive_controller/launch
[2.710s] symbolically linking /home/orsted-793/Documents/AGV_EEPIS/build/drive_controller/launch/bringup.launch.py -> /home/orsted-793/Documents/AGV_EEPIS/install/drive_controller/share/drive_controller/launch
[2.710s] creating /home/orsted-793/Documents/AGV_EEPIS/install/drive_controller/share/drive_controller/config
[2.964s] Invoked command in '/home/orsted-793/Documents/AGV_EEPIS/build/drive_controller' returned '0': DEBUGINFOD_URLS=https://debuginfod.ubuntu.com PYTHONPATH=/home/orsted-793/Documents/AGV_EEPIS/build/drive_controller/prefix_override:/usr/lib/python3/dist-packages/colcon_core/task/python/colcon_distutils_commands:/home/orsted-793/Documents/AGV_EEPIS/install/drive_controller/lib/python3.12/site-packages:${PYTHONPATH} /usr/bin/python3 -W ignore:setup.py install is deprecated -W ignore:easy_install command is deprecated setup.py develop --editable --build-directory /home/orsted-793/Documents/AGV_EEPIS/build/drive_controller/build --no-deps symlink_data
