[0.131s] DEBUG:colcon:Command line arguments: ['/usr/bin/colcon', 'build', '--symlink']
[0.131s] DEBUG:colcon:Parsed command line arguments: Namespace(log_base=None, log_level=None, verb_name='build', build_base='build', install_base='install', merge_install=False, symlink_install=True, test_result_base=None, continue_on_error=False, executor='parallel', parallel_workers=2, event_handlers=None, ignore_user_meta=False, metas=['./colcon.meta'], base_paths=['.'], packages_ignore=None, packages_ignore_regex=None, paths=None, packages_up_to=None, packages_up_to_regex=None, packages_above=None, packages_above_and_dependencies=None, packages_above_depth=None, packages_select_by_dep=None, packages_skip_by_dep=None, packages_skip_up_to=None, packages_select_build_failed=False, packages_skip_build_finished=False, packages_select_test_failures=False, packages_skip_test_passed=False, packages_select=None, packages_skip=None, packages_select_regex=None, packages_skip_regex=None, packages_start=None, packages_end=None, cmake_args=None, cmake_target=None, cmake_target_skip_unavailable=False, cmake_clean_cache=False, cmake_clean_first=False, cmake_force_configure=False, ament_cmake_args=None, catkin_cmake_args=None, catkin_skip_building_tests=False, verb_parser=<colcon_defaults.argument_parser.defaults.DefaultArgumentsDecorator object at 0x7bda0a421a90>, verb_extension=<colcon_core.verb.build.BuildVerb object at 0x7bda0a4210d0>, main=<bound method BuildVerb.main of <colcon_core.verb.build.BuildVerb object at 0x7bda0a4210d0>>)
[0.191s] Level 1:colcon.colcon_core.package_discovery:discover_packages(colcon_meta) check parameters
[0.191s] Level 1:colcon.colcon_core.package_discovery:discover_packages(recursive) check parameters
[0.191s] Level 1:colcon.colcon_core.package_discovery:discover_packages(ignore) check parameters
[0.191s] Level 1:colcon.colcon_core.package_discovery:discover_packages(path) check parameters
[0.191s] Level 1:colcon.colcon_core.package_discovery:discover_packages(colcon_meta) discover
[0.191s] Level 1:colcon.colcon_core.package_discovery:discover_packages(recursive) discover
[0.191s] INFO:colcon.colcon_core.package_discovery:Crawling recursively for packages in '/home/orsted-793/Documents/AGV_EEPIS'
[0.191s] Level 1:colcon.colcon_core.package_identification:_identify(.) by extensions ['ignore', 'ignore_ament_install']
[0.192s] Level 1:colcon.colcon_core.package_identification:_identify(.) by extension 'ignore'
[0.192s] Level 1:colcon.colcon_core.package_identification:_identify(.) by extension 'ignore_ament_install'
[0.192s] Level 1:colcon.colcon_core.package_identification:_identify(.) by extensions ['colcon_pkg']
[0.192s] Level 1:colcon.colcon_core.package_identification:_identify(.) by extension 'colcon_pkg'
[0.192s] Level 1:colcon.colcon_core.package_identification:_identify(.) by extensions ['colcon_meta']
[0.192s] Level 1:colcon.colcon_core.package_identification:_identify(.) by extension 'colcon_meta'
[0.192s] Level 1:colcon.colcon_core.package_identification:_identify(.) by extensions ['ros']
[0.192s] Level 1:colcon.colcon_core.package_identification:_identify(.) by extension 'ros'
[0.250s] Level 1:colcon.colcon_core.package_identification:_identify(.) by extensions ['cmake', 'python']
[0.250s] Level 1:colcon.colcon_core.package_identification:_identify(.) by extension 'cmake'
[0.250s] Level 1:colcon.colcon_core.package_identification:_identify(.) by extension 'python'
[0.251s] Level 1:colcon.colcon_core.package_identification:_identify(.) by extensions ['python_setup_py']
[0.251s] Level 1:colcon.colcon_core.package_identification:_identify(.) by extension 'python_setup_py'
[0.251s] Level 1:colcon.colcon_core.package_identification:_identify(build) by extensions ['ignore', 'ignore_ament_install']
[0.251s] Level 1:colcon.colcon_core.package_identification:_identify(build) by extension 'ignore'
[0.251s] Level 1:colcon.colcon_core.package_identification:_identify(build) ignored
[0.252s] Level 1:colcon.colcon_core.package_identification:_identify(install) by extensions ['ignore', 'ignore_ament_install']
[0.252s] Level 1:colcon.colcon_core.package_identification:_identify(install) by extension 'ignore'
[0.252s] Level 1:colcon.colcon_core.package_identification:_identify(install) ignored
[0.253s] Level 1:colcon.colcon_core.package_identification:_identify(log) by extensions ['ignore', 'ignore_ament_install']
[0.253s] Level 1:colcon.colcon_core.package_identification:_identify(log) by extension 'ignore'
[0.253s] Level 1:colcon.colcon_core.package_identification:_identify(log) ignored
[0.253s] Level 1:colcon.colcon_core.package_identification:_identify(src) by extensions ['ignore', 'ignore_ament_install']
[0.254s] Level 1:colcon.colcon_core.package_identification:_identify(src) by extension 'ignore'
[0.254s] Level 1:colcon.colcon_core.package_identification:_identify(src) by extension 'ignore_ament_install'
[0.254s] Level 1:colcon.colcon_core.package_identification:_identify(src) by extensions ['colcon_pkg']
[0.254s] Level 1:colcon.colcon_core.package_identification:_identify(src) by extension 'colcon_pkg'
[0.254s] Level 1:colcon.colcon_core.package_identification:_identify(src) by extensions ['colcon_meta']
[0.254s] Level 1:colcon.colcon_core.package_identification:_identify(src) by extension 'colcon_meta'
[0.254s] Level 1:colcon.colcon_core.package_identification:_identify(src) by extensions ['ros']
[0.256s] Level 1:colcon.colcon_core.package_identification:_identify(src) by extension 'ros'
[0.256s] Level 1:colcon.colcon_core.package_identification:_identify(src) by extensions ['cmake', 'python']
[0.256s] Level 1:colcon.colcon_core.package_identification:_identify(src) by extension 'cmake'
[0.256s] Level 1:colcon.colcon_core.package_identification:_identify(src) by extension 'python'
[0.256s] Level 1:colcon.colcon_core.package_identification:_identify(src) by extensions ['python_setup_py']
[0.256s] Level 1:colcon.colcon_core.package_identification:_identify(src) by extension 'python_setup_py'
[0.257s] Level 1:colcon.colcon_core.package_identification:_identify(src/bringup) by extensions ['ignore', 'ignore_ament_install']
[0.257s] Level 1:colcon.colcon_core.package_identification:_identify(src/bringup) by extension 'ignore'
[0.257s] Level 1:colcon.colcon_core.package_identification:_identify(src/bringup) by extension 'ignore_ament_install'
[0.257s] Level 1:colcon.colcon_core.package_identification:_identify(src/bringup) by extensions ['colcon_pkg']
[0.257s] Level 1:colcon.colcon_core.package_identification:_identify(src/bringup) by extension 'colcon_pkg'
[0.257s] Level 1:colcon.colcon_core.package_identification:_identify(src/bringup) by extensions ['colcon_meta']
[0.257s] Level 1:colcon.colcon_core.package_identification:_identify(src/bringup) by extension 'colcon_meta'
[0.257s] Level 1:colcon.colcon_core.package_identification:_identify(src/bringup) by extensions ['ros']
[0.257s] Level 1:colcon.colcon_core.package_identification:_identify(src/bringup) by extension 'ros'
[0.269s] DEBUG:colcon.colcon_core.package_identification:Package 'src/bringup' with type 'ros.ament_python' and name 'bringup'
[0.269s] Level 1:colcon.colcon_core.package_identification:_identify(src/drive_controller) by extensions ['ignore', 'ignore_ament_install']
[0.269s] Level 1:colcon.colcon_core.package_identification:_identify(src/drive_controller) by extension 'ignore'
[0.269s] Level 1:colcon.colcon_core.package_identification:_identify(src/drive_controller) by extension 'ignore_ament_install'
[0.270s] Level 1:colcon.colcon_core.package_identification:_identify(src/drive_controller) by extensions ['colcon_pkg']
[0.270s] Level 1:colcon.colcon_core.package_identification:_identify(src/drive_controller) by extension 'colcon_pkg'
[0.270s] Level 1:colcon.colcon_core.package_identification:_identify(src/drive_controller) by extensions ['colcon_meta']
[0.270s] Level 1:colcon.colcon_core.package_identification:_identify(src/drive_controller) by extension 'colcon_meta'
[0.270s] Level 1:colcon.colcon_core.package_identification:_identify(src/drive_controller) by extensions ['ros']
[0.270s] Level 1:colcon.colcon_core.package_identification:_identify(src/drive_controller) by extension 'ros'
[0.271s] DEBUG:colcon.colcon_core.package_identification:Package 'src/drive_controller' with type 'ros.ament_python' and name 'drive_controller'
[0.272s] Level 1:colcon.colcon_core.package_identification:_identify(src/model_description) by extensions ['ignore', 'ignore_ament_install']
[0.272s] Level 1:colcon.colcon_core.package_identification:_identify(src/model_description) by extension 'ignore'
[0.272s] Level 1:colcon.colcon_core.package_identification:_identify(src/model_description) by extension 'ignore_ament_install'
[0.273s] Level 1:colcon.colcon_core.package_identification:_identify(src/model_description) by extensions ['colcon_pkg']
[0.273s] Level 1:colcon.colcon_core.package_identification:_identify(src/model_description) by extension 'colcon_pkg'
[0.273s] Level 1:colcon.colcon_core.package_identification:_identify(src/model_description) by extensions ['colcon_meta']
[0.273s] Level 1:colcon.colcon_core.package_identification:_identify(src/model_description) by extension 'colcon_meta'
[0.273s] Level 1:colcon.colcon_core.package_identification:_identify(src/model_description) by extensions ['ros']
[0.274s] Level 1:colcon.colcon_core.package_identification:_identify(src/model_description) by extension 'ros'
[0.276s] DEBUG:colcon.colcon_core.package_identification:Package 'src/model_description' with type 'ros.ament_python' and name 'model_description'
[0.276s] Level 1:colcon.colcon_core.package_discovery:discover_packages(recursive) using defaults
[0.276s] Level 1:colcon.colcon_core.package_discovery:discover_packages(ignore) discover
[0.276s] Level 1:colcon.colcon_core.package_discovery:discover_packages(ignore) using defaults
[0.276s] Level 1:colcon.colcon_core.package_discovery:discover_packages(path) discover
[0.276s] Level 1:colcon.colcon_core.package_discovery:discover_packages(path) using defaults
[0.333s] Level 5:colcon.colcon_core.verb:set package 'bringup' build argument 'cmake_args' from command line to 'None'
[0.335s] Level 5:colcon.colcon_core.verb:set package 'bringup' build argument 'cmake_target' from command line to 'None'
[0.335s] Level 5:colcon.colcon_core.verb:set package 'bringup' build argument 'cmake_target_skip_unavailable' from command line to 'False'
[0.335s] Level 5:colcon.colcon_core.verb:set package 'bringup' build argument 'cmake_clean_cache' from command line to 'False'
[0.335s] Level 5:colcon.colcon_core.verb:set package 'bringup' build argument 'cmake_clean_first' from command line to 'False'
[0.335s] Level 5:colcon.colcon_core.verb:set package 'bringup' build argument 'cmake_force_configure' from command line to 'False'
[0.335s] Level 5:colcon.colcon_core.verb:set package 'bringup' build argument 'ament_cmake_args' from command line to 'None'
[0.335s] Level 5:colcon.colcon_core.verb:set package 'bringup' build argument 'catkin_cmake_args' from command line to 'None'
[0.335s] Level 5:colcon.colcon_core.verb:set package 'bringup' build argument 'catkin_skip_building_tests' from command line to 'False'
[0.335s] DEBUG:colcon.colcon_core.verb:Building package 'bringup' with the following arguments: {'ament_cmake_args': None, 'build_base': '/home/orsted-793/Documents/AGV_EEPIS/build/bringup', 'catkin_cmake_args': None, 'catkin_skip_building_tests': False, 'cmake_args': None, 'cmake_clean_cache': False, 'cmake_clean_first': False, 'cmake_force_configure': False, 'cmake_target': None, 'cmake_target_skip_unavailable': False, 'install_base': '/home/orsted-793/Documents/AGV_EEPIS/install/bringup', 'merge_install': False, 'path': '/home/orsted-793/Documents/AGV_EEPIS/src/bringup', 'symlink_install': True, 'test_result_base': None}
[0.337s] Level 5:colcon.colcon_core.verb:set package 'drive_controller' build argument 'cmake_args' from command line to 'None'
[0.337s] Level 5:colcon.colcon_core.verb:set package 'drive_controller' build argument 'cmake_target' from command line to 'None'
[0.337s] Level 5:colcon.colcon_core.verb:set package 'drive_controller' build argument 'cmake_target_skip_unavailable' from command line to 'False'
[0.337s] Level 5:colcon.colcon_core.verb:set package 'drive_controller' build argument 'cmake_clean_cache' from command line to 'False'
[0.337s] Level 5:colcon.colcon_core.verb:set package 'drive_controller' build argument 'cmake_clean_first' from command line to 'False'
[0.337s] Level 5:colcon.colcon_core.verb:set package 'drive_controller' build argument 'cmake_force_configure' from command line to 'False'
[0.338s] Level 5:colcon.colcon_core.verb:set package 'drive_controller' build argument 'ament_cmake_args' from command line to 'None'
[0.338s] Level 5:colcon.colcon_core.verb:set package 'drive_controller' build argument 'catkin_cmake_args' from command line to 'None'
[0.338s] Level 5:colcon.colcon_core.verb:set package 'drive_controller' build argument 'catkin_skip_building_tests' from command line to 'False'
[0.338s] DEBUG:colcon.colcon_core.verb:Building package 'drive_controller' with the following arguments: {'ament_cmake_args': None, 'build_base': '/home/orsted-793/Documents/AGV_EEPIS/build/drive_controller', 'catkin_cmake_args': None, 'catkin_skip_building_tests': False, 'cmake_args': None, 'cmake_clean_cache': False, 'cmake_clean_first': False, 'cmake_force_configure': False, 'cmake_target': None, 'cmake_target_skip_unavailable': False, 'install_base': '/home/orsted-793/Documents/AGV_EEPIS/install/drive_controller', 'merge_install': False, 'path': '/home/orsted-793/Documents/AGV_EEPIS/src/drive_controller', 'symlink_install': True, 'test_result_base': None}
[0.339s] Level 5:colcon.colcon_core.verb:set package 'model_description' build argument 'cmake_args' from command line to 'None'
[0.339s] Level 5:colcon.colcon_core.verb:set package 'model_description' build argument 'cmake_target' from command line to 'None'
[0.339s] Level 5:colcon.colcon_core.verb:set package 'model_description' build argument 'cmake_target_skip_unavailable' from command line to 'False'
[0.339s] Level 5:colcon.colcon_core.verb:set package 'model_description' build argument 'cmake_clean_cache' from command line to 'False'
[0.339s] Level 5:colcon.colcon_core.verb:set package 'model_description' build argument 'cmake_clean_first' from command line to 'False'
[0.339s] Level 5:colcon.colcon_core.verb:set package 'model_description' build argument 'cmake_force_configure' from command line to 'False'
[0.339s] Level 5:colcon.colcon_core.verb:set package 'model_description' build argument 'ament_cmake_args' from command line to 'None'
[0.339s] Level 5:colcon.colcon_core.verb:set package 'model_description' build argument 'catkin_cmake_args' from command line to 'None'
[0.339s] Level 5:colcon.colcon_core.verb:set package 'model_description' build argument 'catkin_skip_building_tests' from command line to 'False'
[0.339s] DEBUG:colcon.colcon_core.verb:Building package 'model_description' with the following arguments: {'ament_cmake_args': None, 'build_base': '/home/orsted-793/Documents/AGV_EEPIS/build/model_description', 'catkin_cmake_args': None, 'catkin_skip_building_tests': False, 'cmake_args': None, 'cmake_clean_cache': False, 'cmake_clean_first': False, 'cmake_force_configure': False, 'cmake_target': None, 'cmake_target_skip_unavailable': False, 'install_base': '/home/orsted-793/Documents/AGV_EEPIS/install/model_description', 'merge_install': False, 'path': '/home/orsted-793/Documents/AGV_EEPIS/src/model_description', 'symlink_install': True, 'test_result_base': None}
[0.340s] INFO:colcon.colcon_core.executor:Executing jobs using 'parallel' executor
[0.344s] DEBUG:colcon.colcon_parallel_executor.executor.parallel:run_until_complete
[0.347s] INFO:colcon.colcon_ros.task.ament_python.build:Building ROS package in '/home/orsted-793/Documents/AGV_EEPIS/src/bringup' with build type 'ament_python'
[0.348s] Level 1:colcon.colcon_core.shell:create_environment_hook('bringup', 'ament_prefix_path')
[0.358s] INFO:colcon.colcon_core.plugin_system:Skipping extension 'colcon_core.shell.bat': Not used on non-Windows systems
[0.358s] INFO:colcon.colcon_core.shell:Creating environment descriptor '/home/orsted-793/Documents/AGV_EEPIS/install/bringup/share/bringup/hook/ament_prefix_path.dsv'
[0.360s] INFO:colcon.colcon_core.shell:Creating environment hook '/home/orsted-793/Documents/AGV_EEPIS/install/bringup/share/bringup/hook/ament_prefix_path.sh'
[0.362s] DEBUG:colcon.colcon_core.shell:Skip shell extension 'dsv' for command environment
[0.365s] WARNING:colcon.colcon_ros.prefix_path.ament:The path '/home/orsted-793/Documents/AGV_EEPIS/install/drive_controller' in the environment variable AMENT_PREFIX_PATH doesn't exist
[0.365s] WARNING:colcon.colcon_ros.prefix_path.ament:The path '/home/orsted-793/Documents/AGV_EEPIS/install/model_description' in the environment variable AMENT_PREFIX_PATH doesn't exist
[0.376s] INFO:colcon.colcon_ros.task.ament_python.build:Building ROS package in '/home/orsted-793/Documents/AGV_EEPIS/src/drive_controller' with build type 'ament_python'
[0.376s] Level 1:colcon.colcon_core.shell:create_environment_hook('drive_controller', 'ament_prefix_path')
[0.376s] INFO:colcon.colcon_core.shell:Creating environment descriptor '/home/orsted-793/Documents/AGV_EEPIS/install/drive_controller/share/drive_controller/hook/ament_prefix_path.dsv'
[0.379s] INFO:colcon.colcon_core.shell:Creating environment hook '/home/orsted-793/Documents/AGV_EEPIS/install/drive_controller/share/drive_controller/hook/ament_prefix_path.sh'
[0.382s] DEBUG:colcon.colcon_core.shell:Skip shell extension 'dsv' for command environment
[0.788s] INFO:colcon.colcon_core.task.python.build:Building Python package in '/home/orsted-793/Documents/AGV_EEPIS/src/bringup'
[0.789s] DEBUG:colcon.colcon_core.shell:Skip shell extension 'dsv' for command environment
[1.128s] INFO:colcon.colcon_core.task.python.build:Building Python package in '/home/orsted-793/Documents/AGV_EEPIS/src/drive_controller'
[1.129s] DEBUG:colcon.colcon_core.shell:Skip shell extension 'dsv' for command environment
[2.227s] DEBUG:colcon.colcon_core.event_handler.log_command:Invoking command in '/home/orsted-793/Documents/AGV_EEPIS/build/bringup': DEBUGINFOD_URLS=https://debuginfod.ubuntu.com PYTHONPATH=/home/orsted-793/Documents/AGV_EEPIS/build/bringup/prefix_override:/usr/lib/python3/dist-packages/colcon_core/task/python/colcon_distutils_commands:/home/orsted-793/Documents/AGV_EEPIS/install/bringup/lib/python3.12/site-packages:${PYTHONPATH} /usr/bin/python3 -W ignore:setup.py install is deprecated -W ignore:easy_install command is deprecated setup.py develop --editable --build-directory /home/orsted-793/Documents/AGV_EEPIS/build/bringup/build --no-deps symlink_data
[2.710s] DEBUG:colcon.colcon_core.event_handler.log_command:Invoking command in '/home/orsted-793/Documents/AGV_EEPIS/build/drive_controller': DEBUGINFOD_URLS=https://debuginfod.ubuntu.com PYTHONPATH=/home/orsted-793/Documents/AGV_EEPIS/build/drive_controller/prefix_override:/usr/lib/python3/dist-packages/colcon_core/task/python/colcon_distutils_commands:/home/orsted-793/Documents/AGV_EEPIS/install/drive_controller/lib/python3.12/site-packages:${PYTHONPATH} /usr/bin/python3 -W ignore:setup.py install is deprecated -W ignore:easy_install command is deprecated setup.py develop --editable --build-directory /home/orsted-793/Documents/AGV_EEPIS/build/drive_controller/build --no-deps symlink_data
[3.198s] Level 1:colcon.colcon_core.shell:create_environment_hook('bringup', 'pythonpath_develop')
[3.198s] INFO:colcon.colcon_core.shell:Creating environment descriptor '/home/orsted-793/Documents/AGV_EEPIS/build/bringup/share/bringup/hook/pythonpath_develop.dsv'
[3.198s] DEBUG:colcon.colcon_core.event_handler.log_command:Invoked command in '/home/orsted-793/Documents/AGV_EEPIS/build/bringup' returned '0': DEBUGINFOD_URLS=https://debuginfod.ubuntu.com PYTHONPATH=/home/orsted-793/Documents/AGV_EEPIS/build/bringup/prefix_override:/usr/lib/python3/dist-packages/colcon_core/task/python/colcon_distutils_commands:/home/orsted-793/Documents/AGV_EEPIS/install/bringup/lib/python3.12/site-packages:${PYTHONPATH} /usr/bin/python3 -W ignore:setup.py install is deprecated -W ignore:easy_install command is deprecated setup.py develop --editable --build-directory /home/orsted-793/Documents/AGV_EEPIS/build/bringup/build --no-deps symlink_data
[3.199s] INFO:colcon.colcon_core.shell:Creating environment hook '/home/orsted-793/Documents/AGV_EEPIS/build/bringup/share/bringup/hook/pythonpath_develop.sh'
[3.203s] Level 1:colcon.colcon_core.environment:checking '/home/orsted-793/Documents/AGV_EEPIS/install/bringup' for CMake module files
[3.203s] Level 1:colcon.colcon_core.environment:checking '/home/orsted-793/Documents/AGV_EEPIS/install/bringup' for CMake config files
[3.204s] Level 1:colcon.colcon_core.environment:checking '/home/orsted-793/Documents/AGV_EEPIS/install/bringup/lib'
[3.204s] Level 1:colcon.colcon_core.environment:checking '/home/orsted-793/Documents/AGV_EEPIS/install/bringup/bin'
[3.204s] Level 1:colcon.colcon_core.environment:checking '/home/orsted-793/Documents/AGV_EEPIS/install/bringup/lib/pkgconfig/bringup.pc'
[3.205s] Level 1:colcon.colcon_core.environment:checking '/home/orsted-793/Documents/AGV_EEPIS/install/bringup/lib/python3.12/site-packages'
[3.205s] Level 1:colcon.colcon_core.shell:create_environment_hook('bringup', 'pythonpath')
[3.205s] INFO:colcon.colcon_core.shell:Creating environment descriptor '/home/orsted-793/Documents/AGV_EEPIS/install/bringup/share/bringup/hook/pythonpath.dsv'
[3.205s] INFO:colcon.colcon_core.shell:Creating environment hook '/home/orsted-793/Documents/AGV_EEPIS/install/bringup/share/bringup/hook/pythonpath.sh'
[3.206s] Level 1:colcon.colcon_core.environment:checking '/home/orsted-793/Documents/AGV_EEPIS/install/bringup/bin'
[3.206s] Level 1:colcon.colcon_core.environment:create_environment_scripts_only(bringup)
[3.207s] INFO:colcon.colcon_core.shell:Creating package descriptor '/home/orsted-793/Documents/AGV_EEPIS/install/bringup/share/bringup/package.dsv'
[3.207s] INFO:colcon.colcon_core.shell:Creating package script '/home/orsted-793/Documents/AGV_EEPIS/install/bringup/share/bringup/package.sh'
[3.209s] INFO:colcon.colcon_core.shell:Creating package script '/home/orsted-793/Documents/AGV_EEPIS/install/bringup/share/bringup/package.bash'
[3.209s] INFO:colcon.colcon_core.shell:Creating package script '/home/orsted-793/Documents/AGV_EEPIS/install/bringup/share/bringup/package.zsh'
[3.210s] Level 1:colcon.colcon_core.environment:create_file_with_runtime_dependencies(/home/orsted-793/Documents/AGV_EEPIS/install/bringup/share/colcon-core/packages/bringup)
[3.210s] INFO:colcon.colcon_ros.task.ament_python.build:Building ROS package in '/home/orsted-793/Documents/AGV_EEPIS/src/model_description' with build type 'ament_python'
[3.211s] Level 1:colcon.colcon_core.shell:create_environment_hook('model_description', 'ament_prefix_path')
[3.211s] INFO:colcon.colcon_core.shell:Creating environment descriptor '/home/orsted-793/Documents/AGV_EEPIS/install/model_description/share/model_description/hook/ament_prefix_path.dsv'
[3.212s] INFO:colcon.colcon_core.shell:Creating environment hook '/home/orsted-793/Documents/AGV_EEPIS/install/model_description/share/model_description/hook/ament_prefix_path.sh'
[3.213s] DEBUG:colcon.colcon_core.shell:Skip shell extension 'dsv' for command environment
[3.527s] INFO:colcon.colcon_core.task.python.build:Building Python package in '/home/orsted-793/Documents/AGV_EEPIS/src/model_description'
[3.527s] DEBUG:colcon.colcon_core.shell:Skip shell extension 'dsv' for command environment
[4.369s] Level 1:colcon.colcon_core.shell:create_environment_hook('drive_controller', 'pythonpath_develop')
[4.369s] INFO:colcon.colcon_core.shell:Creating environment descriptor '/home/orsted-793/Documents/AGV_EEPIS/build/drive_controller/share/drive_controller/hook/pythonpath_develop.dsv'
[4.370s] DEBUG:colcon.colcon_core.event_handler.log_command:Invoked command in '/home/orsted-793/Documents/AGV_EEPIS/build/drive_controller' returned '0': DEBUGINFOD_URLS=https://debuginfod.ubuntu.com PYTHONPATH=/home/orsted-793/Documents/AGV_EEPIS/build/drive_controller/prefix_override:/usr/lib/python3/dist-packages/colcon_core/task/python/colcon_distutils_commands:/home/orsted-793/Documents/AGV_EEPIS/install/drive_controller/lib/python3.12/site-packages:${PYTHONPATH} /usr/bin/python3 -W ignore:setup.py install is deprecated -W ignore:easy_install command is deprecated setup.py develop --editable --build-directory /home/orsted-793/Documents/AGV_EEPIS/build/drive_controller/build --no-deps symlink_data
[4.370s] INFO:colcon.colcon_core.shell:Creating environment hook '/home/orsted-793/Documents/AGV_EEPIS/build/drive_controller/share/drive_controller/hook/pythonpath_develop.sh'
[4.371s] Level 1:colcon.colcon_core.environment:checking '/home/orsted-793/Documents/AGV_EEPIS/install/drive_controller' for CMake module files
[4.372s] Level 1:colcon.colcon_core.environment:checking '/home/orsted-793/Documents/AGV_EEPIS/install/drive_controller' for CMake config files
[4.374s] Level 1:colcon.colcon_core.environment:checking '/home/orsted-793/Documents/AGV_EEPIS/install/drive_controller/lib'
[4.374s] Level 1:colcon.colcon_core.environment:checking '/home/orsted-793/Documents/AGV_EEPIS/install/drive_controller/bin'
[4.374s] Level 1:colcon.colcon_core.environment:checking '/home/orsted-793/Documents/AGV_EEPIS/install/drive_controller/lib/pkgconfig/drive_controller.pc'
[4.375s] Level 1:colcon.colcon_core.environment:checking '/home/orsted-793/Documents/AGV_EEPIS/install/drive_controller/lib/python3.12/site-packages'
[4.375s] Level 1:colcon.colcon_core.shell:create_environment_hook('drive_controller', 'pythonpath')
[4.376s] INFO:colcon.colcon_core.shell:Creating environment descriptor '/home/orsted-793/Documents/AGV_EEPIS/install/drive_controller/share/drive_controller/hook/pythonpath.dsv'
[4.377s] INFO:colcon.colcon_core.shell:Creating environment hook '/home/orsted-793/Documents/AGV_EEPIS/install/drive_controller/share/drive_controller/hook/pythonpath.sh'
[4.379s] Level 1:colcon.colcon_core.environment:checking '/home/orsted-793/Documents/AGV_EEPIS/install/drive_controller/bin'
[4.379s] Level 1:colcon.colcon_core.environment:create_environment_scripts_only(drive_controller)
[4.380s] INFO:colcon.colcon_core.shell:Creating package descriptor '/home/orsted-793/Documents/AGV_EEPIS/install/drive_controller/share/drive_controller/package.dsv'
[4.381s] INFO:colcon.colcon_core.shell:Creating package script '/home/orsted-793/Documents/AGV_EEPIS/install/drive_controller/share/drive_controller/package.sh'
[4.383s] INFO:colcon.colcon_core.shell:Creating package script '/home/orsted-793/Documents/AGV_EEPIS/install/drive_controller/share/drive_controller/package.bash'
[4.384s] INFO:colcon.colcon_core.shell:Creating package script '/home/orsted-793/Documents/AGV_EEPIS/install/drive_controller/share/drive_controller/package.zsh'
[4.384s] Level 1:colcon.colcon_core.environment:create_file_with_runtime_dependencies(/home/orsted-793/Documents/AGV_EEPIS/install/drive_controller/share/colcon-core/packages/drive_controller)
[4.397s] DEBUG:colcon.colcon_core.event_handler.log_command:Invoking command in '/home/orsted-793/Documents/AGV_EEPIS/build/model_description': DEBUGINFOD_URLS=https://debuginfod.ubuntu.com PYTHONPATH=/home/orsted-793/Documents/AGV_EEPIS/build/model_description/prefix_override:/usr/lib/python3/dist-packages/colcon_core/task/python/colcon_distutils_commands:/home/orsted-793/Documents/AGV_EEPIS/install/model_description/lib/python3.12/site-packages:${PYTHONPATH} /usr/bin/python3 -W ignore:setup.py install is deprecated -W ignore:easy_install command is deprecated setup.py develop --editable --build-directory /home/orsted-793/Documents/AGV_EEPIS/build/model_description/build --no-deps symlink_data
[5.451s] Level 1:colcon.colcon_core.shell:create_environment_hook('model_description', 'pythonpath_develop')
[5.451s] INFO:colcon.colcon_core.shell:Creating environment descriptor '/home/orsted-793/Documents/AGV_EEPIS/build/model_description/share/model_description/hook/pythonpath_develop.dsv'
[5.452s] DEBUG:colcon.colcon_core.event_handler.log_command:Invoked command in '/home/orsted-793/Documents/AGV_EEPIS/build/model_description' returned '0': DEBUGINFOD_URLS=https://debuginfod.ubuntu.com PYTHONPATH=/home/orsted-793/Documents/AGV_EEPIS/build/model_description/prefix_override:/usr/lib/python3/dist-packages/colcon_core/task/python/colcon_distutils_commands:/home/orsted-793/Documents/AGV_EEPIS/install/model_description/lib/python3.12/site-packages:${PYTHONPATH} /usr/bin/python3 -W ignore:setup.py install is deprecated -W ignore:easy_install command is deprecated setup.py develop --editable --build-directory /home/orsted-793/Documents/AGV_EEPIS/build/model_description/build --no-deps symlink_data
[5.452s] INFO:colcon.colcon_core.shell:Creating environment hook '/home/orsted-793/Documents/AGV_EEPIS/build/model_description/share/model_description/hook/pythonpath_develop.sh'
[5.453s] Level 1:colcon.colcon_core.environment:checking '/home/orsted-793/Documents/AGV_EEPIS/install/model_description' for CMake module files
[5.453s] Level 1:colcon.colcon_core.environment:checking '/home/orsted-793/Documents/AGV_EEPIS/install/model_description' for CMake config files
[5.454s] Level 1:colcon.colcon_core.environment:checking '/home/orsted-793/Documents/AGV_EEPIS/install/model_description/lib'
[5.454s] Level 1:colcon.colcon_core.environment:checking '/home/orsted-793/Documents/AGV_EEPIS/install/model_description/bin'
[5.454s] Level 1:colcon.colcon_core.environment:checking '/home/orsted-793/Documents/AGV_EEPIS/install/model_description/lib/pkgconfig/model_description.pc'
[5.455s] Level 1:colcon.colcon_core.environment:checking '/home/orsted-793/Documents/AGV_EEPIS/install/model_description/lib/python3.12/site-packages'
[5.455s] Level 1:colcon.colcon_core.shell:create_environment_hook('model_description', 'pythonpath')
[5.455s] INFO:colcon.colcon_core.shell:Creating environment descriptor '/home/orsted-793/Documents/AGV_EEPIS/install/model_description/share/model_description/hook/pythonpath.dsv'
[5.456s] INFO:colcon.colcon_core.shell:Creating environment hook '/home/orsted-793/Documents/AGV_EEPIS/install/model_description/share/model_description/hook/pythonpath.sh'
[5.457s] Level 1:colcon.colcon_core.environment:checking '/home/orsted-793/Documents/AGV_EEPIS/install/model_description/bin'
[5.457s] Level 1:colcon.colcon_core.environment:create_environment_scripts_only(model_description)
[5.457s] INFO:colcon.colcon_core.shell:Creating package descriptor '/home/orsted-793/Documents/AGV_EEPIS/install/model_description/share/model_description/package.dsv'
[5.458s] INFO:colcon.colcon_core.shell:Creating package script '/home/orsted-793/Documents/AGV_EEPIS/install/model_description/share/model_description/package.sh'
[5.458s] INFO:colcon.colcon_core.shell:Creating package script '/home/orsted-793/Documents/AGV_EEPIS/install/model_description/share/model_description/package.bash'
[5.459s] INFO:colcon.colcon_core.shell:Creating package script '/home/orsted-793/Documents/AGV_EEPIS/install/model_description/share/model_description/package.zsh'
[5.459s] Level 1:colcon.colcon_core.environment:create_file_with_runtime_dependencies(/home/orsted-793/Documents/AGV_EEPIS/install/model_description/share/colcon-core/packages/model_description)
[5.460s] DEBUG:colcon.colcon_parallel_executor.executor.parallel:closing loop
[5.461s] DEBUG:colcon.colcon_parallel_executor.executor.parallel:loop closed
[5.461s] DEBUG:colcon.colcon_parallel_executor.executor.parallel:run_until_complete finished with '0'
[5.461s] DEBUG:colcon.colcon_core.event_reactor:joining thread
[5.478s] INFO:colcon.colcon_core.plugin_system:Skipping extension 'colcon_notification.desktop_notification.terminal_notifier': Not used on non-Darwin systems
[5.479s] INFO:colcon.colcon_core.plugin_system:Skipping extension 'colcon_notification.desktop_notification.win32': Not used on non-Windows systems
[5.479s] INFO:colcon.colcon_notification.desktop_notification:Sending desktop notification using 'notify2'
[5.532s] DEBUG:colcon.colcon_core.event_reactor:joined thread
[5.532s] INFO:colcon.colcon_core.shell:Creating prefix script '/home/orsted-793/Documents/AGV_EEPIS/install/local_setup.sh'
[5.533s] INFO:colcon.colcon_core.shell:Creating prefix util module '/home/orsted-793/Documents/AGV_EEPIS/install/_local_setup_util_sh.py'
[5.534s] INFO:colcon.colcon_core.shell:Creating prefix chain script '/home/orsted-793/Documents/AGV_EEPIS/install/setup.sh'
[5.536s] INFO:colcon.colcon_core.shell:Creating prefix script '/home/orsted-793/Documents/AGV_EEPIS/install/local_setup.bash'
[5.536s] INFO:colcon.colcon_core.shell:Creating prefix chain script '/home/orsted-793/Documents/AGV_EEPIS/install/setup.bash'
[5.538s] INFO:colcon.colcon_core.shell:Creating prefix script '/home/orsted-793/Documents/AGV_EEPIS/install/local_setup.zsh'
[5.538s] INFO:colcon.colcon_core.shell:Creating prefix chain script '/home/orsted-793/Documents/AGV_EEPIS/install/setup.zsh'
