running develop
running egg_info
creating drive_controller.egg-info
writing drive_controller.egg-info/PKG-INFO
writing dependency_links to drive_controller.egg-info/dependency_links.txt
writing entry points to drive_controller.egg-info/entry_points.txt
writing requirements to drive_controller.egg-info/requires.txt
writing top-level names to drive_controller.egg-info/top_level.txt
writing manifest file 'drive_controller.egg-info/SOURCES.txt'
reading manifest file 'drive_controller.egg-info/SOURCES.txt'
writing manifest file 'drive_controller.egg-info/SOURCES.txt'
running build_ext
Creating /home/orsted/AGV_EEPIS/install/drive_controller/lib/python3.12/site-packages/drive-controller.egg-link (link to .)
Installing kinematics_node script to /home/orsted/AGV_EEPIS/install/drive_controller/lib/drive_controller

Installed /home/orsted/AGV_EEPIS/build/drive_controller
running symlink_data
creating /home/orsted/AGV_EEPIS/install/drive_controller/share/ament_index
creating /home/orsted/AGV_EEPIS/install/drive_controller/share/ament_index/resource_index
creating /home/orsted/AGV_EEPIS/install/drive_controller/share/ament_index/resource_index/packages
symbolically linking /home/orsted/AGV_EEPIS/build/drive_controller/resource/drive_controller -> /home/orsted/AGV_EEPIS/install/drive_controller/share/ament_index/resource_index/packages
symbolically linking /home/orsted/AGV_EEPIS/build/drive_controller/package.xml -> /home/orsted/AGV_EEPIS/install/drive_controller/share/drive_controller
creating /home/orsted/AGV_EEPIS/install/drive_controller/share/drive_controller/launch
symbolically linking /home/orsted/AGV_EEPIS/build/drive_controller/launch/bringup.launch.py -> /home/orsted/AGV_EEPIS/install/drive_controller/share/drive_controller/launch
creating /home/orsted/AGV_EEPIS/install/drive_controller/share/drive_controller/config
