[5.359s] Invoking command in '/home/orsted/AGV_EEPIS/build/drive_controller': DEBUGINFOD_URLS=https://debuginfod.ubuntu.com PYTHONPATH=/home/orsted/AGV_EEPIS/build/drive_controller/prefix_override:/usr/lib/python3/dist-packages/colcon_core/task/python/colcon_distutils_commands:/home/orsted/AGV_EEPIS/install/drive_controller/lib/python3.12/site-packages:${PYTHONPATH} /usr/bin/python3 -W ignore:setup.py install is deprecated -W ignore:easy_install command is deprecated setup.py develop --editable --build-directory /home/orsted/AGV_EEPIS/build/drive_controller/build --no-deps symlink_data
[6.278s] running develop
[6.830s] running egg_info
[6.830s] creating drive_controller.egg-info
[6.884s] writing drive_controller.egg-info/PKG-INFO
[6.885s] writing dependency_links to drive_controller.egg-info/dependency_links.txt
[6.886s] writing entry points to drive_controller.egg-info/entry_points.txt
[6.886s] writing requirements to drive_controller.egg-info/requires.txt
[6.887s] writing top-level names to drive_controller.egg-info/top_level.txt
[6.887s] writing manifest file 'drive_controller.egg-info/SOURCES.txt'
[7.001s] reading manifest file 'drive_controller.egg-info/SOURCES.txt'
[7.003s] writing manifest file 'drive_controller.egg-info/SOURCES.txt'
[7.066s] running build_ext
[7.067s] Creating /home/orsted/AGV_EEPIS/install/drive_controller/lib/python3.12/site-packages/drive-controller.egg-link (link to .)
[7.068s] Installing kinematics_node script to /home/orsted/AGV_EEPIS/install/drive_controller/lib/drive_controller
[7.069s] 
[7.069s] Installed /home/orsted/AGV_EEPIS/build/drive_controller
[7.069s] running symlink_data
[7.070s] creating /home/orsted/AGV_EEPIS/install/drive_controller/share/ament_index
[7.070s] creating /home/orsted/AGV_EEPIS/install/drive_controller/share/ament_index/resource_index
[7.070s] creating /home/orsted/AGV_EEPIS/install/drive_controller/share/ament_index/resource_index/packages
[7.070s] symbolically linking /home/orsted/AGV_EEPIS/build/drive_controller/resource/drive_controller -> /home/orsted/AGV_EEPIS/install/drive_controller/share/ament_index/resource_index/packages
[7.071s] symbolically linking /home/orsted/AGV_EEPIS/build/drive_controller/package.xml -> /home/orsted/AGV_EEPIS/install/drive_controller/share/drive_controller
[7.071s] creating /home/orsted/AGV_EEPIS/install/drive_controller/share/drive_controller/launch
[7.071s] symbolically linking /home/orsted/AGV_EEPIS/build/drive_controller/launch/bringup.launch.py -> /home/orsted/AGV_EEPIS/install/drive_controller/share/drive_controller/launch
[7.071s] creating /home/orsted/AGV_EEPIS/install/drive_controller/share/drive_controller/config
[7.299s] Invoked command in '/home/orsted/AGV_EEPIS/build/drive_controller' returned '0': DEBUGINFOD_URLS=https://debuginfod.ubuntu.com PYTHONPATH=/home/orsted/AGV_EEPIS/build/drive_controller/prefix_override:/usr/lib/python3/dist-packages/colcon_core/task/python/colcon_distutils_commands:/home/orsted/AGV_EEPIS/install/drive_controller/lib/python3.12/site-packages:${PYTHONPATH} /usr/bin/python3 -W ignore:setup.py install is deprecated -W ignore:easy_install command is deprecated setup.py develop --editable --build-directory /home/orsted/AGV_EEPIS/build/drive_controller/build --no-deps symlink_data
